 Initializing surfgen
 Entering readginput().
     readinput():  Control parameters read from surfgen.in
            Atoms:     [  1  1  1  1  1  1  2  3  3  3  3  3  3  ]
            Atom Count:[  6  1  6  ]
     Loading irreducible representations....
 Entering Initialize()
   Generating atom permutations
            nPmt=                518400
   Selecting feasible permutations
      Number of feasible permutations:                     2
      Feasible Permutations List:
        Pmt #    1:  1  2  3  4  5  6  7  8  9 10 11 12 13
        Pmt #    2:  1  6  5  4  3  2  7 12 11 10  9  8 13
 
    Reading coordinate set definitions.
       generating                    33  sets
     set    1 type=   0 scaling=   0 max order=   3 note:1: stre  C1-C2 *2
     set    2 type=   0 scaling=   1 max order=   3 note:2: stre  C2-C3 *2
     set    3 type=   0 scaling=   2 max order=   3 note:3: stre  C3-C4 *2
     set    4 type=   0 scaling=   3 max order=   3 note:4: stre  C2-H8 *2
     set    5 type=   0 scaling=   4 max order=   3 note:5: stre  C3-H9 *2
     set    6 type=   0 scaling=   5 max order=   3 note:6: stre  C4-H10 *1
     set    7 type=   0 scaling=   6 max order=   3 note:7: stre  C1-O7 *1
     set    8 type=   1 scaling=   0 max order=   3 note:8:  angle C-C-C *2
     set    9 type=   1 scaling=   1 max order=   3 note:9: angle C-C-C *2
     set   10 type=   1 scaling=   0 max order=   3 note:10: angle C-C-O *2
     set   11 type=   1 scaling=   0 max order=   3 note:11: angle C-C-H *2
     set   12 type=   1 scaling=   0 max order=   3 note:12: angle C-C-H *2
     set   13 type=   1 scaling=   0 max order=   3 note:13: angle C-C-H *2
     set   14 type=  -1 scaling=   0 max order=   3 note:14: out-of-plane CCCC *1
     set   15 type=  -1 scaling=   1 max order=   3 note:15: out-of-plane CCCC *1
     set   16 type=  -1 scaling=  -1 max order=   3 note:16: out-of-plane CCCC *1
     set   17 type=  -1 scaling=   2 max order=   3 note:17: out-of-plane CCCO *1
     set   18 type=  -1 scaling=  -2 max order=   3 note:18: out-of-plane CCCH *2
     set   19 type=  -2 scaling=   3 max order=   3 note:19: out-of-plane CCCH *2
     set   20 type=  -2 scaling=  -3 max order=   3 note:20: out-of-plane CCCH *1
     set   21 type=   0 scaling=   1 max order=   3 note:21: stre  O7-H13 *1 :0.9 best.  0.7 not working
     set   22 type=   0 scaling=   1 max order=   3 note:22: stre  O7-H13 *1  : 1.7 and 1.9 not working. optimized
     set   23 type=   0 scaling=   1 max order=   3 note:23: stre  O7-H13 *1  : GAUSSIAN
     set   24 type=   0 scaling=   2 max order=   3 note:24: stre  O7-H13 *1  : GAUSSIAN
     set   25 type=   0 scaling=   6 max order=   3 note:24: stre  O7-H13 *1  : shifted yukawa
     set   26 type=   0 scaling=   3 max order=   3 note:24: stre  O7-H13 *1  : yukawa
     set   27 type=   0 scaling=   4 max order=   3 note:24: stre  O7-H13 *1  : long range yukawa
     set   28 type=   1 scaling=   2 max order=   3 note:26: angle C-O-H (cos) *1 :c2=3 not working
     set   29 type=   0 scaling=   1 max order=   3 note:27: stre H13-H8
     set   30 type=  -2 scaling=   0 max order=   3 note:28: OOP C-C-O-H *1
     set   31 type=  -3 scaling=  -2 max order=   3 note:29: 4cdp C-C-O-H *1
     set   32 type=  -3 scaling=   1 max order=   3 note:28: 4cdp C-C-O-H *1
     set   33 type=  -3 scaling=   0 max order=   3 note:28: 4cdp C-C-O-H *1
 Fitting Coordinate Sets Defined as:
    Index  Set#  Type  Scaling Atoms        Scaling Parameters
        1    1 stretch      0   1  2         0.00000000  0.00000000
        2    1 stretch      0   1  6         0.00000000  0.00000000
        3    2 stretch      1   2  3         1.50000000  0.40000000
        4    2 stretch      1   5  6         1.50000000  0.40000000
        5    3 stretch      2   3  4         1.00000000  2.00000000
        6    3 stretch      2   4  5         1.00000000  2.00000000
        7    4 stretch      3   2  8         0.50000000  2.50000000
        8    4 stretch      3   6 12         0.50000000  2.50000000
        9    5 stretch      4   3  9         1.10000000  2.30000000
       10    5 stretch      4   5 11         1.10000000  2.30000000
       11    6 stretch      5   4 10         0.90000000  3.00000000
       12    7 stretch      6   1  7         2.20000000  3.50000000
       13    8 bending      0   1  3  2      0.00000000  0.00000000
       14    8 bending      0   1  5  6      0.00000000  0.00000000
       15    9 bending      1   2  4  3      0.00000000  0.00000000
       16    9 bending      1   4  6  5      0.00000000  0.00000000
       17   10 bending      0   2  7  1      0.00000000  0.00000000
       18   10 bending      0   6  7  1      0.00000000  0.00000000
       19   11 bending      0   1  8  2      0.00000000  0.00000000
       20   11 bending      0   1 12  6      0.00000000  0.00000000
       21   12 bending      0   2  9  3      0.00000000  0.00000000
       22   12 bending      0   6 11  5      0.00000000  0.00000000
       23   13 bending      0   3 10  4      0.00000000  0.00000000
       24   13 bending      0   5 10  4      0.00000000  0.00000000
       25   14 TetrOOP      0   2  3  5  6   0.50000000  2.50000000
       26   15 TetrOOP      1   1  3  4  5   0.50000000  2.50000000
       27   16 TetrOOP     -1   1  2  4  6   0.50000000  2.50000000
       28   17 TetrOOP      2   1  2  6  7   0.50000000  2.50000000
       29   18 TetrOOP     -2   1  2  3  8   0.50000000  2.50000000
       30   18 TetrOOP     -2   1  5  6 12   0.50000000  2.50000000
       31   19 UmbrOOP      3   3  2  4  9   0.50000000  2.50000000
       32   19 UmbrOOP      3   5  4  6 11   0.50000000  2.50000000
       33   20 UmbrOOP     -3   4  3  5 10   0.50000000  2.50000000
       34   21 stretch      1   7 13         0.90000000  2.00000000
       35   22 stretch      1   7 13         1.80000000  3.00000000
       36   23 stretch      1   7 13         2.00000000  2.10000000
       37   24 stretch      2   7 13         1.70000000  2.70000000
       38   25 stretch      6   7 13         1.50000000  1.00000000
       39   26 stretch      3   7 13         1.30000000  2.00000000
       40   27 stretch      4   7 13         2.70000000  1.00000000
       41   28 bending      2   1 13  7      0.30000000  4.00000000
       42   29 stretch      1   8 13         0.60000000  3.00000000
       43   29 stretch      1  12 13         0.60000000  3.00000000
       44   30 UmbrOOP      0   7  2  6 13   0.10000000  2.50000000
       45   31 4c-dotp     -2   2  6  7 13   0.10000000  2.50000000
       46   32 4c-dotp      1   2  6  7 13   0.10000000  2.50000000
       47   33 4c-dotp      0   2  6  7 13   0.00000000  0.00000000
       Reading                      1  additional order restrictions.
   Generating permutations for scaled coordinates
   PMT[ 1]   1   2   3   4   5   6   7   8   9  10  11  12  13  14  15  16  17  18  19  20  21  22  23  24  25  26  27  28  29  30  31  32  33  34  35  36  37  38  39  40  41  42  43  44  45  46  47
   PMT[ 2]   2   1   4   3   6   5   8   7  10   9  11  12  14  13  16  15  18  17  20  19  22  21  24  23  25 -26 -27 -28 -30 -29 -32 -31 -33  34  35  36  37  38  39  40  41  43  42 -44 -45 -46 -47
   Generating term list
  Term definitions generated in   0.04 seconds
   Partitioning term list
  Terms classified into subgroups (Cycles) in   0.01 seconds
   Generating Maptab
     starting genMaptab...
     Maptab generated. nBasis=                 17663
   Reading Hd from file hd.data
     Program version: []
     Warning: the file was generated by a different version of surfgen
     Description:coefficient file of phenol 3 state Hd made with surfgen
     Order of Polynomial Contained in File:                     3
   Hd Data Imported.
   Contracted vector form generated.
 Exiting Initialize()
 Testing Coordinate Gradients.
 initial Cartesian geometry: 
     0.00000     0.12740     1.76258
     3.33457     4.81528     4.19144
     1.67678     4.57664     3.97932
     4.16347     1.72521     4.35592
     0.44959     4.44142     3.50489
     3.67276     1.50088     0.24859
     4.54095     0.48829     0.20157
     0.42512     2.79410     4.63226
     0.37820     4.55895     0.45911
     3.18883     4.26146     0.60539
     4.97287     3.89125     0.09833
     0.84932     4.97372     3.76846
     1.08987     3.29646     2.69509
 
Testing Coordinate     1 (set    1,ind    1)
  Coord Type=    0  , Scaling Mode=    0
  Atoms:     1    2
  No problem.
 
Testing Coordinate     2 (set    1,ind    2)
  Coord Type=    0  , Scaling Mode=    0
  Atoms:     1    6
  No problem.
 
Testing Coordinate     3 (set    2,ind    1)
  Coord Type=    0  , Scaling Mode=    1
  Atoms:     2    3
  No problem.
 
Testing Coordinate     4 (set    2,ind    2)
  Coord Type=    0  , Scaling Mode=    1
  Atoms:     5    6
  No problem.
 
Testing Coordinate     5 (set    3,ind    1)
  Coord Type=    0  , Scaling Mode=    2
  Atoms:     3    4
  No problem.
 
Testing Coordinate     6 (set    3,ind    2)
  Coord Type=    0  , Scaling Mode=    2
  Atoms:     4    5
  No problem.
 
Testing Coordinate     7 (set    4,ind    1)
  Coord Type=    0  , Scaling Mode=    3
  Atoms:     2    8
  No problem.
 
Testing Coordinate     8 (set    4,ind    2)
  Coord Type=    0  , Scaling Mode=    3
  Atoms:     6   12
  No problem.
 
Testing Coordinate     9 (set    5,ind    1)
  Coord Type=    0  , Scaling Mode=    4
  Atoms:     3    9
  No problem.
 
Testing Coordinate    10 (set    5,ind    2)
  Coord Type=    0  , Scaling Mode=    4
  Atoms:     5   11
  No problem.
 
Testing Coordinate    11 (set    6,ind    1)
  Coord Type=    0  , Scaling Mode=    5
  Atoms:     4   10
  No problem.
 
Testing Coordinate    12 (set    7,ind    1)
  Coord Type=    0  , Scaling Mode=    6
  Atoms:     1    7
  No problem.
 
Testing Coordinate    13 (set    8,ind    1)
  Coord Type=    1  , Scaling Mode=    0
  Atoms:     1    3    2
  No problem.
 
Testing Coordinate    14 (set    8,ind    2)
  Coord Type=    1  , Scaling Mode=    0
  Atoms:     1    5    6
  No problem.
 
Testing Coordinate    15 (set    9,ind    1)
  Coord Type=    1  , Scaling Mode=    1
  Atoms:     2    4    3
  No problem.
 
Testing Coordinate    16 (set    9,ind    2)
  Coord Type=    1  , Scaling Mode=    1
  Atoms:     4    6    5
  No problem.
 
Testing Coordinate    17 (set   10,ind    1)
  Coord Type=    1  , Scaling Mode=    0
  Atoms:     2    7    1
  No problem.
 
Testing Coordinate    18 (set   10,ind    2)
  Coord Type=    1  , Scaling Mode=    0
  Atoms:     6    7    1
  No problem.
 
Testing Coordinate    19 (set   11,ind    1)
  Coord Type=    1  , Scaling Mode=    0
  Atoms:     1    8    2
  No problem.
 
Testing Coordinate    20 (set   11,ind    2)
  Coord Type=    1  , Scaling Mode=    0
  Atoms:     1   12    6
  No problem.
 
Testing Coordinate    21 (set   12,ind    1)
  Coord Type=    1  , Scaling Mode=    0
  Atoms:     2    9    3
  No problem.
 
Testing Coordinate    22 (set   12,ind    2)
  Coord Type=    1  , Scaling Mode=    0
  Atoms:     6   11    5
  No problem.
 
Testing Coordinate    23 (set   13,ind    1)
  Coord Type=    1  , Scaling Mode=    0
  Atoms:     3   10    4
  No problem.
 
Testing Coordinate    24 (set   13,ind    2)
  Coord Type=    1  , Scaling Mode=    0
  Atoms:     5   10    4
  No problem.
 
Testing Coordinate    25 (set   14,ind    1)
  Coord Type=   -1  , Scaling Mode=    0
  Atoms:     2    3    5    6
  No problem.
 
Testing Coordinate    26 (set   15,ind    1)
  Coord Type=   -1  , Scaling Mode=    1
  Atoms:     1    3    4    5
  No problem.
 
Testing Coordinate    27 (set   16,ind    1)
  Coord Type=   -1  , Scaling Mode=   -1
  Atoms:     1    2    4    6
  No problem.
 
Testing Coordinate    28 (set   17,ind    1)
  Coord Type=   -1  , Scaling Mode=    2
  Atoms:     1    2    6    7
  No problem.
 
Testing Coordinate    29 (set   18,ind    1)
  Coord Type=   -1  , Scaling Mode=   -2
  Atoms:     1    2    3    8
  No problem.
 
Testing Coordinate    30 (set   18,ind    2)
  Coord Type=   -1  , Scaling Mode=   -2
  Atoms:     1    5    6   12
  No problem.
 
Testing Coordinate    31 (set   19,ind    1)
  Coord Type=   -2  , Scaling Mode=    3
  Atoms:     3    2    4    9
  No problem.
 
Testing Coordinate    32 (set   19,ind    2)
  Coord Type=   -2  , Scaling Mode=    3
  Atoms:     5    4    6   11
  No problem.
 
Testing Coordinate    33 (set   20,ind    1)
  Coord Type=   -2  , Scaling Mode=   -3
  Atoms:     4    3    5   10
  No problem.
 
Testing Coordinate    34 (set   21,ind    1)
  Coord Type=    0  , Scaling Mode=    1
  Atoms:     7   13
  No problem.
 
Testing Coordinate    35 (set   22,ind    1)
  Coord Type=    0  , Scaling Mode=    1
  Atoms:     7   13
  No problem.
 
Testing Coordinate    36 (set   23,ind    1)
  Coord Type=    0  , Scaling Mode=    1
  Atoms:     7   13
  No problem.
 
Testing Coordinate    37 (set   24,ind    1)
  Coord Type=    0  , Scaling Mode=    2
  Atoms:     7   13
  No problem.
 
Testing Coordinate    38 (set   25,ind    1)
  Coord Type=    0  , Scaling Mode=    6
  Atoms:     7   13
  No problem.
 
Testing Coordinate    39 (set   26,ind    1)
  Coord Type=    0  , Scaling Mode=    3
  Atoms:     7   13
  No problem.
 
Testing Coordinate    40 (set   27,ind    1)
  Coord Type=    0  , Scaling Mode=    4
  Atoms:     7   13
  No problem.
 
Testing Coordinate    41 (set   28,ind    1)
  Coord Type=    1  , Scaling Mode=    2
  Atoms:     1   13    7
  No problem.
 
Testing Coordinate    42 (set   29,ind    1)
  Coord Type=    0  , Scaling Mode=    1
  Atoms:     8   13
  No problem.
 
Testing Coordinate    43 (set   29,ind    2)
  Coord Type=    0  , Scaling Mode=    1
  Atoms:    12   13
  No problem.
 
Testing Coordinate    44 (set   30,ind    1)
  Coord Type=   -2  , Scaling Mode=    0
  Atoms:     7    2    6   13
  No problem.
 
Testing Coordinate    45 (set   31,ind    1)
  Coord Type=   -3  , Scaling Mode=   -2
  Atoms:     2    6    7   13
  No problem.
 
Testing Coordinate    46 (set   32,ind    1)
  Coord Type=   -3  , Scaling Mode=    1
  Atoms:     2    6    7   13
  No problem.
 
Testing Coordinate    47 (set   33,ind    1)
  Coord Type=   -3  , Scaling Mode=    0
  Atoms:     2    6    7   13
  No problem.
 Coordinate test finished without problem. 
 
    Reading  100 displacements
  Searching input file in path <data/s0_min_disp-0.01>
    phenol(cc-pVDZ) sig-pi separated full 11oCAS(4st)+CIS global min and disps
  Searching input file in path <data/mex12_sp>
    phenol dzp sl-CAS CIS. sp calc at mex12
  Searching input file in path <data/mex12_disp-0.01>
    phenol dzp sl-CAS CIS. mex12 disp-0.01
 WARNING : Found less data points than specified.  Adjusting npoints to 
                    69
       Generating displacement Wilson's B-Matrices
       Local internal coordinates will be constructed from B-matrices
 
       Constructing Wilson B matrix at point                      1  :
   Internal Coordinates
   2.639   2.643   0.035   0.035   0.667   0.660   0.613   0.616   0.982   0.982   1.413   1.358   2.093   2.092  -0.508
  -0.510   2.141   2.050   2.094   2.075   2.082   2.082   2.101   2.101  -0.000   0.000   0.000   0.000  -0.000   0.000
  -0.000  -0.000  -0.000   1.164   8.193   1.711   0.277   0.101   0.680   2.231  -0.290   0.454   0.114   0.000  -0.470
  -0.356  -0.926
       Constructing local coordinate system for point                      1
       0.0000   0.0000   0.0000   0.0000   0.0000  -0.0000  -0.0000  -0.0000   0.0000   0.0000  -0.0000   0.0000
       0.0000  -0.0000
       0.0000   0.0000   0.0000   0.0003   0.0000  -0.0000   0.0000  -0.0000   0.0000  -0.0042  -0.0003   0.0012
       0.0013   0.0010
       0.0084   0.0018  -0.0075   0.0000  -0.0086  -0.0130  -0.0002  -0.0059   0.0000   0.0001   0.0013   0.0008
       0.0001  -0.0000
       0.0000   0.0000   0.0000   0.0003   0.0000  -0.0000   0.0000  -0.0000   0.0000  -0.0042  -0.0003   0.0012
       0.0013   0.0010
       0.0000  -0.0000   0.0000   0.0380   0.0000   0.0000  -0.0000  -0.0000   0.0000   0.0000   0.0000   0.0000
      -0.0000   0.0000
      -0.0003   0.0015   0.0005   0.0000   0.0005  -0.0002  -0.0018   0.0001  -0.0000  -0.0000  -0.0000  -0.0001
      -0.0000   0.0000
       0.0084   0.0018  -0.0075   0.0000  -0.0086  -0.0130  -0.0002  -0.0059   0.0000   0.0001   0.0013   0.0008
       0.0001  -0.0000
      -0.0003   0.0015   0.0005   0.0000   0.0005  -0.0002  -0.0018   0.0001  -0.0000  -0.0000  -0.0000  -0.0001
      -0.0000   0.0000
       0.0000   0.0000   0.0000  -0.0252   0.0000  -0.0000  -0.0000  -0.0000   0.0000  -0.0000  -0.0000   0.0000
      -0.0000  -0.0000
       scaling factors of local coordinates:   1.000  1.000  1.000  1.000  1.000  1.000  1.000  1.000  1.000  1.000  1.000  1.000  1.000  1.000  1.000  1.000  1.000  1.000  1.000  1.000  1.000  0.984  0.421  0.111  0.110  0.000  0.000  0.000  0.000  0.000  0.000  0.000  0.000  0.000  0.000  0.000  0.000  0.000  0.000
       Local coordinate system has reduced dimensionalities.
       nvibs =                     25
 
       Constructing Wilson B matrix at point                      2  :
   Internal Coordinates
   2.620   2.643   0.035   0.035   0.667   0.660   0.613   0.616   0.982   0.982   1.413   1.358   2.097   2.094  -0.506
  -0.506   2.141   2.050   2.092   2.074   2.083   2.084   2.101   2.101  -0.000   0.000   0.000   0.000  -0.000   0.000
  -0.000  -0.000  -0.000   1.164   8.193   1.711   0.277   0.101   0.680   2.231  -0.290   0.460   0.114   0.000  -0.471
  -0.357  -0.927
       Constructing local coordinate system for point                      2
       0.0000   0.0000   0.0000   0.0002   0.0000   0.0000  -0.0000  -0.0000   0.0000   0.0000  -0.0000  -0.0000
      -0.0000  -0.0000
       0.0000   0.0000   0.0000   0.0004   0.0000  -0.0000   0.0000  -0.0000   0.0004   0.0009   0.0039  -0.0012
      -0.0008   0.0018
      -0.0084  -0.0019   0.0077  -0.0000   0.0085   0.0130   0.0001   0.0059  -0.0001   0.0000  -0.0004  -0.0015
       0.0003   0.0000
       0.0000   0.0000   0.0000   0.0004   0.0000  -0.0000   0.0000  -0.0000   0.0004   0.0009   0.0039  -0.0012
      -0.0008   0.0018
       0.0000  -0.0000   0.0000   0.0380   0.0000  -0.0000  -0.0000  -0.0000  -0.0000   0.0000  -0.0000   0.0000
       0.0000   0.0000
       0.0003  -0.0014  -0.0007  -0.0000  -0.0005   0.0002   0.0018  -0.0001   0.0000   0.0000   0.0000   0.0000
       0.0000  -0.0000
      -0.0084  -0.0019   0.0077  -0.0000   0.0085   0.0130   0.0001   0.0059  -0.0001   0.0000  -0.0004  -0.0015
       0.0003   0.0000
       0.0003  -0.0014  -0.0007  -0.0000  -0.0005   0.0002   0.0018  -0.0001   0.0000   0.0000   0.0000   0.0000
       0.0000  -0.0000
       0.0000   0.0000   0.0000  -0.0251   0.0000  -0.0000  -0.0000  -0.0000   0.0000  -0.0000   0.0000  -0.0000
      -0.0000  -0.0000
       scaling factors of local coordinates:   1.000  1.000  1.000  1.000  1.000  1.000  1.000  1.000  1.000  1.000  1.000  1.000  1.000  1.000  1.000  1.000  1.000  1.000  1.000  1.000  1.000  0.991  0.423  0.111  0.110  0.000  0.000  0.000  0.000  0.000  0.000  0.000  0.000  0.000  0.000  0.000  0.000  0.000  0.000
       Local coordinate system has reduced dimensionalities.
       nvibs =                     25
 
       Constructing Wilson B matrix at point                      3  :
   Internal Coordinates
   2.639   2.643   0.036   0.035   0.667   0.660   0.613   0.616   0.982   0.982   1.413   1.358   2.095   2.089  -0.510
  -0.508   2.141   2.050   2.093   2.076   2.081   2.083   2.101   2.101  -0.000   0.000   0.000   0.000  -0.000   0.000
  -0.000  -0.000  -0.000   1.164   8.193   1.711   0.277   0.101   0.680   2.231  -0.290   0.455   0.114   0.000  -0.470
  -0.356  -0.926
       Constructing local coordinate system for point                      3
       0.0000   0.0000   0.0000   0.0054   0.0000  -0.0000  -0.0000  -0.0000   0.0000   0.0000  -0.0000   0.0000
       0.0000  -0.0000
      -0.0000   0.0000  -0.0000  -0.0003  -0.0000  -0.0000  -0.0000   0.0000   0.0004   0.0008   0.0045   0.0008
       0.0004  -0.0010
      -0.0084  -0.0018   0.0075  -0.0000   0.0086   0.0129   0.0001   0.0058   0.0001  -0.0000  -0.0001   0.0012
      -0.0009   0.0000
      -0.0000   0.0000  -0.0000  -0.0003  -0.0000  -0.0000  -0.0000   0.0000   0.0004   0.0008   0.0045   0.0008
       0.0004  -0.0010
       0.0000  -0.0000   0.0000   0.0437   0.0000   0.0000   0.0000  -0.0000  -0.0000  -0.0000   0.0000   0.0000
       0.0000   0.0000
      -0.0003   0.0015   0.0005   0.0000   0.0005  -0.0002  -0.0017   0.0001   0.0000  -0.0000  -0.0000   0.0001
       0.0000   0.0000
      -0.0084  -0.0018   0.0075  -0.0000   0.0086   0.0129   0.0001   0.0058   0.0001  -0.0000  -0.0001   0.0012
      -0.0009   0.0000
      -0.0003   0.0015   0.0005   0.0000   0.0005  -0.0002  -0.0017   0.0001   0.0000  -0.0000  -0.0000   0.0001
       0.0000   0.0000
       0.0000   0.0000   0.0000  -0.0200   0.0000  -0.0000  -0.0000  -0.0000  -0.0000  -0.0000   0.0000   0.0000
       0.0000   0.0000
       scaling factors of local coordinates:   1.000  1.000  1.000  1.000  1.000  1.000  1.000  1.000  1.000  1.000  1.000  1.000  1.000  1.000  1.000  1.000  1.000  1.000  1.000  1.000  1.000  0.999  0.422  0.111  0.110  0.000  0.000  0.000  0.000  0.000  0.000  0.000  0.000  0.000  0.000  0.000  0.000  0.000  0.000
       Local coordinate system has reduced dimensionalities.
       nvibs =                     25
 
       Constructing Wilson B matrix at point                      4  :
   Internal Coordinates
   2.639   2.643   0.035   0.035   0.683   0.660   0.613   0.616   0.982   0.982   1.413   1.358   2.091   2.087  -0.511
  -0.512   2.141   2.050   2.095   2.077   2.080   2.081   2.101   2.101  -0.000   0.000   0.000   0.000  -0.000   0.000
  -0.000  -0.000  -0.000   1.164   8.193   1.711   0.277   0.101   0.680   2.231  -0.290   0.454   0.114   0.000  -0.470
  -0.356  -0.926
       Constructing local coordinate system for point                      4
       0.0000   0.0000   0.0000   0.0002   0.0000  -0.0000  -0.0000  -0.0000  -0.0000   0.0000  -0.0000   0.0000
       0.0000   0.0000
       0.0000   0.0000   0.0000   0.0004   0.0000  -0.0000   0.0000  -0.0000   0.0010  -0.0039   0.0022   0.0006
      -0.0008  -0.0003
       0.0084   0.0024  -0.0073   0.0000  -0.0087  -0.0131  -0.0003  -0.0059   0.0000  -0.0000  -0.0006   0.0001
      -0.0013   0.0000
       0.0000   0.0000   0.0000   0.0004   0.0000  -0.0000   0.0000  -0.0000   0.0010  -0.0039   0.0022   0.0006
      -0.0008  -0.0003
       0.0000  -0.0000   0.0000   0.0381   0.0000   0.0000   0.0000  -0.0000  -0.0000  -0.0000  -0.0000  -0.0000
       0.0000   0.0000
      -0.0003   0.0015   0.0003   0.0000   0.0004  -0.0002  -0.0018   0.0001  -0.0000   0.0000   0.0001  -0.0000
       0.0000  -0.0000
       0.0084   0.0024  -0.0073   0.0000  -0.0087  -0.0131  -0.0003  -0.0059   0.0000  -0.0000  -0.0006   0.0001
      -0.0013   0.0000
      -0.0003   0.0015   0.0003   0.0000   0.0004  -0.0002  -0.0018   0.0001  -0.0000   0.0000   0.0001  -0.0000
       0.0000  -0.0000
       0.0000   0.0000   0.0000  -0.0249   0.0000  -0.0000  -0.0000  -0.0000  -0.0000   0.0000   0.0000   0.0000
      -0.0000   0.0000
       scaling factors of local coordinates:   1.000  1.000  1.000  1.000  1.000  1.000  1.000  1.000  1.000  1.000  1.000  1.000  1.000  1.000  1.000  1.000  1.000  1.000  1.000  1.000  1.000  1.000  0.421  0.111  0.110  0.000  0.000  0.000  0.000  0.000  0.000  0.000  0.000  0.000  0.000  0.000  0.000  0.000  0.000
       Local coordinate system has reduced dimensionalities.
       nvibs =                     25
 
       Constructing Wilson B matrix at point                      5  :
   Internal Coordinates
   2.639   2.643   0.035   0.035   0.667   0.676   0.613   0.616   0.982   0.982   1.413   1.358   2.089   2.090  -0.509
  -0.513   2.141   2.050   2.096   2.076   2.081   2.080   2.101   2.101  -0.000   0.000   0.000   0.000  -0.000   0.000
  -0.000  -0.000  -0.000   1.164   8.193   1.711   0.277   0.101   0.680   2.231  -0.290   0.453   0.114   0.000  -0.470
  -0.356  -0.926
       Constructing local coordinate system for point                      5
       0.0000   0.0000   0.0000   0.0002   0.0000  -0.0000  -0.0000  -0.0000   0.0000  -0.0000   0.0000   0.0000
      -0.0000   0.0000
      -0.0000  -0.0000  -0.0000  -0.0002  -0.0000   0.0000  -0.0000   0.0000  -0.0010  -0.0011  -0.0002   0.0023
       0.0038   0.0007
       0.0084   0.0014  -0.0074   0.0000  -0.0087  -0.0130  -0.0000  -0.0059   0.0001   0.0000  -0.0002   0.0013
      -0.0008   0.0001
      -0.0000  -0.0000  -0.0000  -0.0002  -0.0000   0.0000  -0.0000   0.0000  -0.0010  -0.0011  -0.0002   0.0023
       0.0038   0.0007
       0.0000  -0.0000   0.0000   0.0381   0.0000   0.0000  -0.0000  -0.0000  -0.0000  -0.0000   0.0000  -0.0000
      -0.0000   0.0000
       0.0002  -0.0015  -0.0007  -0.0000  -0.0006   0.0002   0.0018  -0.0001   0.0000   0.0000   0.0000   0.0000
      -0.0000   0.0000
       0.0084   0.0014  -0.0074   0.0000  -0.0087  -0.0130  -0.0000  -0.0059   0.0001   0.0000  -0.0002   0.0013
      -0.0008   0.0001
       0.0002  -0.0015  -0.0007  -0.0000  -0.0006   0.0002   0.0018  -0.0001   0.0000   0.0000   0.0000   0.0000
      -0.0000   0.0000
       0.0000   0.0000   0.0000  -0.0248   0.0000   0.0000  -0.0000  -0.0000  -0.0000  -0.0000  -0.0000   0.0000
       0.0000   0.0000
       scaling factors of local coordinates:   1.000  1.000  1.000  1.000  1.000  1.000  1.000  1.000  1.000  1.000  1.000  1.000  1.000  1.000  1.000  1.000  1.000  1.000  1.000  1.000  1.000  1.000  0.421  0.111  0.110  0.000  0.000  0.000  0.000  0.000  0.000  0.000  0.000  0.000  0.000  0.000  0.000  0.000  0.000
       Local coordinate system has reduced dimensionalities.
       nvibs =                     25
 
       Constructing Wilson B matrix at point                      6  :
   Internal Coordinates
   2.639   2.625   0.035   0.035   0.667   0.660   0.613   0.616   0.982   0.982   1.413   1.358   2.095   2.096  -0.504
  -0.508   2.141   2.050   2.093   2.073   2.084   2.083   2.101   2.101  -0.000   0.000   0.000   0.000  -0.000   0.000
  -0.000  -0.000  -0.000   1.164   8.193   1.711   0.277   0.101   0.680   2.231  -0.290   0.455   0.115   0.000  -0.472
  -0.357  -0.925
       Constructing local coordinate system for point                      6
       0.0000   0.0000   0.0000   0.0002   0.0000  -0.0000  -0.0000  -0.0000   0.0000   0.0000  -0.0000   0.0000
       0.0000  -0.0000
      -0.0000   0.0000  -0.0000  -0.0001  -0.0000   0.0000  -0.0000   0.0000  -0.0010   0.0025  -0.0026   0.0008
       0.0027   0.0006
      -0.0084  -0.0025   0.0075   0.0000   0.0085   0.0130   0.0003   0.0059  -0.0000  -0.0002  -0.0005  -0.0014
       0.0001  -0.0000
      -0.0000   0.0000  -0.0000  -0.0001  -0.0000   0.0000  -0.0000   0.0000  -0.0010   0.0025  -0.0026   0.0008
       0.0027   0.0006
       0.0000  -0.0000   0.0000   0.0380   0.0000   0.0000   0.0000  -0.0000   0.0000  -0.0000   0.0000  -0.0000
      -0.0000  -0.0000
      -0.0003   0.0015   0.0004   0.0000   0.0004  -0.0002  -0.0018   0.0001  -0.0000  -0.0000  -0.0001  -0.0000
      -0.0000  -0.0000
      -0.0084  -0.0025   0.0075   0.0000   0.0085   0.0130   0.0003   0.0059  -0.0000  -0.0002  -0.0005  -0.0014
       0.0001  -0.0000
      -0.0003   0.0015   0.0004   0.0000   0.0004  -0.0002  -0.0018   0.0001  -0.0000  -0.0000  -0.0001  -0.0000
      -0.0000  -0.0000
       0.0000   0.0000   0.0000  -0.0252   0.0000  -0.0000  -0.0000  -0.0000  -0.0000   0.0000   0.0000  -0.0000
      -0.0000   0.0000
       scaling factors of local coordinates:   1.000  1.000  1.000  1.000  1.000  1.000  1.000  1.000  1.000  1.000  1.000  1.000  1.000  1.000  1.000  1.000  1.000  1.000  1.000  1.000  1.000  0.991  0.423  0.111  0.110  0.000  0.000  0.000  0.000  0.000  0.000  0.000  0.000  0.000  0.000  0.000  0.000  0.000  0.000
       Local coordinate system has reduced dimensionalities.
       nvibs =                     25
 
       Constructing Wilson B matrix at point                      7  :
   Internal Coordinates
   2.639   2.643   0.035   0.036   0.667   0.660   0.613   0.616   0.982   0.982   1.413   1.358   2.091   2.094  -0.506
  -0.512   2.141   2.050   2.095   2.074   2.083   2.081   2.101   2.101  -0.000   0.000   0.000   0.000  -0.000   0.000
  -0.000  -0.000  -0.000   1.164   8.193   1.711   0.277   0.101   0.680   2.231  -0.290   0.454   0.114   0.000  -0.470
  -0.356  -0.926
       Constructing local coordinate system for point                      7
       0.0000   0.0000   0.0000   0.0055   0.0000  -0.0000  -0.0000  -0.0000   0.0000   0.0000  -0.0000   0.0000
      -0.0000  -0.0000
      -0.0000  -0.0000  -0.0000  -0.0003  -0.0000   0.0000  -0.0000   0.0000   0.0010  -0.0004   0.0008  -0.0045
       0.0000  -0.0006
      -0.0084  -0.0019   0.0075  -0.0000   0.0087   0.0130   0.0003   0.0058   0.0000  -0.0000  -0.0007  -0.0001
      -0.0013   0.0000
      -0.0000  -0.0000  -0.0000  -0.0003  -0.0000   0.0000  -0.0000   0.0000   0.0010  -0.0004   0.0008  -0.0045
       0.0000  -0.0006
       0.0000  -0.0000   0.0000   0.0438   0.0000   0.0000   0.0000  -0.0000   0.0000   0.0000  -0.0000   0.0000
      -0.0000  -0.0000
      -0.0002   0.0015   0.0004   0.0000   0.0005  -0.0002  -0.0018   0.0001   0.0000  -0.0000   0.0000   0.0000
      -0.0001   0.0000
      -0.0084  -0.0019   0.0075  -0.0000   0.0087   0.0130   0.0003   0.0058   0.0000  -0.0000  -0.0007  -0.0001
      -0.0013   0.0000
      -0.0002   0.0015   0.0004   0.0000   0.0005  -0.0002  -0.0018   0.0001   0.0000  -0.0000   0.0000   0.0000
      -0.0001   0.0000
       0.0000   0.0000   0.0000  -0.0199   0.0000  -0.0000  -0.0000  -0.0000  -0.0000  -0.0000   0.0000  -0.0000
       0.0000  -0.0000
       scaling factors of local coordinates:   1.000  1.000  1.000  1.000  1.000  1.000  1.000  1.000  1.000  1.000  1.000  1.000  1.000  1.000  1.000  1.000  1.000  1.000  1.000  1.000  1.000  0.999  0.422  0.111  0.110  0.000  0.000  0.000  0.000  0.000  0.000  0.000  0.000  0.000  0.000  0.000  0.000  0.000  0.000
       Local coordinate system has reduced dimensionalities.
       nvibs =                     25
 
       Constructing Wilson B matrix at point                      8  :
   Internal Coordinates
   2.639   2.643   0.035   0.035   0.667   0.660   0.613   0.616   0.982   0.982   1.413   1.421   2.093   2.092  -0.508
  -0.510   2.141   2.050   2.094   2.075   2.082   2.082   2.101   2.101  -0.000   0.000   0.000   0.000  -0.000   0.000
  -0.000  -0.000  -0.000   1.164   8.193   1.711   0.277   0.101   0.680   2.231  -0.291   0.459   0.115   0.000  -0.474
  -0.358  -0.926
       Constructing local coordinate system for point                      8
       0.0000   0.0000   0.0000   0.0000   0.0000  -0.0000  -0.0000  -0.0000  -0.0000   0.0000   0.0000   0.0000
      -0.0000   0.0000
       0.0000   0.0000   0.0000   0.0003   0.0000  -0.0000   0.0000  -0.0000  -0.0009  -0.0008  -0.0011   0.0045
       0.0007   0.0005
       0.0083   0.0022  -0.0075  -0.0000  -0.0085  -0.0129  -0.0002  -0.0058  -0.0000  -0.0000   0.0005  -0.0001
       0.0014  -0.0001
       0.0000   0.0000   0.0000   0.0003   0.0000  -0.0000   0.0000  -0.0000  -0.0009  -0.0008  -0.0011   0.0045
       0.0007   0.0005
       0.0000  -0.0000   0.0000   0.0379   0.0000   0.0000   0.0000  -0.0000  -0.0000  -0.0000  -0.0000   0.0000
       0.0000   0.0000
      -0.0003   0.0015   0.0006   0.0000   0.0005  -0.0003  -0.0018   0.0001   0.0000  -0.0000   0.0000   0.0000
      -0.0001   0.0000
       0.0083   0.0022  -0.0075  -0.0000  -0.0085  -0.0129  -0.0002  -0.0058  -0.0000  -0.0000   0.0005  -0.0001
       0.0014  -0.0001
      -0.0003   0.0015   0.0006   0.0000   0.0005  -0.0003  -0.0018   0.0001   0.0000  -0.0000   0.0000   0.0000
      -0.0001   0.0000
      -0.0000   0.0000  -0.0000  -0.0252  -0.0000   0.0000   0.0000   0.0000  -0.0000  -0.0000  -0.0000   0.0000
       0.0000  -0.0000
       scaling factors of local coordinates:   1.000  1.000  1.000  1.000  1.000  1.000  1.000  1.000  1.000  1.000  1.000  1.000  1.000  1.000  1.000  1.000  1.000  1.000  1.000  1.000  1.000  0.984  0.422  0.111  0.110  0.000  0.000  0.000  0.000  0.000  0.000  0.000  0.000  0.000  0.000  0.000  0.000  0.000  0.000
       Local coordinate system has reduced dimensionalities.
       nvibs =                     25
 
       Constructing Wilson B matrix at point                      9  :
   Internal Coordinates
   2.639   2.643   0.035   0.035   0.667   0.660   0.624   0.616   0.982   0.982   1.413   1.358   2.093   2.092  -0.508
  -0.510   2.141   2.050   2.094   2.075   2.082   2.082   2.101   2.101  -0.000   0.000   0.000   0.000  -0.000   0.000
  -0.000  -0.000  -0.000   1.164   8.193   1.711   0.277   0.101   0.680   2.231  -0.290   0.455   0.114   0.000  -0.470
  -0.356  -0.926
       Constructing local coordinate system for point                      9
       0.0000   0.0000   0.0000   0.0001   0.0000  -0.0000  -0.0000  -0.0000  -0.0000  -0.0000  -0.0000  -0.0000
      -0.0000   0.0000
       0.0000   0.0000   0.0000   0.0003   0.0000  -0.0000   0.0000  -0.0000  -0.0000   0.0001   0.0044  -0.0012
      -0.0005  -0.0011
      -0.0085  -0.0019   0.0074  -0.0000   0.0086   0.0131   0.0001   0.0059   0.0001  -0.0000  -0.0001  -0.0010
       0.0011  -0.0000
       0.0000   0.0000   0.0000   0.0003   0.0000  -0.0000   0.0000  -0.0000  -0.0000   0.0001   0.0044  -0.0012
      -0.0005  -0.0011
       0.0000  -0.0000   0.0000   0.0380   0.0000   0.0000   0.0000  -0.0000   0.0000   0.0000   0.0000  -0.0000
      -0.0000   0.0000
       0.0002  -0.0015  -0.0006  -0.0000  -0.0005   0.0003   0.0019  -0.0001  -0.0000   0.0000  -0.0000  -0.0000
      -0.0001   0.0000
      -0.0085  -0.0019   0.0074  -0.0000   0.0086   0.0131   0.0001   0.0059   0.0001  -0.0000  -0.0001  -0.0010
       0.0011  -0.0000
       0.0002  -0.0015  -0.0006  -0.0000  -0.0005   0.0003   0.0019  -0.0001  -0.0000   0.0000  -0.0000  -0.0000
      -0.0001   0.0000
       0.0000   0.0000   0.0000  -0.0252   0.0000  -0.0000  -0.0000  -0.0000  -0.0000   0.0000   0.0000  -0.0000
      -0.0000  -0.0000
       scaling factors of local coordinates:   1.000  1.000  1.000  1.000  1.000  1.000  1.000  1.000  1.000  1.000  1.000  1.000  1.000  1.000  1.000  1.000  1.000  1.000  1.000  1.000  1.000  0.984  0.422  0.111  0.110  0.000  0.000  0.000  0.000  0.000  0.000  0.000  0.000  0.000  0.000  0.000  0.000  0.000  0.000
       Local coordinate system has reduced dimensionalities.
       nvibs =                     25
 
       Constructing Wilson B matrix at point                     10  :
   Internal Coordinates
   2.639   2.643   0.035   0.035   0.667   0.660   0.613   0.616   0.980   0.982   1.413   1.358   2.093   2.092  -0.508
  -0.510   2.141   2.050   2.094   2.075   2.082   2.082   2.101   2.101  -0.000   0.000   0.000   0.000  -0.000   0.000
  -0.000  -0.000  -0.000   1.164   8.193   1.711   0.277   0.101   0.680   2.231  -0.290   0.454   0.114   0.000  -0.470
  -0.356  -0.926
       Constructing local coordinate system for point                     10
       0.0000   0.0000   0.0000   0.0002   0.0000  -0.0000  -0.0000  -0.0000  -0.0000   0.0000   0.0000  -0.0000
       0.0000  -0.0000
      -0.0000  -0.0000  -0.0000  -0.0003  -0.0000   0.0000  -0.0000   0.0000   0.0007   0.0000   0.0013  -0.0007
       0.0043   0.0008
       0.0084   0.0021  -0.0074   0.0000  -0.0086  -0.0130  -0.0002  -0.0059   0.0000  -0.0001  -0.0008  -0.0013
       0.0000  -0.0000
      -0.0000  -0.0000  -0.0000  -0.0003  -0.0000   0.0000  -0.0000   0.0000   0.0007   0.0000   0.0013  -0.0007
       0.0043   0.0008
       0.0000  -0.0000   0.0000   0.0382   0.0000   0.0000  -0.0000  -0.0000   0.0000  -0.0000  -0.0000   0.0000
      -0.0000   0.0000
       0.0002  -0.0014  -0.0005  -0.0000  -0.0005   0.0002   0.0018  -0.0001   0.0000   0.0000   0.0000  -0.0001
      -0.0000  -0.0000
       0.0084   0.0021  -0.0074   0.0000  -0.0086  -0.0130  -0.0002  -0.0059   0.0000  -0.0001  -0.0008  -0.0013
       0.0000  -0.0000
       0.0002  -0.0014  -0.0005  -0.0000  -0.0005   0.0002   0.0018  -0.0001   0.0000   0.0000   0.0000  -0.0001
      -0.0000  -0.0000
       0.0000   0.0000   0.0000  -0.0250   0.0000  -0.0000  -0.0000  -0.0000  -0.0000  -0.0000  -0.0000   0.0000
      -0.0000  -0.0000
       scaling factors of local coordinates:   1.000  1.000  1.000  1.000  1.000  1.000  1.000  1.000  1.000  1.000  1.000  1.000  1.000  1.000  1.000  1.000  1.000  1.000  1.000  1.000  1.000  0.985  0.422  0.120  0.110  0.000  0.000  0.000  0.000  0.000  0.000  0.000  0.000  0.000  0.000  0.000  0.000  0.000  0.000
       Local coordinate system has reduced dimensionalities.
       nvibs =                     25
 
       Constructing Wilson B matrix at point                     11  :
   Internal Coordinates
   2.639   2.643   0.035   0.035   0.667   0.660   0.613   0.616   0.982   0.982   1.425   1.358   2.093   2.092  -0.508
  -0.510   2.141   2.050   2.094   2.075   2.082   2.082   2.101   2.101  -0.000   0.000   0.000   0.000  -0.000   0.000
  -0.000  -0.000  -0.000   1.164   8.193   1.711   0.277   0.101   0.680   2.231  -0.290   0.454   0.114   0.000  -0.470
  -0.356  -0.926
       Constructing local coordinate system for point                     11
       0.0000   0.0000   0.0000   0.0000   0.0000  -0.0000  -0.0000  -0.0000  -0.0000   0.0000   0.0000  -0.0000
      -0.0000  -0.0000
       0.0000   0.0000   0.0000   0.0003   0.0000   0.0000   0.0000  -0.0000   0.0006   0.0004  -0.0031   0.0028
       0.0018  -0.0009
       0.0085   0.0019  -0.0074   0.0000  -0.0087  -0.0130  -0.0002  -0.0059  -0.0000   0.0000  -0.0011  -0.0009
      -0.0005  -0.0000
       0.0000   0.0000   0.0000   0.0003   0.0000   0.0000   0.0000  -0.0000   0.0006   0.0004  -0.0031   0.0028
       0.0018  -0.0009
       0.0000  -0.0000   0.0000   0.0380   0.0000   0.0000   0.0000  -0.0000  -0.0000   0.0000  -0.0000   0.0000
       0.0000  -0.0000
      -0.0003   0.0015   0.0005   0.0000   0.0005  -0.0002  -0.0018   0.0001   0.0000   0.0000   0.0000  -0.0000
       0.0001   0.0000
       0.0085   0.0019  -0.0074   0.0000  -0.0087  -0.0130  -0.0002  -0.0059  -0.0000   0.0000  -0.0011  -0.0009
      -0.0005  -0.0000
      -0.0003   0.0015   0.0005   0.0000   0.0005  -0.0002  -0.0018   0.0001   0.0000   0.0000   0.0000  -0.0000
       0.0001   0.0000
       0.0000   0.0000   0.0000  -0.0252   0.0000  -0.0000  -0.0000  -0.0000   0.0000  -0.0000   0.0000  -0.0000
      -0.0000  -0.0000
       scaling factors of local coordinates:   1.000  1.000  1.000  1.000  1.000  1.000  1.000  1.000  1.000  1.000  1.000  1.000  1.000  1.000  1.000  1.000  1.000  1.000  1.000  1.000  1.000  0.988  0.422  0.111  0.110  0.000  0.000  0.000  0.000  0.000  0.000  0.000  0.000  0.000  0.000  0.000  0.000  0.000  0.000
       Local coordinate system has reduced dimensionalities.
       nvibs =                     25
 
       Constructing Wilson B matrix at point                     12  :
   Internal Coordinates
   2.639   2.643   0.035   0.035   0.667   0.660   0.613   0.616   0.982   0.980   1.413   1.358   2.093   2.092  -0.508
  -0.510   2.141   2.050   2.094   2.075   2.082   2.082   2.101   2.101  -0.000   0.000   0.000   0.000  -0.000   0.000
  -0.000  -0.000  -0.000   1.164   8.193   1.711   0.277   0.101   0.680   2.231  -0.290   0.454   0.114   0.000  -0.470
  -0.356  -0.926
       Constructing local coordinate system for point                     12
       0.0000  -0.0000   0.0000  -0.0002   0.0000  -0.0000  -0.0000  -0.0000  -0.0000  -0.0000  -0.0000   0.0000
       0.0000  -0.0000
       0.0000  -0.0000   0.0000  -0.0003   0.0000  -0.0000   0.0000  -0.0000  -0.0001  -0.0009  -0.0043  -0.0013
      -0.0006  -0.0010
       0.0084  -0.0015  -0.0076  -0.0000  -0.0086  -0.0130  -0.0002  -0.0059   0.0000  -0.0013   0.0000   0.0008
      -0.0000  -0.0000
       0.0000  -0.0000   0.0000  -0.0003   0.0000  -0.0000   0.0000  -0.0000  -0.0001  -0.0009  -0.0043  -0.0013
      -0.0006  -0.0010
       0.0000   0.0000   0.0000  -0.0382   0.0000   0.0000   0.0000  -0.0000   0.0000  -0.0000  -0.0000  -0.0000
       0.0000   0.0000
      -0.0003  -0.0014   0.0004  -0.0000   0.0005  -0.0002  -0.0018   0.0001  -0.0000   0.0000   0.0000  -0.0001
      -0.0000   0.0000
       0.0084  -0.0015  -0.0076  -0.0000  -0.0086  -0.0130  -0.0002  -0.0059   0.0000  -0.0013   0.0000   0.0008
      -0.0000  -0.0000
      -0.0003  -0.0014   0.0004  -0.0000   0.0005  -0.0002  -0.0018   0.0001  -0.0000   0.0000   0.0000  -0.0001
      -0.0000   0.0000
       0.0000  -0.0000   0.0000   0.0250   0.0000  -0.0000  -0.0000  -0.0000   0.0000  -0.0000  -0.0000  -0.0000
       0.0000   0.0000
       scaling factors of local coordinates:   1.000  1.000  1.000  1.000  1.000  1.000  1.000  1.000  1.000  1.000  1.000  1.000  1.000  1.000  1.000  1.000  1.000  1.000  1.000  1.000  1.000  0.985  0.423  0.120  0.111  0.000  0.000  0.000  0.000  0.000  0.000  0.000  0.000  0.000  0.000  0.000  0.000  0.000  0.000
       Local coordinate system has reduced dimensionalities.
       nvibs =                     25
 
       Constructing Wilson B matrix at point                     13  :
   Internal Coordinates
   2.639   2.643   0.035   0.035   0.667   0.660   0.613   0.628   0.982   0.982   1.413   1.358   2.093   2.092  -0.508
  -0.510   2.141   2.050   2.094   2.075   2.082   2.082   2.101   2.101  -0.000   0.000   0.000   0.000  -0.000   0.000
  -0.000  -0.000  -0.000   1.164   8.193   1.711   0.277   0.101   0.680   2.231  -0.290   0.454   0.114   0.000  -0.470
  -0.356  -0.926
       Constructing local coordinate system for point                     13
       0.0000   0.0000   0.0000   0.0001   0.0000  -0.0000  -0.0000  -0.0000  -0.0000  -0.0000   0.0000  -0.0000
      -0.0000  -0.0000
       0.0000   0.0000   0.0000   0.0003   0.0000  -0.0000   0.0000  -0.0000   0.0008  -0.0003  -0.0001   0.0008
       0.0044   0.0010
       0.0084   0.0018  -0.0074   0.0000  -0.0086  -0.0131  -0.0003  -0.0059  -0.0001   0.0000   0.0001   0.0015
      -0.0003   0.0000
       0.0000   0.0000   0.0000   0.0003   0.0000  -0.0000   0.0000  -0.0000   0.0008  -0.0003  -0.0001   0.0008
       0.0044   0.0010
       0.0000  -0.0000   0.0000   0.0380   0.0000   0.0000   0.0000  -0.0000   0.0000   0.0000   0.0000   0.0000
       0.0000   0.0000
      -0.0003   0.0015   0.0004   0.0000   0.0005  -0.0002  -0.0018   0.0001   0.0000  -0.0000  -0.0001  -0.0000
       0.0000  -0.0000
       0.0084   0.0018  -0.0074   0.0000  -0.0086  -0.0131  -0.0003  -0.0059  -0.0001   0.0000   0.0001   0.0015
      -0.0003   0.0000
      -0.0003   0.0015   0.0004   0.0000   0.0005  -0.0002  -0.0018   0.0001   0.0000  -0.0000  -0.0001  -0.0000
       0.0000  -0.0000
       0.0000   0.0000   0.0000  -0.0252   0.0000  -0.0000  -0.0000  -0.0000  -0.0000  -0.0000  -0.0000   0.0000
       0.0000  -0.0000
       scaling factors of local coordinates:   1.000  1.000  1.000  1.000  1.000  1.000  1.000  1.000  1.000  1.000  1.000  1.000  1.000  1.000  1.000  1.000  1.000  1.000  1.000  1.000  1.000  0.984  0.422  0.111  0.110  0.000  0.000  0.000  0.000  0.000  0.000  0.000  0.000  0.000  0.000  0.000  0.000  0.000  0.000
       Local coordinate system has reduced dimensionalities.
       nvibs =                     25
 
       Constructing Wilson B matrix at point                     14  :
   Internal Coordinates
   2.639   2.643   0.035   0.035   0.667   0.660   0.613   0.616   0.982   0.982   1.413   1.358   2.093   2.092  -0.508
  -0.510   2.141   2.050   2.094   2.075   2.082   2.082   2.101   2.101  -0.000   0.000   0.000   0.000  -0.000   0.000
  -0.000  -0.000  -0.000   1.184   8.477   1.777   0.262   0.105   0.704   2.211  -0.291   0.453   0.115   0.000  -0.472
  -0.357  -0.926
       Constructing local coordinate system for point                     14
       0.0000   0.0000   0.0000   0.0000   0.0000  -0.0000  -0.0000  -0.0000   0.0000  -0.0000  -0.0000   0.0000
      -0.0000  -0.0000
       0.0000  -0.0000   0.0000   0.0003   0.0000   0.0000   0.0000  -0.0000   0.0010   0.0024  -0.0037  -0.0003
      -0.0008  -0.0004
      -0.0085  -0.0018   0.0075   0.0000   0.0087   0.0130   0.0002   0.0059   0.0000   0.0006   0.0003   0.0014
       0.0002   0.0000
       0.0000  -0.0000   0.0000   0.0003   0.0000   0.0000   0.0000  -0.0000   0.0010   0.0024  -0.0037  -0.0003
      -0.0008  -0.0004
       0.0000  -0.0000   0.0000   0.0380   0.0000   0.0000   0.0000  -0.0000  -0.0000  -0.0000   0.0000  -0.0000
       0.0000   0.0000
       0.0003  -0.0014  -0.0005  -0.0000  -0.0005   0.0002   0.0017  -0.0001   0.0000   0.0000   0.0000  -0.0001
      -0.0000   0.0000
      -0.0085  -0.0018   0.0075   0.0000   0.0087   0.0130   0.0002   0.0059   0.0000   0.0006   0.0003   0.0014
       0.0002   0.0000
       0.0003  -0.0014  -0.0005  -0.0000  -0.0005   0.0002   0.0017  -0.0001   0.0000   0.0000   0.0000  -0.0001
      -0.0000   0.0000
       0.0000   0.0000   0.0000  -0.0253   0.0000  -0.0000  -0.0000  -0.0000   0.0000   0.0000  -0.0000  -0.0000
      -0.0000  -0.0000
       scaling factors of local coordinates:   1.000  1.000  1.000  1.000  1.000  1.000  1.000  1.000  1.000  1.000  1.000  1.000  1.000  1.000  1.000  1.000  1.000  1.000  1.000  1.000  1.000  0.984  0.422  0.111  0.110  0.000  0.000  0.000  0.000  0.000  0.000  0.000  0.000  0.000  0.000  0.000  0.000  0.000  0.000
       Local coordinate system has reduced dimensionalities.
       nvibs =                     25
 
       Constructing Wilson B matrix at point                     15  :
   Internal Coordinates
   2.639   2.643   0.035   0.035   0.667   0.660   0.613   0.616   0.982   0.982   1.413   1.358   2.101   2.099  -0.506
  -0.508   2.146   2.055   2.090   2.071   2.083   2.084   2.101   2.101  -0.000   0.000   0.000   0.000  -0.000   0.000
  -0.000  -0.000  -0.000   1.164   8.193   1.711   0.277   0.101   0.680   2.231  -0.290   0.452   0.114   0.000  -0.468
  -0.355  -0.926
       Constructing local coordinate system for point                     15
       0.0000   0.0000   0.0000  -0.0003   0.0000  -0.0000  -0.0000  -0.0000  -0.0000  -0.0000  -0.0000   0.0000
      -0.0000   0.0000
       0.0000  -0.0000   0.0000   0.0003   0.0000  -0.0000   0.0000  -0.0000   0.0009  -0.0005  -0.0032  -0.0030
       0.0008   0.0001
      -0.0084  -0.0018   0.0076  -0.0000   0.0087   0.0131   0.0002   0.0058  -0.0000  -0.0000   0.0010  -0.0009
       0.0007  -0.0002
       0.0000  -0.0000   0.0000   0.0003   0.0000  -0.0000   0.0000  -0.0000   0.0009  -0.0005  -0.0032  -0.0030
       0.0008   0.0001
      -0.0000  -0.0000  -0.0000   0.0377  -0.0000   0.0000   0.0000   0.0000  -0.0000   0.0000  -0.0000  -0.0000
       0.0000   0.0000
       0.0003  -0.0015  -0.0005  -0.0000  -0.0005   0.0002   0.0018  -0.0001   0.0000   0.0000  -0.0000   0.0000
      -0.0001   0.0000
      -0.0084  -0.0018   0.0076  -0.0000   0.0087   0.0131   0.0002   0.0058  -0.0000  -0.0000   0.0010  -0.0009
       0.0007  -0.0002
       0.0003  -0.0015  -0.0005  -0.0000  -0.0005   0.0002   0.0018  -0.0001   0.0000   0.0000  -0.0000   0.0000
      -0.0001   0.0000
      -0.0000  -0.0000  -0.0000  -0.0255  -0.0000   0.0000   0.0000   0.0000   0.0000  -0.0000   0.0000   0.0000
      -0.0000   0.0000
       scaling factors of local coordinates:   1.000  1.000  1.000  1.000  1.000  1.000  1.000  1.000  1.000  1.000  1.000  1.000  1.000  1.000  1.000  1.000  1.000  1.000  1.000  1.000  1.000  0.969  0.422  0.111  0.110  0.000  0.000  0.000  0.000  0.000  0.000  0.000  0.000  0.000  0.000  0.000  0.000  0.000  0.000
       Local coordinate system has reduced dimensionalities.
       nvibs =                     25
 
       Constructing Wilson B matrix at point                     16  :
   Internal Coordinates
   2.639   2.643   0.035   0.035   0.667   0.660   0.613   0.616   0.982   0.982   1.413   1.358   2.091   2.089  -0.514
  -0.516   2.141   2.050   2.095   2.076   2.078   2.079   2.106   2.106  -0.000   0.000   0.000   0.000  -0.000   0.000
  -0.000  -0.000  -0.000   1.164   8.193   1.711   0.277   0.101   0.680   2.231  -0.290   0.454   0.114   0.000  -0.470
  -0.356  -0.926
       Constructing local coordinate system for point                     16
       0.0000   0.0000   0.0000  -0.0003   0.0000   0.0000  -0.0000  -0.0000   0.0000   0.0000   0.0000  -0.0000
       0.0000  -0.0000
      -0.0000   0.0000  -0.0000  -0.0003  -0.0000   0.0000  -0.0000   0.0000   0.0009  -0.0016  -0.0039   0.0012
       0.0016  -0.0001
       0.0084   0.0019  -0.0073  -0.0000  -0.0087  -0.0130  -0.0002  -0.0059   0.0000   0.0001   0.0002   0.0014
      -0.0006  -0.0000
      -0.0000   0.0000  -0.0000  -0.0003  -0.0000   0.0000  -0.0000   0.0000   0.0009  -0.0016  -0.0039   0.0012
       0.0016  -0.0001
       0.0001  -0.0000   0.0001   0.0378   0.0000  -0.0000  -0.0000  -0.0000   0.0000  -0.0000  -0.0000   0.0000
       0.0000  -0.0000
       0.0003  -0.0015  -0.0005  -0.0000  -0.0005   0.0002   0.0018  -0.0001   0.0000   0.0000   0.0000   0.0001
       0.0000  -0.0000
       0.0084   0.0019  -0.0073  -0.0000  -0.0087  -0.0130  -0.0002  -0.0059   0.0000   0.0001   0.0002   0.0014
      -0.0006  -0.0000
       0.0003  -0.0015  -0.0005  -0.0000  -0.0005   0.0002   0.0018  -0.0001   0.0000   0.0000   0.0000   0.0001
       0.0000  -0.0000
       0.0001  -0.0000   0.0001  -0.0255   0.0000  -0.0000  -0.0000  -0.0000   0.0000  -0.0000   0.0000  -0.0000
      -0.0000  -0.0000
       scaling factors of local coordinates:   1.000  1.000  1.000  1.000  1.000  1.000  1.000  1.000  1.000  1.000  1.000  1.000  1.000  1.000  1.000  1.000  1.000  1.000  1.000  1.000  1.000  0.988  0.420  0.111  0.110  0.000  0.000  0.000  0.000  0.000  0.000  0.000  0.000  0.000  0.000  0.000  0.000  0.000  0.000
       Local coordinate system has reduced dimensionalities.
       nvibs =                     25
 
       Constructing Wilson B matrix at point                     17  :
   Internal Coordinates
   2.639   2.643   0.035   0.035   0.667   0.660   0.613   0.616   0.982   0.982   1.413   1.358   2.088   2.097  -0.512
  -0.506   2.141   2.050   2.097   2.072   2.079   2.085   2.101   2.101  -0.000   0.000   0.000   0.000  -0.000   0.000
  -0.000  -0.000  -0.000   1.164   8.193   1.711   0.277   0.101   0.680   2.231  -0.290   0.453   0.114   0.000  -0.470
  -0.356  -0.926
       Constructing local coordinate system for point                     17
       0.0000   0.0000   0.0000   0.0000   0.0000  -0.0000  -0.0000  -0.0000  -0.0000  -0.0000   0.0000   0.0000
       0.0000   0.0000
       0.0000   0.0000   0.0000   0.0003   0.0000  -0.0000   0.0000  -0.0000  -0.0005   0.0009  -0.0028  -0.0034
       0.0007  -0.0010
      -0.0084  -0.0016   0.0075  -0.0000   0.0086   0.0130   0.0001   0.0059  -0.0001   0.0000   0.0003  -0.0006
      -0.0014   0.0000
       0.0000   0.0000   0.0000   0.0003   0.0000  -0.0000   0.0000  -0.0000  -0.0005   0.0009  -0.0028  -0.0034
       0.0007  -0.0010
       0.0000  -0.0000   0.0000   0.0380   0.0000   0.0000  -0.0000  -0.0000  -0.0000   0.0000   0.0000   0.0000
      -0.0000  -0.0000
       0.0002  -0.0015  -0.0005  -0.0000  -0.0005   0.0002   0.0018  -0.0001   0.0000  -0.0000   0.0000  -0.0000
       0.0001  -0.0000
      -0.0084  -0.0016   0.0075  -0.0000   0.0086   0.0130   0.0001   0.0059  -0.0001   0.0000   0.0003  -0.0006
      -0.0014   0.0000
       0.0002  -0.0015  -0.0005  -0.0000  -0.0005   0.0002   0.0018  -0.0001   0.0000  -0.0000   0.0000  -0.0000
       0.0001  -0.0000
       0.0000   0.0000   0.0000  -0.0252   0.0000  -0.0000  -0.0000  -0.0000   0.0000  -0.0000  -0.0000  -0.0000
       0.0000   0.0000
       scaling factors of local coordinates:   1.000  1.000  1.000  1.000  1.000  1.000  1.000  1.000  1.000  1.000  1.000  1.000  1.000  1.000  1.000  1.000  1.000  1.000  1.000  1.000  1.000  0.984  0.421  0.111  0.110  0.000  0.000  0.000  0.000  0.000  0.000  0.000  0.000  0.000  0.000  0.000  0.000  0.000  0.000
       Local coordinate system has reduced dimensionalities.
       nvibs =                     25
 
       Constructing Wilson B matrix at point                     18  :
   Internal Coordinates
   2.639   2.643   0.035   0.035   0.667   0.660   0.613   0.616   0.982   0.982   1.413   1.358   2.093   2.092  -0.508
  -0.510   2.148   2.043   2.094   2.075   2.082   2.082   2.101   2.101  -0.000   0.000   0.000   0.000  -0.000   0.000
  -0.000  -0.000  -0.000   1.164   8.193   1.711   0.277   0.101   0.680   2.231  -0.290   0.448   0.115   0.000  -0.469
  -0.354  -0.923
       Constructing local coordinate system for point                     18
       0.0000   0.0000   0.0000   0.0000   0.0000  -0.0000  -0.0000  -0.0000   0.0000  -0.0000  -0.0000  -0.0000
       0.0000  -0.0000
       0.0000  -0.0000   0.0000   0.0003   0.0000  -0.0000   0.0000  -0.0000  -0.0009   0.0010  -0.0007  -0.0005
       0.0044   0.0006
       0.0084   0.0018  -0.0075   0.0000  -0.0086  -0.0130  -0.0002  -0.0059  -0.0000  -0.0001  -0.0010   0.0011
      -0.0000  -0.0001
       0.0000  -0.0000   0.0000   0.0003   0.0000  -0.0000   0.0000  -0.0000  -0.0009   0.0010  -0.0007  -0.0005
       0.0044   0.0006
       0.0000  -0.0000   0.0000   0.0380   0.0000   0.0000   0.0000  -0.0000   0.0000   0.0000  -0.0000  -0.0000
       0.0000  -0.0000
      -0.0003   0.0015   0.0005   0.0000   0.0005  -0.0002  -0.0018   0.0001   0.0000  -0.0000   0.0001   0.0000
       0.0000   0.0000
       0.0084   0.0018  -0.0075   0.0000  -0.0086  -0.0130  -0.0002  -0.0059  -0.0000  -0.0001  -0.0010   0.0011
      -0.0000  -0.0001
      -0.0003   0.0015   0.0005   0.0000   0.0005  -0.0002  -0.0018   0.0001   0.0000  -0.0000   0.0001   0.0000
       0.0000   0.0000
       0.0000   0.0000   0.0000  -0.0252   0.0000  -0.0000  -0.0000  -0.0000   0.0000  -0.0000   0.0000  -0.0000
       0.0000  -0.0000
       scaling factors of local coordinates:   1.000  1.000  1.000  1.000  1.000  1.000  1.000  1.000  1.000  1.000  1.000  1.000  1.000  1.000  1.000  1.000  1.000  1.000  1.000  1.000  1.000  0.984  0.421  0.111  0.110  0.000  0.000  0.000  0.000  0.000  0.000  0.000  0.000  0.000  0.000  0.000  0.000  0.000  0.000
       Local coordinate system has reduced dimensionalities.
       nvibs =                     25
 
       Constructing Wilson B matrix at point                     19  :
   Internal Coordinates
   2.639   2.643   0.035   0.035   0.667   0.660   0.613   0.616   0.982   0.982   1.413   1.358   2.093   2.092  -0.508
  -0.510   2.141   2.050   2.087   2.075   2.082   2.082   2.101   2.101  -0.000   0.000   0.000   0.000  -0.000   0.000
  -0.000  -0.000  -0.000   1.164   8.193   1.711   0.277   0.101   0.680   2.231  -0.290   0.458   0.114   0.000  -0.470
  -0.356  -0.926
       Constructing local coordinate system for point                     19
       0.0000   0.0000   0.0000  -0.0001   0.0000  -0.0000  -0.0000  -0.0000   0.0000  -0.0000  -0.0000  -0.0000
      -0.0000  -0.0000
      -0.0000   0.0000  -0.0000  -0.0003  -0.0000   0.0000  -0.0000   0.0000   0.0011  -0.0016  -0.0003  -0.0040
       0.0012  -0.0004
       0.0084   0.0018  -0.0075   0.0000  -0.0086  -0.0130  -0.0002  -0.0059  -0.0000   0.0001  -0.0015   0.0000
      -0.0003  -0.0000
      -0.0000   0.0000  -0.0000  -0.0003  -0.0000   0.0000  -0.0000   0.0000   0.0011  -0.0016  -0.0003  -0.0040
       0.0012  -0.0004
       0.0000  -0.0000   0.0000   0.0378   0.0000   0.0000   0.0000  -0.0000  -0.0000   0.0000   0.0000  -0.0000
       0.0000   0.0000
       0.0003  -0.0015  -0.0005  -0.0000  -0.0005   0.0002   0.0018  -0.0001  -0.0000   0.0000  -0.0000  -0.0000
      -0.0001  -0.0000
       0.0084   0.0018  -0.0075   0.0000  -0.0086  -0.0130  -0.0002  -0.0059  -0.0000   0.0001  -0.0015   0.0000
      -0.0003  -0.0000
       0.0003  -0.0015  -0.0005  -0.0000  -0.0005   0.0002   0.0018  -0.0001  -0.0000   0.0000  -0.0000  -0.0000
      -0.0001  -0.0000
       0.0000   0.0000   0.0000  -0.0253   0.0000  -0.0000  -0.0000  -0.0000   0.0000   0.0000   0.0000   0.0000
      -0.0000   0.0000
       scaling factors of local coordinates:   1.000  1.000  1.000  1.000  1.000  1.000  1.000  1.000  1.000  1.000  1.000  1.000  1.000  1.000  1.000  1.000  1.000  1.000  1.000  1.000  1.000  0.984  0.422  0.111  0.110  0.000  0.000  0.000  0.000  0.000  0.000  0.000  0.000  0.000  0.000  0.000  0.000  0.000  0.000
       Local coordinate system has reduced dimensionalities.
       nvibs =                     25
 
       Constructing Wilson B matrix at point                     20  :
   Internal Coordinates
   2.639   2.643   0.035   0.035   0.667   0.660   0.613   0.616   0.982   0.982   1.413   1.358   2.093   2.092  -0.508
  -0.510   2.141   2.050   2.094   2.075   2.075   2.082   2.101   2.101  -0.000   0.000   0.000   0.000  -0.000   0.000
  -0.000  -0.000  -0.000   1.164   8.193   1.711   0.277   0.101   0.680   2.231  -0.290   0.454   0.114   0.000  -0.470
  -0.356  -0.926
       Constructing local coordinate system for point                     20
       0.0000   0.0000   0.0000   0.0001   0.0000  -0.0000  -0.0000  -0.0000   0.0000  -0.0000   0.0000   0.0000
       0.0000   0.0000
       0.0000   0.0000   0.0000   0.0003   0.0000  -0.0000   0.0000  -0.0000  -0.0008  -0.0012  -0.0041  -0.0013
      -0.0005  -0.0011
      -0.0084  -0.0018   0.0075  -0.0000   0.0086   0.0130   0.0002   0.0059  -0.0000   0.0009  -0.0006   0.0011
      -0.0001   0.0000
       0.0000   0.0000   0.0000   0.0003   0.0000  -0.0000   0.0000  -0.0000  -0.0008  -0.0012  -0.0041  -0.0013
      -0.0005  -0.0011
       0.0000  -0.0000   0.0000   0.0381   0.0000   0.0000   0.0000  -0.0000   0.0000  -0.0000  -0.0000  -0.0000
       0.0000   0.0000
       0.0003  -0.0015  -0.0005  -0.0000  -0.0005   0.0002   0.0018  -0.0001  -0.0000  -0.0001   0.0000   0.0000
       0.0000  -0.0000
      -0.0084  -0.0018   0.0075  -0.0000   0.0086   0.0130   0.0002   0.0059  -0.0000   0.0009  -0.0006   0.0011
      -0.0001   0.0000
       0.0003  -0.0015  -0.0005  -0.0000  -0.0005   0.0002   0.0018  -0.0001  -0.0000  -0.0001   0.0000   0.0000
       0.0000  -0.0000
       0.0000   0.0000   0.0000  -0.0251   0.0000  -0.0000  -0.0000  -0.0000  -0.0000  -0.0000  -0.0000  -0.0000
       0.0000   0.0000
       scaling factors of local coordinates:   1.000  1.000  1.000  1.000  1.000  1.000  1.000  1.000  1.000  1.000  1.000  1.000  1.000  1.000  1.000  1.000  1.000  1.000  1.000  1.000  1.000  0.985  0.421  0.111  0.110  0.000  0.000  0.000  0.000  0.000  0.000  0.000  0.000  0.000  0.000  0.000  0.000  0.000  0.000
       Local coordinate system has reduced dimensionalities.
       nvibs =                     25
 
       Constructing Wilson B matrix at point                     21  :
   Internal Coordinates
   2.639   2.643   0.035   0.035   0.667   0.660   0.613   0.616   0.982   0.982   1.413   1.358   2.093   2.092  -0.508
  -0.510   2.141   2.050   2.094   2.075   2.082   2.082   2.094   2.109  -0.000   0.000   0.000   0.000  -0.000   0.000
  -0.000  -0.000  -0.000   1.164   8.193   1.711   0.277   0.101   0.680   2.231  -0.290   0.454   0.114   0.000  -0.470
  -0.356  -0.926
       Constructing local coordinate system for point                     21
       0.0000   0.0000   0.0000   0.0000   0.0000  -0.0000  -0.0000  -0.0000   0.0000  -0.0000  -0.0000  -0.0000
      -0.0000  -0.0000
      -0.0000  -0.0000  -0.0000  -0.0003  -0.0000   0.0000  -0.0000   0.0000   0.0006   0.0045   0.0004  -0.0005
       0.0000   0.0008
      -0.0084  -0.0018   0.0075  -0.0000   0.0086   0.0130   0.0002   0.0059  -0.0000  -0.0002   0.0013  -0.0007
       0.0000   0.0000
      -0.0000  -0.0000  -0.0000  -0.0003  -0.0000   0.0000  -0.0000   0.0000   0.0006   0.0045   0.0004  -0.0005
       0.0000   0.0008
       0.0000  -0.0000   0.0000   0.0380   0.0000   0.0000   0.0000  -0.0000  -0.0000  -0.0000  -0.0000   0.0000
       0.0000  -0.0000
      -0.0003   0.0015   0.0005   0.0000   0.0005  -0.0002  -0.0018   0.0001  -0.0000  -0.0000   0.0001   0.0000
       0.0000   0.0000
      -0.0084  -0.0018   0.0075  -0.0000   0.0086   0.0130   0.0002   0.0059  -0.0000  -0.0002   0.0013  -0.0007
       0.0000   0.0000
      -0.0003   0.0015   0.0005   0.0000   0.0005  -0.0002  -0.0018   0.0001  -0.0000  -0.0000   0.0001   0.0000
       0.0000   0.0000
       0.0000   0.0000   0.0000  -0.0252   0.0000  -0.0000  -0.0000  -0.0000  -0.0000   0.0000   0.0000  -0.0000
       0.0000  -0.0000
       scaling factors of local coordinates:   1.000  1.000  1.000  1.000  1.000  1.000  1.000  1.000  1.000  1.000  1.000  1.000  1.000  1.000  1.000  1.000  1.000  1.000  1.000  1.000  1.000  0.984  0.421  0.111  0.110  0.000  0.000  0.000  0.000  0.000  0.000  0.000  0.000  0.000  0.000  0.000  0.000  0.000  0.000
       Local coordinate system has reduced dimensionalities.
       nvibs =                     25
 
       Constructing Wilson B matrix at point                     22  :
   Internal Coordinates
   2.639   2.643   0.035   0.035   0.667   0.660   0.613   0.616   0.982   0.982   1.413   1.358   2.093   2.092  -0.508
  -0.510   2.141   2.050   2.094   2.075   2.082   2.089   2.101   2.101  -0.000   0.000   0.000   0.000  -0.000   0.000
  -0.000  -0.000  -0.000   1.164   8.193   1.711   0.277   0.101   0.680   2.231  -0.290   0.454   0.114   0.000  -0.470
  -0.356  -0.926
       Constructing local coordinate system for point                     22
       0.0000   0.0000   0.0000  -0.0001   0.0000  -0.0000  -0.0000  -0.0000  -0.0000  -0.0000  -0.0000   0.0000
      -0.0000  -0.0000
       0.0000  -0.0000   0.0000   0.0003   0.0000  -0.0000   0.0000  -0.0000   0.0008  -0.0005   0.0022  -0.0037
      -0.0009   0.0015
      -0.0084  -0.0018   0.0075   0.0000   0.0086   0.0130   0.0002   0.0059  -0.0000  -0.0000  -0.0009  -0.0008
       0.0010  -0.0000
       0.0000  -0.0000   0.0000   0.0003   0.0000  -0.0000   0.0000  -0.0000   0.0008  -0.0005   0.0022  -0.0037
      -0.0009   0.0015
       0.0000  -0.0000   0.0000   0.0378   0.0000   0.0000   0.0000  -0.0000   0.0000  -0.0000   0.0000  -0.0000
      -0.0000  -0.0000
       0.0003  -0.0015  -0.0005  -0.0000  -0.0005   0.0002   0.0018  -0.0001   0.0000   0.0000  -0.0000   0.0000
      -0.0001   0.0000
      -0.0084  -0.0018   0.0075   0.0000   0.0086   0.0130   0.0002   0.0059  -0.0000  -0.0000  -0.0009  -0.0008
       0.0010  -0.0000
       0.0003  -0.0015  -0.0005  -0.0000  -0.0005   0.0002   0.0018  -0.0001   0.0000   0.0000  -0.0000   0.0000
      -0.0001   0.0000
       0.0000   0.0000   0.0000  -0.0253   0.0000  -0.0000  -0.0000  -0.0000  -0.0000   0.0000  -0.0000   0.0000
       0.0000  -0.0000
       scaling factors of local coordinates:   1.000  1.000  1.000  1.000  1.000  1.000  1.000  1.000  1.000  1.000  1.000  1.000  1.000  1.000  1.000  1.000  1.000  1.000  1.000  1.000  1.000  0.984  0.422  0.111  0.110  0.000  0.000  0.000  0.000  0.000  0.000  0.000  0.000  0.000  0.000  0.000  0.000  0.000  0.000
       Local coordinate system has reduced dimensionalities.
       nvibs =                     25
 
       Constructing Wilson B matrix at point                     23  :
   Internal Coordinates
   2.639   2.643   0.035   0.035   0.667   0.660   0.613   0.616   0.982   0.982   1.413   1.358   2.093   2.092  -0.508
  -0.510   2.141   2.050   2.094   2.068   2.082   2.082   2.101   2.101  -0.000   0.000   0.000   0.000  -0.000   0.000
  -0.000  -0.000  -0.000   1.164   8.193   1.711   0.277   0.101   0.680   2.231  -0.290   0.454   0.115   0.000  -0.470
  -0.356  -0.926
       Constructing local coordinate system for point                     23
       0.0000   0.0000   0.0000  -0.0001   0.0000  -0.0000  -0.0000  -0.0000  -0.0000  -0.0000   0.0000   0.0000
       0.0000  -0.0000
      -0.0000  -0.0000  -0.0000  -0.0003  -0.0000   0.0000  -0.0000   0.0000   0.0011   0.0010  -0.0013   0.0043
       0.0002  -0.0001
      -0.0084  -0.0018   0.0075  -0.0000   0.0086   0.0130   0.0002   0.0059   0.0000   0.0001  -0.0014  -0.0004
       0.0002   0.0001
      -0.0000  -0.0000  -0.0000  -0.0003  -0.0000   0.0000  -0.0000   0.0000   0.0011   0.0010  -0.0013   0.0043
       0.0002  -0.0001
       0.0000  -0.0000   0.0000   0.0378   0.0000   0.0000   0.0000  -0.0000   0.0000  -0.0000   0.0000  -0.0000
       0.0000  -0.0000
      -0.0003   0.0015   0.0005   0.0000   0.0005  -0.0002  -0.0018   0.0001   0.0000   0.0000  -0.0000  -0.0000
      -0.0000   0.0000
      -0.0084  -0.0018   0.0075  -0.0000   0.0086   0.0130   0.0002   0.0059   0.0000   0.0001  -0.0014  -0.0004
       0.0002   0.0001
      -0.0003   0.0015   0.0005   0.0000   0.0005  -0.0002  -0.0018   0.0001   0.0000   0.0000  -0.0000  -0.0000
      -0.0000   0.0000
       0.0000   0.0000   0.0000  -0.0253   0.0000  -0.0000  -0.0000  -0.0000  -0.0000   0.0000   0.0000  -0.0000
       0.0000   0.0000
       scaling factors of local coordinates:   1.000  1.000  1.000  1.000  1.000  1.000  1.000  1.000  1.000  1.000  1.000  1.000  1.000  1.000  1.000  1.000  1.000  1.000  1.000  1.000  1.000  0.984  0.422  0.111  0.110  0.000  0.000  0.000  0.000  0.000  0.000  0.000  0.000  0.000  0.000  0.000  0.000  0.000  0.000
       Local coordinate system has reduced dimensionalities.
       nvibs =                     25
 
       Constructing Wilson B matrix at point                     24  :
   Internal Coordinates
   2.639   2.643   0.035   0.035   0.667   0.660   0.613   0.616   0.982   0.982   1.413   1.358   2.093   2.092  -0.508
  -0.510   2.141   2.050   2.094   2.075   2.082   2.082   2.101   2.101  -0.000   0.000   0.000   0.000  -0.000   0.000
  -0.000  -0.000  -0.000   1.164   8.193   1.711   0.277   0.101   0.680   2.231  -0.282   0.459   0.114   0.000  -0.474
  -0.358  -0.930
       Constructing local coordinate system for point                     24
       0.0000   0.0000   0.0000   0.0000   0.0000  -0.0000  -0.0000  -0.0000   0.0000   0.0000   0.0000   0.0000
      -0.0000   0.0000
       0.0000  -0.0000   0.0000   0.0003   0.0000  -0.0000   0.0000  -0.0000  -0.0007   0.0000   0.0018  -0.0042
       0.0002   0.0009
       0.0084   0.0019  -0.0075   0.0000  -0.0087  -0.0130  -0.0002  -0.0059  -0.0000  -0.0013   0.0006   0.0002
      -0.0004  -0.0000
       0.0000  -0.0000   0.0000   0.0003   0.0000  -0.0000   0.0000  -0.0000  -0.0007   0.0000   0.0018  -0.0042
       0.0002   0.0009
       0.0000  -0.0000   0.0000   0.0380   0.0000   0.0000   0.0000  -0.0000   0.0000  -0.0000   0.0000  -0.0000
       0.0000   0.0000
      -0.0003   0.0015   0.0005   0.0000   0.0005  -0.0002  -0.0018   0.0001   0.0000   0.0001   0.0000   0.0000
      -0.0000   0.0000
       0.0084   0.0019  -0.0075   0.0000  -0.0087  -0.0130  -0.0002  -0.0059  -0.0000  -0.0013   0.0006   0.0002
      -0.0004  -0.0000
      -0.0003   0.0015   0.0005   0.0000   0.0005  -0.0002  -0.0018   0.0001   0.0000   0.0001   0.0000   0.0000
      -0.0000   0.0000
       0.0000   0.0000   0.0000  -0.0252   0.0000  -0.0000  -0.0000  -0.0000   0.0000  -0.0000   0.0000  -0.0000
       0.0000  -0.0000
       scaling factors of local coordinates:   1.000  1.000  1.000  1.000  1.000  1.000  1.000  1.000  1.000  1.000  1.000  1.000  1.000  1.000  1.000  1.000  1.000  1.000  1.000  1.000  1.000  0.984  0.421  0.111  0.110  0.000  0.000  0.000  0.000  0.000  0.000  0.000  0.000  0.000  0.000  0.000  0.000  0.000  0.000
       Local coordinate system has reduced dimensionalities.
       nvibs =                     25
 
       Constructing Wilson B matrix at point                     25  :
   Internal Coordinates
   2.639   2.643   0.035   0.035   0.667   0.660   0.613   0.616   0.982   0.982   1.413   1.358   2.093   2.092  -0.508
  -0.510   2.141   2.050   2.094   2.075   2.082   2.082   2.101   2.101   0.000  -0.003  -0.000   0.000  -0.000   0.000
  -0.000  -0.000  -0.000   1.164   8.193   1.711   0.277   0.101   0.680   2.231  -0.290   0.454   0.114   0.000  -0.470
  -0.356  -0.926
       Constructing local coordinate system for point                     25
       0.0003   0.0000  -0.0000   0.0000   0.0012  -0.0001  -0.0000  -0.0006  -0.0000   0.0000   0.0000  -0.0000
       0.0000   0.0000
      -0.0000   0.0004   0.0000   0.0003  -0.0000   0.0000  -0.0002   0.0000   0.0007   0.0002   0.0007   0.0040
       0.0021  -0.0007
      -0.0084  -0.0018   0.0075   0.0004   0.0086   0.0131   0.0002   0.0058  -0.0001  -0.0000   0.0001   0.0007
      -0.0014  -0.0000
      -0.0000   0.0004   0.0000   0.0003  -0.0000   0.0000  -0.0002   0.0000   0.0007   0.0002   0.0007   0.0040
       0.0021  -0.0007
       0.0002   0.0000  -0.0007   0.0380  -0.0001  -0.0001   0.0000  -0.0002  -0.0000   0.0000  -0.0000  -0.0000
      -0.0000   0.0000
       0.0003  -0.0015  -0.0005  -0.0001  -0.0005   0.0002   0.0018  -0.0001   0.0000   0.0000   0.0001  -0.0000
       0.0000   0.0000
      -0.0084  -0.0018   0.0075   0.0004   0.0086   0.0131   0.0002   0.0058  -0.0001  -0.0000   0.0001   0.0007
      -0.0014  -0.0000
       0.0003  -0.0015  -0.0005  -0.0001  -0.0005   0.0002   0.0018  -0.0001   0.0000   0.0000   0.0001  -0.0000
       0.0000   0.0000
      -0.0001  -0.0001   0.0007  -0.0252   0.0014  -0.0000  -0.0000  -0.0004   0.0000  -0.0000  -0.0000  -0.0000
      -0.0000   0.0000
       scaling factors of local coordinates:   1.000  1.000  1.000  1.000  1.000  1.000  1.000  1.000  1.000  1.000  1.000  1.000  1.000  1.000  1.000  1.000  1.000  1.000  1.000  1.000  1.000  0.985  0.421  0.111  0.110  0.000  0.000  0.000  0.000  0.000  0.000  0.000  0.000  0.000  0.000  0.000  0.000  0.000  0.000
       Local coordinate system has reduced dimensionalities.
       nvibs =                     25
 
       Constructing Wilson B matrix at point                     26  :
   Internal Coordinates
   2.639   2.643   0.035   0.035   0.667   0.660   0.613   0.616   0.982   0.982   1.413   1.358   2.093   2.092  -0.508
  -0.510   2.141   2.050   2.094   2.075   2.082   2.082   2.101   2.101  -0.000  -0.001  -0.000   0.000  -0.000   0.000
  -0.000  -0.000  -0.000   1.164   8.193   1.711   0.277   0.101   0.680   2.231  -0.290   0.454   0.114   0.000  -0.470
  -0.356  -0.926
       Constructing local coordinate system for point                     26
       0.0002  -0.0001  -0.0002   0.0000  -0.0004  -0.0000   0.0000  -0.0009   0.0000  -0.0000  -0.0000  -0.0000
      -0.0000   0.0000
       0.0000   0.0003  -0.0000   0.0003  -0.0000   0.0000   0.0001   0.0000  -0.0004  -0.0022   0.0034   0.0020
       0.0006   0.0011
      -0.0084   0.0018  -0.0075  -0.0000  -0.0085  -0.0131  -0.0014   0.0057  -0.0001   0.0010   0.0010  -0.0006
       0.0000  -0.0000
       0.0000   0.0003  -0.0000   0.0003  -0.0000   0.0000   0.0001   0.0000  -0.0004  -0.0022   0.0034   0.0020
       0.0006   0.0011
       0.0001  -0.0000  -0.0007   0.0380  -0.0004   0.0000  -0.0000  -0.0005  -0.0000   0.0000  -0.0000  -0.0000
      -0.0000  -0.0000
       0.0003   0.0015   0.0005   0.0000   0.0005  -0.0003   0.0017   0.0001   0.0000  -0.0001  -0.0000  -0.0000
      -0.0000   0.0000
      -0.0084   0.0018  -0.0075  -0.0000  -0.0085  -0.0131  -0.0014   0.0057  -0.0001   0.0010   0.0010  -0.0006
       0.0000  -0.0000
       0.0003   0.0015   0.0005   0.0000   0.0005  -0.0003   0.0017   0.0001   0.0000  -0.0001  -0.0000  -0.0000
      -0.0000   0.0000
      -0.0001  -0.0001  -0.0001  -0.0252  -0.0003  -0.0002   0.0000  -0.0007  -0.0000  -0.0000   0.0000   0.0000
      -0.0000   0.0000
       scaling factors of local coordinates:   1.000  1.000  1.000  1.000  1.000  1.000  1.000  1.000  1.000  1.000  1.000  1.000  1.000  1.000  1.000  1.000  1.000  1.000  1.000  1.000  1.000  0.985  0.421  0.111  0.110  0.000  0.000  0.000  0.000  0.000  0.000  0.000  0.000  0.000  0.000  0.000  0.000  0.000  0.000
       Local coordinate system has reduced dimensionalities.
       nvibs =                     25
 
       Constructing Wilson B matrix at point                     27  :
   Internal Coordinates
   2.639   2.643   0.035   0.035   0.667   0.660   0.613   0.616   0.982   0.982   1.413   1.358   2.093   2.092  -0.508
  -0.510   2.141   2.050   2.094   2.075   2.082   2.082   2.101   2.101  -0.011   0.000   0.000   0.000  -0.000   0.000
  -0.000  -0.000  -0.000   1.164   8.193   1.711   0.277   0.101   0.680   2.231  -0.290   0.454   0.114   0.000  -0.470
  -0.356  -0.926
       Constructing local coordinate system for point                     27
       0.0000   0.0002  -0.0000   0.0000  -0.0000   0.0000   0.0003  -0.0000  -0.0000  -0.0000  -0.0000   0.0000
      -0.0000   0.0000
      -0.0005   0.0000   0.0003  -0.0003  -0.0002   0.0002   0.0000   0.0001   0.0005  -0.0005   0.0011   0.0044
       0.0004   0.0010
       0.0084   0.0018   0.0075   0.0000  -0.0086  -0.0130  -0.0001  -0.0059   0.0000  -0.0005  -0.0014   0.0003
      -0.0000  -0.0001
      -0.0005   0.0000   0.0003  -0.0003  -0.0002   0.0002   0.0000   0.0001   0.0005  -0.0005   0.0011   0.0044
       0.0004   0.0010
      -0.0000   0.0000   0.0000   0.0380   0.0000   0.0000   0.0001   0.0000   0.0000   0.0000   0.0000  -0.0000
      -0.0000  -0.0000
       0.0003  -0.0015   0.0005  -0.0002  -0.0005   0.0002   0.0018  -0.0001   0.0000   0.0000  -0.0001   0.0000
       0.0000  -0.0000
       0.0084   0.0018   0.0075   0.0000  -0.0086  -0.0130  -0.0001  -0.0059   0.0000  -0.0005  -0.0014   0.0003
      -0.0000  -0.0001
       0.0003  -0.0015   0.0005  -0.0002  -0.0005   0.0002   0.0018  -0.0001   0.0000   0.0000  -0.0001   0.0000
       0.0000  -0.0000
       0.0000   0.0002  -0.0000  -0.0252  -0.0000   0.0000   0.0003   0.0000  -0.0000   0.0000  -0.0000  -0.0000
       0.0000  -0.0000
       scaling factors of local coordinates:   1.000  1.000  1.000  1.000  1.000  1.000  1.000  1.000  1.000  1.000  1.000  1.000  1.000  1.000  1.000  1.000  1.000  1.000  1.000  1.000  1.000  0.984  0.421  0.111  0.110  0.000  0.000  0.000  0.000  0.000  0.000  0.000  0.000  0.000  0.000  0.000  0.000  0.000  0.000
       Local coordinate system has reduced dimensionalities.
       nvibs =                     25
 
       Constructing Wilson B matrix at point                     28  :
   Internal Coordinates
   2.639   2.643   0.035   0.035   0.667   0.660   0.613   0.616   0.982   0.982   1.413   1.358   2.093   2.092  -0.508
  -0.510   2.141   2.050   2.094   2.075   2.082   2.082   2.101   2.101  -0.000   0.000   0.000  -0.000  -0.000   0.000
  -0.000  -0.000  -0.000   1.164   8.193   1.711   0.277   0.101   0.680   2.231  -0.290   0.454   0.114  -0.001  -0.470
  -0.356  -0.926
       Constructing local coordinate system for point                     28
      -0.0001  -0.0002  -0.0010   0.0000  -0.0006   0.0002   0.0000  -0.0003   0.0000   0.0000   0.0000   0.0000
      -0.0000   0.0000
      -0.0000  -0.0001   0.0000  -0.0003   0.0000   0.0000   0.0002  -0.0000  -0.0005   0.0027  -0.0036  -0.0003
       0.0001   0.0011
      -0.0084  -0.0019  -0.0075  -0.0001  -0.0086   0.0129  -0.0004  -0.0060   0.0000  -0.0000  -0.0002   0.0015
       0.0000   0.0000
      -0.0000  -0.0001   0.0000  -0.0003   0.0000   0.0000   0.0002  -0.0000  -0.0005   0.0027  -0.0036  -0.0003
       0.0001   0.0011
      -0.0000  -0.0001  -0.0004   0.0380  -0.0004   0.0002   0.0000  -0.0002   0.0000  -0.0000   0.0000  -0.0000
       0.0000  -0.0000
      -0.0003   0.0015  -0.0005   0.0000  -0.0005  -0.0003  -0.0018  -0.0000   0.0000  -0.0000  -0.0000   0.0000
      -0.0000   0.0000
      -0.0084  -0.0019  -0.0075  -0.0001  -0.0086   0.0129  -0.0004  -0.0060   0.0000  -0.0000  -0.0002   0.0015
       0.0000   0.0000
      -0.0003   0.0015  -0.0005   0.0000  -0.0005  -0.0003  -0.0018  -0.0000   0.0000  -0.0000  -0.0000   0.0000
      -0.0000   0.0000
      -0.0000  -0.0002  -0.0013  -0.0252  -0.0007   0.0001   0.0000  -0.0001   0.0000   0.0000  -0.0000  -0.0000
      -0.0000  -0.0000
       scaling factors of local coordinates:   1.000  1.000  1.000  1.000  1.000  1.000  1.000  1.000  1.000  1.000  1.000  1.000  1.000  1.000  1.000  1.000  1.000  1.000  1.000  1.000  1.000  0.984  0.421  0.111  0.110  0.000  0.000  0.000  0.000  0.000  0.000  0.000  0.000  0.000  0.000  0.000  0.000  0.000  0.000
       Local coordinate system has reduced dimensionalities.
       nvibs =                     25
 
       Constructing Wilson B matrix at point                     29  :
   Internal Coordinates
   2.639   2.643   0.035   0.035   0.667   0.660   0.613   0.616   0.982   0.982   1.413   1.358   2.093   2.092  -0.508
  -0.510   2.141   2.050   2.094   2.075   2.082   2.082   2.101   2.101  -0.000   0.000   0.000   0.000  -0.000   0.000
  -0.000  -0.000  -0.000   1.164   8.193   1.711   0.277   0.101   0.680   2.231  -0.290   0.454   0.114   0.000  -0.470
  -0.356  -0.926
       Constructing local coordinate system for point                     29
       0.0002  -0.0002   0.0002   0.0000   0.0000  -0.0004   0.0004  -0.0002   0.0000   0.0000   0.0000   0.0000
       0.0000   0.0000
      -0.0001  -0.0000  -0.0000   0.0003   0.0001   0.0001  -0.0001  -0.0000  -0.0001  -0.0002  -0.0039   0.0013
       0.0020   0.0009
       0.0084  -0.0018  -0.0075  -0.0000  -0.0086  -0.0129  -0.0008   0.0061   0.0001   0.0000  -0.0006  -0.0014
      -0.0003   0.0000
      -0.0001  -0.0000  -0.0000   0.0003   0.0001   0.0001  -0.0001  -0.0000  -0.0001  -0.0002  -0.0039   0.0013
       0.0020   0.0009
       0.0000   0.0000  -0.0002   0.0380   0.0000  -0.0002   0.0001  -0.0001   0.0000  -0.0000  -0.0000   0.0000
       0.0000   0.0000
      -0.0003  -0.0015   0.0005   0.0001   0.0005  -0.0003   0.0018   0.0000  -0.0000  -0.0000  -0.0000   0.0001
      -0.0000  -0.0000
       0.0084  -0.0018  -0.0075  -0.0000  -0.0086  -0.0129  -0.0008   0.0061   0.0001   0.0000  -0.0006  -0.0014
      -0.0003   0.0000
      -0.0003  -0.0015   0.0005   0.0001   0.0005  -0.0003   0.0018   0.0000  -0.0000  -0.0000  -0.0000   0.0001
      -0.0000  -0.0000
       0.0003  -0.0003   0.0003  -0.0252  -0.0000  -0.0005   0.0004  -0.0002  -0.0000   0.0000   0.0000  -0.0000
      -0.0000   0.0000
       scaling factors of local coordinates:   1.000  1.000  1.000  1.000  1.000  1.000  1.000  1.000  1.000  1.000  1.000  1.000  1.000  1.000  1.000  1.000  1.000  1.000  1.000  1.000  1.000  0.984  0.421  0.111  0.110  0.000  0.000  0.000  0.000  0.000  0.000  0.000  0.000  0.000  0.000  0.000  0.000  0.000  0.000
       Local coordinate system has reduced dimensionalities.
       nvibs =                     25
 
       Constructing Wilson B matrix at point                     30  :
   Internal Coordinates
   2.639   2.643   0.035   0.035   0.667   0.660   0.613   0.616   0.982   0.982   1.413   1.358   2.093   2.092  -0.508
  -0.510   2.141   2.050   2.094   2.075   2.082   2.082   2.101   2.101  -0.000   0.000   0.000   0.000  -0.000   0.000
   0.001  -0.000  -0.000   1.164   8.193   1.711   0.277   0.101   0.680   2.231  -0.290   0.454   0.114   0.000  -0.470
  -0.356  -0.926
       Constructing local coordinate system for point                     30
      -0.0003  -0.0005   0.0000   0.0000   0.0003  -0.0000   0.0001  -0.0001   0.0000  -0.0000  -0.0000   0.0000
       0.0000   0.0000
      -0.0001   0.0000  -0.0001  -0.0003   0.0000   0.0001   0.0001  -0.0000   0.0003   0.0029  -0.0015   0.0001
      -0.0031  -0.0010
      -0.0084   0.0018  -0.0075   0.0000   0.0086   0.0130   0.0002   0.0059  -0.0001  -0.0003  -0.0009   0.0012
       0.0001  -0.0000
      -0.0001   0.0000  -0.0001  -0.0003   0.0000   0.0001   0.0001  -0.0000   0.0003   0.0029  -0.0015   0.0001
      -0.0031  -0.0010
      -0.0001  -0.0003   0.0001   0.0380   0.0001  -0.0000   0.0000  -0.0001  -0.0000  -0.0000   0.0000   0.0000
      -0.0000  -0.0000
      -0.0003  -0.0015  -0.0005   0.0000   0.0005  -0.0002  -0.0018   0.0001  -0.0000  -0.0000  -0.0001  -0.0000
      -0.0000  -0.0000
      -0.0084   0.0018  -0.0075   0.0000   0.0086   0.0130   0.0002   0.0059  -0.0001  -0.0003  -0.0009   0.0012
       0.0001  -0.0000
      -0.0003  -0.0015  -0.0005   0.0000   0.0005  -0.0002  -0.0018   0.0001  -0.0000  -0.0000  -0.0001  -0.0000
      -0.0000  -0.0000
      -0.0004  -0.0005  -0.0001  -0.0252   0.0004  -0.0000   0.0001  -0.0001   0.0000   0.0000  -0.0000  -0.0000
       0.0000  -0.0000
       scaling factors of local coordinates:   1.000  1.000  1.000  1.000  1.000  1.000  1.000  1.000  1.000  1.000  1.000  1.000  1.000  1.000  1.000  1.000  1.000  1.000  1.000  1.000  1.000  0.984  0.421  0.111  0.110  0.000  0.000  0.000  0.000  0.000  0.000  0.000  0.000  0.000  0.000  0.000  0.000  0.000  0.000
       Local coordinate system has reduced dimensionalities.
       nvibs =                     25
 
       Constructing Wilson B matrix at point                     31  :
   Internal Coordinates
   2.639   2.643   0.035   0.035   0.667   0.660   0.613   0.616   0.982   0.982   1.413   1.358   2.093   2.092  -0.508
  -0.510   2.141   2.050   2.094   2.075   2.082   2.082   2.101   2.101  -0.000   0.000   0.000   0.000  -0.000   0.000
  -0.000  -0.000   0.001   1.164   8.193   1.711   0.277   0.101   0.680   2.231  -0.290   0.454   0.114   0.000  -0.470
  -0.356  -0.926
       Constructing local coordinate system for point                     31
       0.0006   0.0000   0.0002   0.0000   0.0003   0.0001  -0.0000   0.0001  -0.0000  -0.0000  -0.0000   0.0000
       0.0000   0.0000
       0.0000  -0.0001   0.0000  -0.0003   0.0000   0.0000  -0.0000   0.0000   0.0004   0.0045   0.0003   0.0008
      -0.0002   0.0007
       0.0084   0.0018   0.0074  -0.0000  -0.0086   0.0130  -0.0002   0.0059  -0.0001  -0.0002   0.0008   0.0006
      -0.0011   0.0000
       0.0000  -0.0001   0.0000  -0.0003   0.0000   0.0000  -0.0000   0.0000   0.0004   0.0045   0.0003   0.0008
      -0.0002   0.0007
       0.0003   0.0000   0.0001   0.0380   0.0002   0.0000   0.0000   0.0000   0.0000   0.0000   0.0000   0.0000
       0.0000   0.0000
       0.0003  -0.0015   0.0005   0.0000  -0.0005  -0.0002   0.0018   0.0001  -0.0000  -0.0000  -0.0000   0.0001
      -0.0000   0.0000
       0.0084   0.0018   0.0074  -0.0000  -0.0086   0.0130  -0.0002   0.0059  -0.0001  -0.0002   0.0008   0.0006
      -0.0011   0.0000
       0.0003  -0.0015   0.0005   0.0000  -0.0005  -0.0002   0.0018   0.0001  -0.0000  -0.0000  -0.0000   0.0001
      -0.0000   0.0000
       0.0007   0.0000   0.0002  -0.0252   0.0002   0.0001   0.0000   0.0000  -0.0000  -0.0000  -0.0000  -0.0000
      -0.0000  -0.0000
       scaling factors of local coordinates:   1.000  1.000  1.000  1.000  1.000  1.000  1.000  1.000  1.000  1.000  1.000  1.000  1.000  1.000  1.000  1.000  1.000  1.000  1.000  1.000  1.000  0.985  0.421  0.111  0.110  0.000  0.000  0.000  0.000  0.000  0.000  0.000  0.000  0.000  0.000  0.000  0.000  0.000  0.000
       Local coordinate system has reduced dimensionalities.
       nvibs =                     25
 
       Constructing Wilson B matrix at point                     32  :
   Internal Coordinates
   2.639   2.643   0.035   0.035   0.667   0.660   0.613   0.616   0.982   0.982   1.413   1.358   2.093   2.092  -0.508
  -0.510   2.141   2.050   2.094   2.075   2.082   2.082   2.101   2.101  -0.000   0.000   0.000   0.000  -0.000   0.000
  -0.000   0.001  -0.000   1.164   8.193   1.711   0.277   0.101   0.680   2.231  -0.290   0.454   0.114   0.000  -0.470
  -0.356  -0.926
       Constructing local coordinate system for point                     32
       0.0003   0.0005   0.0001   0.0000  -0.0003   0.0000   0.0001   0.0001  -0.0000  -0.0000  -0.0000  -0.0000
      -0.0000  -0.0000
      -0.0001   0.0000   0.0001  -0.0003   0.0000   0.0001  -0.0001  -0.0000   0.0007   0.0001   0.0010  -0.0044
       0.0006  -0.0008
      -0.0084  -0.0018   0.0075  -0.0000   0.0086   0.0130   0.0002   0.0059   0.0000  -0.0015   0.0001  -0.0000
      -0.0001   0.0000
      -0.0001   0.0000   0.0001  -0.0003   0.0000   0.0001  -0.0001  -0.0000   0.0007   0.0001   0.0010  -0.0044
       0.0006  -0.0008
       0.0001   0.0003   0.0002   0.0380  -0.0001   0.0000   0.0000   0.0001   0.0000   0.0000  -0.0000  -0.0000
      -0.0000  -0.0000
      -0.0003   0.0015   0.0005  -0.0000   0.0005  -0.0002  -0.0018   0.0001   0.0000  -0.0000   0.0001   0.0000
      -0.0000   0.0000
      -0.0084  -0.0018   0.0075  -0.0000   0.0086   0.0130   0.0002   0.0059   0.0000  -0.0015   0.0001  -0.0000
      -0.0001   0.0000
      -0.0003   0.0015   0.0005  -0.0000   0.0005  -0.0002  -0.0018   0.0001   0.0000  -0.0000   0.0001   0.0000
      -0.0000   0.0000
       0.0004   0.0005  -0.0000  -0.0252  -0.0004   0.0000   0.0001   0.0001  -0.0000  -0.0000   0.0000   0.0000
      -0.0000   0.0000
       scaling factors of local coordinates:   1.000  1.000  1.000  1.000  1.000  1.000  1.000  1.000  1.000  1.000  1.000  1.000  1.000  1.000  1.000  1.000  1.000  1.000  1.000  1.000  1.000  0.984  0.421  0.111  0.110  0.000  0.000  0.000  0.000  0.000  0.000  0.000  0.000  0.000  0.000  0.000  0.000  0.000  0.000
       Local coordinate system has reduced dimensionalities.
       nvibs =                     25
 
       Constructing Wilson B matrix at point                     33  :
   Internal Coordinates
   2.639   2.643   0.035   0.035   0.667   0.660   0.613   0.616   0.982   0.982   1.413   1.358   2.093   2.092  -0.508
  -0.510   2.141   2.050   2.094   2.075   2.082   2.082   2.101   2.101  -0.000   0.000   0.000   0.000  -0.000   0.000
  -0.000  -0.000  -0.000   1.164   8.193   1.711   0.277   0.101   0.680   2.231  -0.290   0.454   0.114   0.000  -0.470
  -0.356  -0.926
       Constructing local coordinate system for point                     33
       0.0002  -0.0003   0.0002   0.0000   0.0000  -0.0004   0.0005   0.0002   0.0000   0.0000  -0.0000   0.0000
       0.0000   0.0000
      -0.0001  -0.0001  -0.0000  -0.0003   0.0001   0.0001  -0.0000   0.0000   0.0011   0.0013  -0.0008  -0.0000
      -0.0043   0.0002
      -0.0084  -0.0018   0.0075   0.0000   0.0086   0.0130   0.0002   0.0059  -0.0000  -0.0002  -0.0013   0.0008
       0.0002  -0.0000
      -0.0001  -0.0001  -0.0000  -0.0003   0.0001   0.0001  -0.0000   0.0000   0.0011   0.0013  -0.0008  -0.0000
      -0.0043   0.0002
       0.0000   0.0000  -0.0001   0.0380   0.0001  -0.0002   0.0002   0.0001  -0.0000  -0.0000  -0.0000  -0.0000
      -0.0000   0.0000
      -0.0003   0.0015   0.0005  -0.0001   0.0005  -0.0002  -0.0018   0.0001  -0.0000  -0.0000  -0.0001  -0.0000
       0.0000  -0.0000
      -0.0084  -0.0018   0.0075   0.0000   0.0086   0.0130   0.0002   0.0059  -0.0000  -0.0002  -0.0013   0.0008
       0.0002  -0.0000
      -0.0003   0.0015   0.0005  -0.0001   0.0005  -0.0002  -0.0018   0.0001  -0.0000  -0.0000  -0.0001  -0.0000
       0.0000  -0.0000
       0.0003  -0.0003   0.0003  -0.0252   0.0000  -0.0005   0.0005   0.0002  -0.0000  -0.0000  -0.0000  -0.0000
      -0.0000   0.0000
       scaling factors of local coordinates:   1.000  1.000  1.000  1.000  1.000  1.000  1.000  1.000  1.000  1.000  1.000  1.000  1.000  1.000  1.000  1.000  1.000  1.000  1.000  1.000  1.000  0.984  0.421  0.111  0.110  0.000  0.000  0.000  0.000  0.000  0.000  0.000  0.000  0.000  0.000  0.000  0.000  0.000  0.000
       Local coordinate system has reduced dimensionalities.
       nvibs =                     25
 
       Constructing Wilson B matrix at point                     34  :
   Internal Coordinates
   2.639   2.643   0.035   0.035   0.667   0.660   0.613   0.616   0.982   0.982   1.413   1.358   2.093   2.092  -0.508
  -0.510   2.141   2.050   2.094   2.075   2.082   2.082   2.101   2.101  -0.000   0.000   0.000   0.000  -0.000   0.000
  -0.000  -0.000  -0.000   1.164   8.193   1.711   0.277   0.101   0.680   2.231  -0.290   0.454   0.114   0.005  -0.470
  -0.356  -0.926
       Constructing local coordinate system for point                     34
      -0.0000  -0.0000   0.0001   0.0000   0.0000   0.0000   0.0000  -0.0000  -0.0000   0.0000   0.0000   0.0000
       0.0000   0.0000
       0.0000   0.0000  -0.0000   0.0003  -0.0000  -0.0000  -0.0000   0.0000   0.0004  -0.0026  -0.0036   0.0005
      -0.0005  -0.0011
       0.0084   0.0018  -0.0075   0.0000  -0.0086  -0.0130  -0.0001   0.0059  -0.0000  -0.0002  -0.0000  -0.0015
      -0.0003  -0.0000
       0.0000   0.0000  -0.0000   0.0003  -0.0000  -0.0000  -0.0000   0.0000   0.0004  -0.0026  -0.0036   0.0005
      -0.0005  -0.0011
       0.0000  -0.0000   0.0000   0.0380   0.0000   0.0000   0.0000   0.0000   0.0000   0.0000   0.0000  -0.0000
       0.0000  -0.0000
      -0.0003   0.0015   0.0005   0.0001   0.0005  -0.0002  -0.0018  -0.0001   0.0000   0.0000  -0.0000   0.0000
       0.0000   0.0000
       0.0084   0.0018  -0.0075   0.0000  -0.0086  -0.0130  -0.0001   0.0059  -0.0000  -0.0002  -0.0000  -0.0015
      -0.0003  -0.0000
      -0.0003   0.0015   0.0005   0.0001   0.0005  -0.0002  -0.0018  -0.0001   0.0000   0.0000  -0.0000   0.0000
       0.0000   0.0000
      -0.0000  -0.0000   0.0000  -0.0252   0.0000   0.0000   0.0000   0.0000  -0.0000  -0.0000  -0.0000  -0.0000
       0.0000  -0.0000
       scaling factors of local coordinates:   1.000  1.000  1.000  1.000  1.000  1.000  1.000  1.000  1.000  1.000  1.000  1.000  1.000  1.000  1.000  1.000  1.000  1.000  1.000  1.000  1.000  0.984  0.421  0.111  0.110  0.000  0.000  0.000  0.000  0.000  0.000  0.000  0.000  0.000  0.000  0.000  0.000  0.000  0.000
       Local coordinate system has reduced dimensionalities.
       nvibs =                     25
 
       Constructing Wilson B matrix at point                     35  :
   Internal Coordinates
   2.709   2.713   0.037   0.037   0.627   0.633   0.617   0.618   0.981   0.981   1.414   1.856   2.076   2.080  -0.505
  -0.501   2.140   2.036   2.078   2.059   2.093   2.096   2.086   2.090   0.000   0.000   0.000   0.000   0.000   0.000
   0.000   0.000   0.000   1.108   7.426   1.534   0.324   0.092   0.615   2.287  -0.349   0.447   0.113   0.000  -0.449
  -0.345  -0.896
       Constructing local coordinate system for point                     35
      -0.0000  -0.0000  -0.0000  -0.0234   0.0000   0.0000   0.0000   0.0000   0.0000   0.0000   0.0000   0.0000
      -0.0000   0.0000
       0.0000   0.0000   0.0000   0.0003   0.0000  -0.0000  -0.0000  -0.0000  -0.0003  -0.0003  -0.0045  -0.0035
       0.0008  -0.0011
      -0.0072  -0.0014  -0.0067   0.0000  -0.0080   0.0121   0.0002   0.0048  -0.0002   0.0000   0.0002  -0.0006
      -0.0010   0.0001
       0.0000   0.0000   0.0000   0.0003   0.0000  -0.0000  -0.0000  -0.0000  -0.0003  -0.0003  -0.0045  -0.0035
       0.0008  -0.0011
       0.0000  -0.0000   0.0000  -0.0627   0.0000   0.0000   0.0000   0.0000   0.0000   0.0000   0.0000   0.0000
      -0.0000   0.0000
      -0.0003   0.0015  -0.0005  -0.0000  -0.0007  -0.0006  -0.0024  -0.0000  -0.0000  -0.0000   0.0000  -0.0000
       0.0000   0.0000
      -0.0072  -0.0014  -0.0067   0.0000  -0.0080   0.0121   0.0002   0.0048  -0.0002   0.0000   0.0002  -0.0006
      -0.0010   0.0001
      -0.0003   0.0015  -0.0005  -0.0000  -0.0007  -0.0006  -0.0024  -0.0000  -0.0000  -0.0000   0.0000  -0.0000
       0.0000   0.0000
      -0.0000   0.0000  -0.0000   0.0025  -0.0000  -0.0000  -0.0000  -0.0000  -0.0000   0.0000  -0.0000   0.0000
       0.0000   0.0000
       scaling factors of local coordinates:   1.000  1.000  1.000  1.000  1.000  1.000  1.000  1.000  1.000  1.000  1.000  1.000  1.000  1.000  1.000  1.000  1.000  1.000  1.000  1.000  1.000  0.894  0.421  0.114  0.112  0.000  0.000  0.000  0.000  0.000  0.000  0.000  0.000  0.000  0.000  0.000  0.000  0.000  0.000
       Local coordinate system has reduced dimensionalities.
       nvibs =                     25
 
       Constructing Wilson B matrix at point                     36  :
   Internal Coordinates
   2.710   2.714   0.037   0.037   0.627   0.633   0.617   0.618   0.981   0.981   1.414   1.853   2.077   2.080  -0.506
  -0.501   2.141   2.036   2.077   2.058   2.093   2.096   2.086   2.090   0.000   0.000   0.000   0.000   0.000   0.000
   0.000   0.000   0.000   1.107   7.409   1.530   0.325   0.091   0.613   2.288  -0.351   0.445   0.113   0.000  -0.447
  -0.344  -0.895
       Constructing local coordinate system for point                     36
      -0.0000   0.0000   0.0000  -0.0234   0.0000   0.0000  -0.0000   0.0000   0.0000  -0.0000   0.0000  -0.0000
       0.0000   0.0000
      -0.0072  -0.0014  -0.0067   0.0000  -0.0080   0.0121   0.0002   0.0048  -0.0001  -0.0001  -0.0000   0.0012
       0.0003   0.0001
      -0.0000  -0.0000   0.0000   0.0003  -0.0000   0.0000   0.0000   0.0000  -0.0010   0.0006   0.0011  -0.0011
       0.0055  -0.0008
      -0.0072  -0.0014  -0.0067   0.0000  -0.0080   0.0121   0.0002   0.0048  -0.0001  -0.0001  -0.0000   0.0012
       0.0003   0.0001
       0.0000   0.0000  -0.0000   0.0025  -0.0000   0.0000  -0.0000  -0.0000  -0.0000   0.0000  -0.0000   0.0000
       0.0000  -0.0000
      -0.0003   0.0014  -0.0004  -0.0000  -0.0007  -0.0006  -0.0023  -0.0000   0.0000   0.0000   0.0000  -0.0000
      -0.0000  -0.0000
      -0.0000  -0.0000   0.0000   0.0003  -0.0000   0.0000   0.0000   0.0000  -0.0010   0.0006   0.0011  -0.0011
       0.0055  -0.0008
      -0.0003   0.0014  -0.0004  -0.0000  -0.0007  -0.0006  -0.0023  -0.0000   0.0000   0.0000   0.0000  -0.0000
      -0.0000  -0.0000
      -0.0000  -0.0000   0.0000  -0.0628  -0.0000   0.0000   0.0000  -0.0000  -0.0000   0.0000  -0.0000   0.0000
       0.0000  -0.0000
       scaling factors of local coordinates:   1.000  1.000  1.000  1.000  1.000  1.000  1.000  1.000  1.000  1.000  1.000  1.000  1.000  1.000  1.000  1.000  1.000  1.000  1.000  1.000  1.000  0.893  0.421  0.114  0.111  0.000  0.000  0.000  0.000  0.000  0.000  0.000  0.000  0.000  0.000  0.000  0.000  0.000  0.000
       Local coordinate system has reduced dimensionalities.
       nvibs =                     25
 
       Constructing Wilson B matrix at point                     37  :
   Internal Coordinates
   2.691   2.714   0.037   0.037   0.627   0.633   0.617   0.618   0.981   0.981   1.414   1.853   2.081   2.083  -0.504
  -0.498   2.141   2.036   2.075   2.057   2.094   2.098   2.086   2.090   0.000   0.000   0.000   0.000   0.000  -0.000
   0.000  -0.000   0.000   1.107   7.409   1.530   0.325   0.091   0.613   2.288  -0.351   0.451   0.113   0.000  -0.449
  -0.345  -0.896
       Constructing local coordinate system for point                     37
      -0.0000  -0.0000  -0.0000  -0.0236  -0.0000   0.0000   0.0000  -0.0000   0.0000  -0.0000   0.0000  -0.0000
       0.0000  -0.0000
      -0.0072  -0.0014   0.0070   0.0000   0.0079   0.0120   0.0002  -0.0048  -0.0002  -0.0006  -0.0008  -0.0007
       0.0002   0.0001
      -0.0000   0.0000   0.0000   0.0005  -0.0000  -0.0000  -0.0000   0.0000   0.0014  -0.0008   0.0037  -0.0041
      -0.0005   0.0010
      -0.0072  -0.0014   0.0070   0.0000   0.0079   0.0120   0.0002  -0.0048  -0.0002  -0.0006  -0.0008  -0.0007
       0.0002   0.0001
      -0.0000   0.0000  -0.0000   0.0024  -0.0000   0.0000  -0.0000  -0.0000   0.0000   0.0000  -0.0000   0.0000
       0.0000  -0.0000
      -0.0003   0.0014   0.0005   0.0000   0.0007  -0.0006  -0.0022   0.0000   0.0000   0.0000   0.0000   0.0000
      -0.0000  -0.0000
      -0.0000   0.0000   0.0000   0.0005  -0.0000  -0.0000  -0.0000   0.0000   0.0014  -0.0008   0.0037  -0.0041
      -0.0005   0.0010
      -0.0003   0.0014   0.0005   0.0000   0.0007  -0.0006  -0.0022   0.0000   0.0000   0.0000   0.0000   0.0000
      -0.0000  -0.0000
       0.0000  -0.0000  -0.0000  -0.0628  -0.0000   0.0000   0.0000   0.0000   0.0000  -0.0000   0.0000  -0.0000
       0.0000  -0.0000
       scaling factors of local coordinates:   1.000  1.000  1.000  1.000  1.000  1.000  1.000  1.000  1.000  1.000  1.000  1.000  1.000  1.000  1.000  1.000  1.000  1.000  1.000  1.000  1.000  0.898  0.422  0.114  0.112  0.000  0.000  0.000  0.000  0.000  0.000  0.000  0.000  0.000  0.000  0.000  0.000  0.000  0.000
       Local coordinate system has reduced dimensionalities.
       nvibs =                     25
 
       Constructing Wilson B matrix at point                     38  :
   Internal Coordinates
   2.710   2.714   0.038   0.037   0.627   0.633   0.617   0.618   0.981   0.981   1.414   1.853   2.079   2.078  -0.508
  -0.500   2.141   2.036   2.076   2.059   2.092   2.097   2.086   2.090   0.000   0.000   0.000   0.000   0.000  -0.000
   0.000  -0.000   0.000   1.107   7.409   1.530   0.325   0.091   0.613   2.288  -0.351   0.446   0.112   0.000  -0.447
  -0.344  -0.895
       Constructing local coordinate system for point                     38
       0.0000  -0.0000   0.0000  -0.0296   0.0000  -0.0000   0.0000   0.0000  -0.0000   0.0000   0.0000  -0.0000
      -0.0000   0.0000
      -0.0072  -0.0014   0.0067   0.0000   0.0080   0.0120   0.0001  -0.0048   0.0002   0.0002  -0.0012  -0.0000
       0.0001   0.0001
       0.0000  -0.0000  -0.0000   0.0002   0.0000   0.0000   0.0000   0.0000  -0.0012   0.0007  -0.0001   0.0057
       0.0007   0.0011
      -0.0072  -0.0014   0.0067   0.0000   0.0080   0.0120   0.0001  -0.0048   0.0002   0.0002  -0.0012  -0.0000
       0.0001   0.0001
       0.0000   0.0000   0.0000  -0.0034   0.0000  -0.0000  -0.0000   0.0000  -0.0000   0.0000   0.0000   0.0000
       0.0000   0.0000
      -0.0003   0.0014   0.0005   0.0000   0.0007  -0.0006  -0.0023   0.0000  -0.0000  -0.0000   0.0000   0.0000
      -0.0000  -0.0000
       0.0000  -0.0000  -0.0000   0.0002   0.0000   0.0000   0.0000   0.0000  -0.0012   0.0007  -0.0001   0.0057
       0.0007   0.0011
      -0.0003   0.0014   0.0005   0.0000   0.0007  -0.0006  -0.0023   0.0000  -0.0000  -0.0000   0.0000   0.0000
      -0.0000  -0.0000
      -0.0000   0.0000   0.0000  -0.0692   0.0000  -0.0000  -0.0000   0.0000  -0.0000   0.0000  -0.0000   0.0000
       0.0000   0.0000
       scaling factors of local coordinates:   1.000  1.000  1.000  1.000  1.000  1.000  1.000  1.000  1.000  1.000  1.000  1.000  1.000  1.000  1.000  1.000  1.000  1.000  1.000  1.000  1.000  0.905  0.421  0.114  0.111  0.000  0.000  0.000  0.000  0.000  0.000  0.000  0.000  0.000  0.000  0.000  0.000  0.000  0.000
       Local coordinate system has reduced dimensionalities.
       nvibs =                     25
 
       Constructing Wilson B matrix at point                     39  :
   Internal Coordinates
   2.710   2.714   0.037   0.037   0.643   0.633   0.617   0.618   0.981   0.981   1.414   1.853   2.074   2.076  -0.509
  -0.503   2.141   2.036   2.078   2.060   2.091   2.095   2.086   2.090   0.000   0.000   0.000   0.000   0.000  -0.000
   0.000  -0.000   0.000   1.107   7.409   1.530   0.325   0.091   0.613   2.288  -0.351   0.445   0.112   0.000  -0.447
  -0.344  -0.895
       Constructing local coordinate system for point                     39
      -0.0000   0.0000  -0.0000  -0.0236  -0.0000   0.0000  -0.0000   0.0000  -0.0000  -0.0000   0.0000   0.0000
       0.0000   0.0000
       0.0072   0.0017  -0.0066  -0.0000  -0.0081  -0.0122  -0.0003  -0.0049   0.0001   0.0000   0.0009  -0.0007
       0.0001   0.0002
       0.0000   0.0000  -0.0000   0.0004  -0.0000  -0.0000  -0.0000  -0.0000  -0.0014  -0.0018   0.0000   0.0005
       0.0054   0.0006
       0.0072   0.0017  -0.0066  -0.0000  -0.0081  -0.0122  -0.0003  -0.0049   0.0001   0.0000   0.0009  -0.0007
       0.0001   0.0002
       0.0000   0.0000   0.0000   0.0022   0.0000  -0.0000  -0.0000   0.0000   0.0000   0.0000   0.0000  -0.0000
      -0.0000  -0.0000
       0.0003  -0.0014  -0.0003   0.0000  -0.0006   0.0006   0.0023   0.0000  -0.0000   0.0000  -0.0000   0.0000
      -0.0000  -0.0000
       0.0000   0.0000  -0.0000   0.0004  -0.0000  -0.0000  -0.0000  -0.0000  -0.0014  -0.0018   0.0000   0.0005
       0.0054   0.0006
       0.0003  -0.0014  -0.0003   0.0000  -0.0006   0.0006   0.0023   0.0000  -0.0000   0.0000  -0.0000   0.0000
      -0.0000  -0.0000
       0.0000   0.0000   0.0000  -0.0630   0.0000  -0.0000  -0.0000   0.0000  -0.0000   0.0000  -0.0000   0.0000
      -0.0000   0.0000
       scaling factors of local coordinates:   1.000  1.000  1.000  1.000  1.000  1.000  1.000  1.000  1.000  1.000  1.000  1.000  1.000  1.000  1.000  1.000  1.000  1.000  1.000  1.000  1.000  0.920  0.421  0.114  0.111  0.000  0.000  0.000  0.000  0.000  0.000  0.000  0.000  0.000  0.000  0.000  0.000  0.000  0.000
       Local coordinate system has reduced dimensionalities.
       nvibs =                     25
 
       Constructing Wilson B matrix at point                     40  :
   Internal Coordinates
   2.710   2.714   0.037   0.037   0.627   0.649   0.617   0.618   0.981   0.981   1.414   1.853   2.072   2.078  -0.508
  -0.505   2.141   2.036   2.079   2.059   2.092   2.094   2.086   2.090   0.000   0.000   0.000   0.000   0.000   0.000
   0.000   0.000   0.000   1.107   7.409   1.530   0.325   0.091   0.613   2.288  -0.351   0.444   0.112   0.000  -0.447
  -0.344  -0.895
       Constructing local coordinate system for point                     40
       0.0000  -0.0000  -0.0000  -0.0236  -0.0000  -0.0000   0.0000  -0.0000   0.0000   0.0000  -0.0000  -0.0000
      -0.0000  -0.0000
      -0.0072  -0.0011  -0.0066   0.0000  -0.0080   0.0121   0.0001   0.0048   0.0002  -0.0006  -0.0008   0.0007
       0.0000   0.0000
       0.0000  -0.0000  -0.0000  -0.0002  -0.0000   0.0000   0.0000  -0.0000   0.0003   0.0038  -0.0041  -0.0013
      -0.0015   0.0010
      -0.0072  -0.0011  -0.0066   0.0000  -0.0080   0.0121   0.0001   0.0048   0.0002  -0.0006  -0.0008   0.0007
       0.0000   0.0000
      -0.0000  -0.0000   0.0000   0.0021   0.0000   0.0000   0.0000   0.0000  -0.0000   0.0000   0.0000   0.0000
       0.0000  -0.0000
       0.0002  -0.0014   0.0006   0.0000   0.0007   0.0006   0.0023   0.0000   0.0000  -0.0000  -0.0000  -0.0000
       0.0000   0.0000
       0.0000  -0.0000  -0.0000  -0.0002  -0.0000   0.0000   0.0000  -0.0000   0.0003   0.0038  -0.0041  -0.0013
      -0.0015   0.0010
       0.0002  -0.0014   0.0006   0.0000   0.0007   0.0006   0.0023   0.0000   0.0000  -0.0000  -0.0000  -0.0000
       0.0000   0.0000
       0.0000  -0.0000  -0.0000  -0.0630  -0.0000   0.0000   0.0000   0.0000   0.0000   0.0000  -0.0000  -0.0000
      -0.0000  -0.0000
       scaling factors of local coordinates:   1.000  1.000  1.000  1.000  1.000  1.000  1.000  1.000  1.000  1.000  1.000  1.000  1.000  1.000  1.000  1.000  1.000  1.000  1.000  1.000  1.000  0.920  0.421  0.114  0.111  0.000  0.000  0.000  0.000  0.000  0.000  0.000  0.000  0.000  0.000  0.000  0.000  0.000  0.000
       Local coordinate system has reduced dimensionalities.
       nvibs =                     25
 
       Constructing Wilson B matrix at point                     41  :
   Internal Coordinates
   2.710   2.695   0.037   0.037   0.627   0.633   0.617   0.618   0.981   0.981   1.414   1.853   2.079   2.085  -0.502
  -0.500   2.141   2.036   2.076   2.056   2.095   2.097   2.086   2.090   0.000   0.000   0.000   0.000  -0.000   0.000
  -0.000   0.000   0.000   1.107   7.409   1.530   0.325   0.091   0.613   2.288  -0.351   0.446   0.114   0.000  -0.450
  -0.345  -0.894
       Constructing local coordinate system for point                     41
      -0.0000   0.0000  -0.0000  -0.0236   0.0000  -0.0000  -0.0000   0.0000  -0.0000  -0.0000  -0.0000   0.0000
       0.0000   0.0000
      -0.0000  -0.0000  -0.0000  -0.0001  -0.0000  -0.0000   0.0000   0.0000  -0.0008  -0.0001  -0.0012  -0.0057
      -0.0004   0.0003
      -0.0072  -0.0016   0.0069   0.0000   0.0079   0.0121   0.0002   0.0048   0.0001  -0.0000  -0.0008   0.0002
      -0.0008   0.0002
      -0.0000  -0.0000  -0.0000  -0.0001  -0.0000  -0.0000   0.0000   0.0000  -0.0008  -0.0001  -0.0012  -0.0057
      -0.0004   0.0003
       0.0000   0.0000  -0.0000  -0.0628  -0.0000  -0.0000  -0.0000   0.0000  -0.0000   0.0000   0.0000   0.0000
       0.0000   0.0000
       0.0003  -0.0014  -0.0004  -0.0000  -0.0006   0.0006   0.0023   0.0000  -0.0000   0.0000  -0.0000  -0.0000
       0.0000  -0.0000
      -0.0072  -0.0016   0.0069   0.0000   0.0079   0.0121   0.0002   0.0048   0.0001  -0.0000  -0.0008   0.0002
      -0.0008   0.0002
       0.0003  -0.0014  -0.0004  -0.0000  -0.0006   0.0006   0.0023   0.0000  -0.0000   0.0000  -0.0000  -0.0000
       0.0000  -0.0000
       0.0000  -0.0000   0.0000   0.0024   0.0000   0.0000   0.0000   0.0000  -0.0000  -0.0000  -0.0000  -0.0000
       0.0000  -0.0000
       scaling factors of local coordinates:   1.000  1.000  1.000  1.000  1.000  1.000  1.000  1.000  1.000  1.000  1.000  1.000  1.000  1.000  1.000  1.000  1.000  1.000  1.000  1.000  1.000  0.898  0.422  0.114  0.112  0.000  0.000  0.000  0.000  0.000  0.000  0.000  0.000  0.000  0.000  0.000  0.000  0.000  0.000
       Local coordinate system has reduced dimensionalities.
       nvibs =                     25
 
       Constructing Wilson B matrix at point                     42  :
   Internal Coordinates
   2.710   2.714   0.037   0.038   0.627   0.633   0.617   0.618   0.981   0.981   1.414   1.853   2.074   2.082  -0.504
  -0.503   2.141   2.036   2.078   2.057   2.094   2.095   2.086   2.090   0.000   0.000   0.000   0.000   0.000   0.000
   0.000   0.000   0.000   1.107   7.409   1.530   0.325   0.091   0.613   2.288  -0.351   0.445   0.113   0.000  -0.447
  -0.344  -0.895
       Constructing local coordinate system for point                     42
      -0.0000  -0.0000   0.0000  -0.0295  -0.0000   0.0000   0.0000   0.0000   0.0000   0.0000   0.0000  -0.0000
       0.0000   0.0000
       0.0072   0.0015   0.0067   0.0000   0.0080  -0.0121  -0.0003  -0.0048  -0.0001  -0.0000  -0.0002  -0.0005
      -0.0010   0.0002
      -0.0000  -0.0000  -0.0000   0.0004   0.0000  -0.0000  -0.0000  -0.0000   0.0013  -0.0017   0.0006   0.0049
      -0.0025  -0.0001
       0.0072   0.0015   0.0067   0.0000   0.0080  -0.0121  -0.0003  -0.0048  -0.0001  -0.0000  -0.0002  -0.0005
      -0.0010   0.0002
       0.0000   0.0000  -0.0000  -0.0033  -0.0000   0.0000  -0.0000   0.0000  -0.0000   0.0000  -0.0000   0.0000
       0.0000  -0.0000
       0.0002  -0.0014   0.0004  -0.0000   0.0007   0.0006   0.0023   0.0000   0.0000   0.0000  -0.0000   0.0000
       0.0000  -0.0000
      -0.0000  -0.0000  -0.0000   0.0004   0.0000  -0.0000  -0.0000  -0.0000   0.0013  -0.0017   0.0006   0.0049
      -0.0025  -0.0001
       0.0002  -0.0014   0.0004  -0.0000   0.0007   0.0006   0.0023   0.0000   0.0000   0.0000  -0.0000   0.0000
       0.0000  -0.0000
       0.0000  -0.0000   0.0000  -0.0691   0.0000   0.0000   0.0000  -0.0000   0.0000   0.0000   0.0000   0.0000
      -0.0000   0.0000
       scaling factors of local coordinates:   1.000  1.000  1.000  1.000  1.000  1.000  1.000  1.000  1.000  1.000  1.000  1.000  1.000  1.000  1.000  1.000  1.000  1.000  1.000  1.000  1.000  0.905  0.421  0.114  0.111  0.000  0.000  0.000  0.000  0.000  0.000  0.000  0.000  0.000  0.000  0.000  0.000  0.000  0.000
       Local coordinate system has reduced dimensionalities.
       nvibs =                     25
 
       Constructing Wilson B matrix at point                     43  :
   Internal Coordinates
   2.710   2.714   0.037   0.037   0.627   0.633   0.617   0.618   0.981   0.981   1.414   1.937   2.077   2.080  -0.506
  -0.501   2.141   2.036   2.077   2.058   2.093   2.096   2.086   2.090   0.000   0.000   0.000   0.000   0.000   0.000
   0.000   0.000   0.000   1.107   7.409   1.530   0.325   0.091   0.613   2.288  -0.352   0.450   0.113  -0.000  -0.451
  -0.346  -0.895
       Constructing local coordinate system for point                     43
      -0.0000  -0.0000  -0.0000  -0.0234  -0.0000  -0.0000   0.0000   0.0000   0.0000  -0.0000  -0.0000   0.0000
       0.0000  -0.0000
      -0.0071  -0.0015   0.0067   0.0000   0.0079   0.0120   0.0002   0.0047  -0.0002   0.0001  -0.0005  -0.0010
       0.0001  -0.0000
      -0.0000  -0.0000  -0.0000   0.0003  -0.0000   0.0000   0.0000   0.0000  -0.0002  -0.0059  -0.0004  -0.0002
      -0.0009   0.0012
      -0.0071  -0.0015   0.0067   0.0000   0.0079   0.0120   0.0002   0.0047  -0.0002   0.0001  -0.0005  -0.0010
       0.0001  -0.0000
      -0.0000   0.0000  -0.0000   0.0025  -0.0000   0.0000  -0.0000   0.0000   0.0000   0.0000  -0.0000  -0.0000
      -0.0000   0.0000
      -0.0003   0.0014   0.0005   0.0000   0.0007  -0.0006  -0.0023  -0.0000   0.0000   0.0000  -0.0000   0.0000
      -0.0000   0.0000
      -0.0000  -0.0000  -0.0000   0.0003  -0.0000   0.0000   0.0000   0.0000  -0.0002  -0.0059  -0.0004  -0.0002
      -0.0009   0.0012
      -0.0003   0.0014   0.0005   0.0000   0.0007  -0.0006  -0.0023  -0.0000   0.0000   0.0000  -0.0000   0.0000
      -0.0000   0.0000
      -0.0000  -0.0000  -0.0000  -0.0627  -0.0000   0.0000  -0.0000   0.0000  -0.0000  -0.0000   0.0000  -0.0000
      -0.0000  -0.0000
       scaling factors of local coordinates:   1.000  1.000  1.000  1.000  1.000  1.000  1.000  1.000  1.000  1.000  1.000  1.000  1.000  1.000  1.000  1.000  1.000  1.000  1.000  1.000  1.000  0.893  0.421  0.114  0.111  0.000  0.000  0.000  0.000  0.000  0.000  0.000  0.000  0.000  0.000  0.000  0.000  0.000  0.000
       Local coordinate system has reduced dimensionalities.
       nvibs =                     25
 
       Constructing Wilson B matrix at point                     44  :
   Internal Coordinates
   2.710   2.714   0.037   0.037   0.627   0.633   0.628   0.618   0.981   0.981   1.414   1.853   2.077   2.080  -0.506
  -0.501   2.141   2.036   2.077   2.058   2.093   2.096   2.086   2.090   0.000   0.000   0.000   0.000   0.000   0.000
   0.000   0.000   0.000   1.107   7.409   1.530   0.325   0.091   0.613   2.288  -0.351   0.446   0.113   0.000  -0.447
  -0.344  -0.895
       Constructing local coordinate system for point                     44
      -0.0000  -0.0000   0.0000  -0.0235  -0.0000   0.0000   0.0000  -0.0000   0.0000  -0.0000   0.0000   0.0000
      -0.0000  -0.0000
       0.0073   0.0015   0.0067   0.0000   0.0080  -0.0122  -0.0002  -0.0048  -0.0001   0.0002   0.0010   0.0005
       0.0003  -0.0002
       0.0000  -0.0000  -0.0000  -0.0003   0.0000  -0.0000  -0.0000  -0.0000  -0.0012   0.0013  -0.0014   0.0040
      -0.0036   0.0002
       0.0073   0.0015   0.0067   0.0000   0.0080  -0.0122  -0.0002  -0.0048  -0.0001   0.0002   0.0010   0.0005
       0.0003  -0.0002
       0.0000  -0.0000  -0.0000   0.0025  -0.0000  -0.0000   0.0000   0.0000  -0.0000   0.0000  -0.0000   0.0000
      -0.0000  -0.0000
      -0.0002   0.0014  -0.0005  -0.0000  -0.0007  -0.0007  -0.0024  -0.0000  -0.0000   0.0000   0.0000  -0.0000
      -0.0000  -0.0000
       0.0000  -0.0000  -0.0000  -0.0003   0.0000  -0.0000  -0.0000  -0.0000  -0.0012   0.0013  -0.0014   0.0040
      -0.0036   0.0002
      -0.0002   0.0014  -0.0005  -0.0000  -0.0007  -0.0007  -0.0024  -0.0000  -0.0000   0.0000   0.0000  -0.0000
      -0.0000  -0.0000
       0.0000   0.0000   0.0000  -0.0628  -0.0000  -0.0000   0.0000  -0.0000  -0.0000  -0.0000   0.0000  -0.0000
       0.0000   0.0000
       scaling factors of local coordinates:   1.000  1.000  1.000  1.000  1.000  1.000  1.000  1.000  1.000  1.000  1.000  1.000  1.000  1.000  1.000  1.000  1.000  1.000  1.000  1.000  1.000  0.893  0.421  0.114  0.111  0.000  0.000  0.000  0.000  0.000  0.000  0.000  0.000  0.000  0.000  0.000  0.000  0.000  0.000
       Local coordinate system has reduced dimensionalities.
       nvibs =                     25
 
       Constructing Wilson B matrix at point                     45  :
   Internal Coordinates
   2.710   2.714   0.037   0.037   0.627   0.633   0.617   0.618   0.979   0.981   1.414   1.853   2.077   2.080  -0.506
  -0.501   2.141   2.036   2.077   2.058   2.093   2.096   2.086   2.090   0.000   0.000   0.000   0.000   0.000   0.000
   0.000   0.000   0.000   1.107   7.409   1.530   0.325   0.091   0.613   2.288  -0.351   0.445   0.113   0.000  -0.447
  -0.344  -0.895
       Constructing local coordinate system for point                     45
      -0.0000   0.0000   0.0000  -0.0237   0.0000   0.0000  -0.0000   0.0000  -0.0000   0.0000   0.0000  -0.0000
       0.0000   0.0000
      -0.0072  -0.0016  -0.0067  -0.0000  -0.0080   0.0121   0.0002   0.0048   0.0001   0.0002   0.0004   0.0011
       0.0004   0.0001
       0.0000   0.0000   0.0000   0.0003  -0.0000  -0.0000  -0.0000   0.0000   0.0011  -0.0007   0.0017  -0.0024
       0.0049   0.0004
      -0.0072  -0.0016  -0.0067  -0.0000  -0.0080   0.0121   0.0002   0.0048   0.0001   0.0002   0.0004   0.0011
       0.0004   0.0001
      -0.0000   0.0000   0.0000   0.0022   0.0000   0.0000   0.0000  -0.0000   0.0000  -0.0000   0.0000  -0.0000
       0.0000   0.0000
      -0.0003   0.0013  -0.0005   0.0000  -0.0006  -0.0006  -0.0023  -0.0000  -0.0000  -0.0000   0.0000  -0.0000
      -0.0000  -0.0000
       0.0000   0.0000   0.0000   0.0003  -0.0000  -0.0000  -0.0000   0.0000   0.0011  -0.0007   0.0017  -0.0024
       0.0049   0.0004
      -0.0003   0.0013  -0.0005   0.0000  -0.0006  -0.0006  -0.0023  -0.0000  -0.0000  -0.0000   0.0000  -0.0000
      -0.0000  -0.0000
      -0.0000  -0.0000  -0.0000  -0.0631  -0.0000   0.0000   0.0000  -0.0000  -0.0000  -0.0000  -0.0000   0.0000
      -0.0000   0.0000
       scaling factors of local coordinates:   1.000  1.000  1.000  1.000  1.000  1.000  1.000  1.000  1.000  1.000  1.000  1.000  1.000  1.000  1.000  1.000  1.000  1.000  1.000  1.000  1.000  0.893  0.422  0.122  0.113  0.000  0.000  0.000  0.000  0.000  0.000  0.000  0.000  0.000  0.000  0.000  0.000  0.000  0.000
       Local coordinate system has reduced dimensionalities.
       nvibs =                     25
 
       Constructing Wilson B matrix at point                     46  :
   Internal Coordinates
   2.710   2.714   0.037   0.037   0.627   0.633   0.617   0.618   0.981   0.981   1.426   1.853   2.077   2.080  -0.506
  -0.501   2.141   2.036   2.077   2.058   2.093   2.096   2.086   2.090   0.000   0.000   0.000   0.000   0.000   0.000
   0.000   0.000   0.000   1.107   7.409   1.530   0.325   0.091   0.613   2.288  -0.351   0.445   0.113   0.000  -0.447
  -0.344  -0.895
       Constructing local coordinate system for point                     46
       0.0000  -0.0000  -0.0000  -0.0234  -0.0000  -0.0000   0.0000  -0.0000  -0.0000   0.0000   0.0000   0.0000
       0.0000   0.0000
       0.0073   0.0014   0.0066  -0.0000   0.0081  -0.0121  -0.0002  -0.0048   0.0001   0.0005   0.0002  -0.0011
      -0.0001   0.0002
       0.0000  -0.0000  -0.0000  -0.0003   0.0000   0.0000  -0.0000  -0.0000   0.0008   0.0011  -0.0057  -0.0003
      -0.0003  -0.0004
       0.0073   0.0014   0.0066  -0.0000   0.0081  -0.0121  -0.0002  -0.0048   0.0001   0.0005   0.0002  -0.0011
      -0.0001   0.0002
       0.0000   0.0000   0.0000   0.0025   0.0000  -0.0000   0.0000   0.0000  -0.0000  -0.0000   0.0000   0.0000
      -0.0000   0.0000
      -0.0003   0.0014  -0.0004   0.0000  -0.0007  -0.0006  -0.0023  -0.0000   0.0000   0.0000   0.0000  -0.0000
      -0.0000   0.0000
       0.0000  -0.0000  -0.0000  -0.0003   0.0000   0.0000  -0.0000  -0.0000   0.0008   0.0011  -0.0057  -0.0003
      -0.0003  -0.0004
      -0.0003   0.0014  -0.0004   0.0000  -0.0007  -0.0006  -0.0023  -0.0000   0.0000   0.0000   0.0000  -0.0000
      -0.0000   0.0000
       0.0000  -0.0000  -0.0000  -0.0628  -0.0000   0.0000   0.0000  -0.0000  -0.0000   0.0000  -0.0000   0.0000
      -0.0000   0.0000
       scaling factors of local coordinates:   1.000  1.000  1.000  1.000  1.000  1.000  1.000  1.000  1.000  1.000  1.000  1.000  1.000  1.000  1.000  1.000  1.000  1.000  1.000  1.000  1.000  0.896  0.421  0.114  0.111  0.000  0.000  0.000  0.000  0.000  0.000  0.000  0.000  0.000  0.000  0.000  0.000  0.000  0.000
       Local coordinate system has reduced dimensionalities.
       nvibs =                     25
 
       Constructing Wilson B matrix at point                     47  :
   Internal Coordinates
   2.710   2.714   0.037   0.037   0.627   0.633   0.617   0.618   0.981   0.979   1.414   1.853   2.077   2.080  -0.506
  -0.501   2.141   2.036   2.077   2.058   2.093   2.096   2.086   2.090   0.000   0.000   0.000   0.000   0.000   0.000
   0.000   0.000   0.000   1.107   7.409   1.530   0.325   0.091   0.613   2.288  -0.351   0.445   0.113   0.000  -0.447
  -0.344  -0.895
       Constructing local coordinate system for point                     47
      -0.0000  -0.0000  -0.0000  -0.0237  -0.0000   0.0000   0.0000  -0.0000  -0.0000  -0.0000  -0.0000   0.0000
       0.0000   0.0000
       0.0072   0.0012   0.0068   0.0000   0.0080  -0.0121  -0.0002  -0.0048  -0.0002  -0.0001   0.0007   0.0009
      -0.0003  -0.0000
       0.0000  -0.0000  -0.0000   0.0003  -0.0000   0.0000  -0.0000  -0.0000   0.0007  -0.0014   0.0018   0.0000
       0.0052   0.0012
       0.0072   0.0012   0.0068   0.0000   0.0080  -0.0121  -0.0002  -0.0048  -0.0002  -0.0001   0.0007   0.0009
      -0.0003  -0.0000
      -0.0000  -0.0000  -0.0000   0.0022  -0.0000   0.0000   0.0000   0.0000  -0.0000  -0.0000  -0.0000   0.0000
       0.0000   0.0000
       0.0003  -0.0014   0.0004  -0.0000   0.0007   0.0006   0.0023   0.0000   0.0000   0.0000   0.0000  -0.0000
      -0.0000   0.0000
       0.0000  -0.0000  -0.0000   0.0003  -0.0000   0.0000  -0.0000  -0.0000   0.0007  -0.0014   0.0018   0.0000
       0.0052   0.0012
       0.0003  -0.0014   0.0004  -0.0000   0.0007   0.0006   0.0023   0.0000   0.0000   0.0000   0.0000  -0.0000
      -0.0000   0.0000
      -0.0000   0.0000   0.0000  -0.0631   0.0000   0.0000  -0.0000   0.0000  -0.0000   0.0000  -0.0000  -0.0000
      -0.0000  -0.0000
       scaling factors of local coordinates:   1.000  1.000  1.000  1.000  1.000  1.000  1.000  1.000  1.000  1.000  1.000  1.000  1.000  1.000  1.000  1.000  1.000  1.000  1.000  1.000  1.000  0.893  0.422  0.123  0.112  0.000  0.000  0.000  0.000  0.000  0.000  0.000  0.000  0.000  0.000  0.000  0.000  0.000  0.000
       Local coordinate system has reduced dimensionalities.
       nvibs =                     25
 
       Constructing Wilson B matrix at point                     48  :
   Internal Coordinates
   2.710   2.714   0.037   0.037   0.627   0.633   0.617   0.629   0.981   0.981   1.414   1.853   2.077   2.080  -0.506
  -0.501   2.141   2.036   2.077   2.058   2.093   2.096   2.086   2.090   0.000   0.000   0.000   0.000   0.000   0.000
   0.000   0.000   0.000   1.107   7.409   1.530   0.325   0.091   0.613   2.288  -0.351   0.445   0.113   0.000  -0.447
  -0.344  -0.895
       Constructing local coordinate system for point                     48
      -0.0000   0.0000   0.0000  -0.0235   0.0000  -0.0000  -0.0000   0.0000  -0.0000  -0.0000   0.0000  -0.0000
       0.0000   0.0000
      -0.0072  -0.0014  -0.0067  -0.0000  -0.0080   0.0122   0.0003   0.0048   0.0002  -0.0004   0.0011   0.0002
      -0.0001   0.0001
      -0.0000  -0.0000   0.0000   0.0003   0.0000   0.0000   0.0000  -0.0000   0.0007   0.0003   0.0013  -0.0056
       0.0007  -0.0009
      -0.0072  -0.0014  -0.0067  -0.0000  -0.0080   0.0122   0.0003   0.0048   0.0002  -0.0004   0.0011   0.0002
      -0.0001   0.0001
       0.0000  -0.0000  -0.0000   0.0025  -0.0000  -0.0000  -0.0000  -0.0000   0.0000  -0.0000  -0.0000  -0.0000
       0.0000  -0.0000
      -0.0003   0.0014  -0.0004  -0.0000  -0.0006  -0.0005  -0.0023  -0.0000  -0.0000  -0.0000  -0.0000  -0.0000
      -0.0000  -0.0000
      -0.0000  -0.0000   0.0000   0.0003   0.0000   0.0000   0.0000  -0.0000   0.0007   0.0003   0.0013  -0.0056
       0.0007  -0.0009
      -0.0003   0.0014  -0.0004  -0.0000  -0.0006  -0.0005  -0.0023  -0.0000  -0.0000  -0.0000  -0.0000  -0.0000
      -0.0000  -0.0000
       0.0000   0.0000  -0.0000  -0.0628  -0.0000  -0.0000  -0.0000  -0.0000  -0.0000   0.0000   0.0000   0.0000
      -0.0000  -0.0000
       scaling factors of local coordinates:   1.000  1.000  1.000  1.000  1.000  1.000  1.000  1.000  1.000  1.000  1.000  1.000  1.000  1.000  1.000  1.000  1.000  1.000  1.000  1.000  1.000  0.893  0.422  0.114  0.111  0.000  0.000  0.000  0.000  0.000  0.000  0.000  0.000  0.000  0.000  0.000  0.000  0.000  0.000
       Local coordinate system has reduced dimensionalities.
       nvibs =                     25
 
       Constructing Wilson B matrix at point                     49  :
   Internal Coordinates
   2.710   2.714   0.037   0.037   0.627   0.633   0.617   0.618   0.981   0.981   1.414   1.853   2.077   2.080  -0.506
  -0.501   2.141   2.036   2.077   2.058   2.093   2.096   2.086   2.090   0.000   0.000   0.000   0.000   0.000   0.000
   0.000   0.000   0.000   1.126   7.665   1.589   0.309   0.095   0.635   2.269  -0.352   0.444   0.114   0.000  -0.450
  -0.345  -0.895
       Constructing local coordinate system for point                     49
      -0.0000  -0.0000   0.0000  -0.0234   0.0000   0.0000  -0.0000   0.0000   0.0000   0.0000  -0.0000   0.0000
      -0.0000   0.0000
      -0.0000  -0.0000   0.0000   0.0003   0.0000  -0.0000   0.0000   0.0000   0.0012   0.0012  -0.0001   0.0055
      -0.0004   0.0008
       0.0073   0.0014   0.0069   0.0000   0.0081  -0.0121  -0.0002  -0.0049  -0.0001   0.0001  -0.0010   0.0000
       0.0007   0.0000
      -0.0000  -0.0000   0.0000   0.0003   0.0000  -0.0000   0.0000   0.0000   0.0012   0.0012  -0.0001   0.0055
      -0.0004   0.0008
       0.0000  -0.0000   0.0000  -0.0628   0.0000   0.0000  -0.0000   0.0000   0.0000  -0.0000  -0.0000  -0.0000
      -0.0000  -0.0000
       0.0003  -0.0013   0.0005   0.0000   0.0007   0.0005   0.0022   0.0000  -0.0000   0.0000  -0.0000  -0.0000
       0.0000   0.0000
       0.0073   0.0014   0.0069   0.0000   0.0081  -0.0121  -0.0002  -0.0049  -0.0001   0.0001  -0.0010   0.0000
       0.0007   0.0000
       0.0003  -0.0013   0.0005   0.0000   0.0007   0.0005   0.0022   0.0000  -0.0000   0.0000  -0.0000  -0.0000
       0.0000   0.0000
      -0.0000  -0.0000   0.0000   0.0026   0.0000   0.0000   0.0000   0.0000  -0.0000  -0.0000   0.0000   0.0000
       0.0000  -0.0000
       scaling factors of local coordinates:   1.000  1.000  1.000  1.000  1.000  1.000  1.000  1.000  1.000  1.000  1.000  1.000  1.000  1.000  1.000  1.000  1.000  1.000  1.000  1.000  1.000  0.893  0.421  0.114  0.111  0.000  0.000  0.000  0.000  0.000  0.000  0.000  0.000  0.000  0.000  0.000  0.000  0.000  0.000
       Local coordinate system has reduced dimensionalities.
       nvibs =                     25
 
       Constructing Wilson B matrix at point                     50  :
   Internal Coordinates
   2.710   2.714   0.037   0.037   0.627   0.633   0.617   0.618   0.981   0.981   1.414   1.853   2.084   2.088  -0.504
  -0.499   2.146   2.041   2.073   2.054   2.094   2.097   2.086   2.090   0.000   0.000   0.000   0.000   0.000   0.000
   0.000   0.000   0.000   1.107   7.409   1.530   0.325   0.091   0.613   2.288  -0.351   0.443   0.112   0.000  -0.446
  -0.343  -0.895
       Constructing local coordinate system for point                     50
       0.0000   0.0000  -0.0000  -0.0231  -0.0000  -0.0000  -0.0000  -0.0000  -0.0000  -0.0000  -0.0000  -0.0000
      -0.0000   0.0000
       0.0072   0.0015   0.0068  -0.0000   0.0081  -0.0121  -0.0002  -0.0048   0.0001  -0.0002   0.0001  -0.0002
       0.0011   0.0002
       0.0000  -0.0000   0.0000  -0.0003   0.0000  -0.0000  -0.0000  -0.0000   0.0012   0.0007   0.0040   0.0039
       0.0004   0.0007
       0.0072   0.0015   0.0068  -0.0000   0.0081  -0.0121  -0.0002  -0.0048   0.0001  -0.0002   0.0001  -0.0002
       0.0011   0.0002
       0.0000   0.0000  -0.0000   0.0028  -0.0000  -0.0000  -0.0000  -0.0000  -0.0000  -0.0000  -0.0000   0.0000
      -0.0000  -0.0000
      -0.0003   0.0014  -0.0005  -0.0000  -0.0007  -0.0006  -0.0023  -0.0000   0.0000  -0.0000   0.0000  -0.0000
       0.0000   0.0000
       0.0000  -0.0000   0.0000  -0.0003   0.0000  -0.0000  -0.0000  -0.0000   0.0012   0.0007   0.0040   0.0039
       0.0004   0.0007
      -0.0003   0.0014  -0.0005  -0.0000  -0.0007  -0.0006  -0.0023  -0.0000   0.0000  -0.0000   0.0000  -0.0000
       0.0000   0.0000
      -0.0000   0.0000  -0.0000  -0.0625  -0.0000   0.0000   0.0000  -0.0000   0.0000   0.0000   0.0000  -0.0000
       0.0000  -0.0000
       scaling factors of local coordinates:   1.000  1.000  1.000  1.000  1.000  1.000  1.000  1.000  1.000  1.000  1.000  1.000  1.000  1.000  1.000  1.000  1.000  1.000  1.000  1.000  1.000  0.878  0.422  0.114  0.112  0.000  0.000  0.000  0.000  0.000  0.000  0.000  0.000  0.000  0.000  0.000  0.000  0.000  0.000
       Local coordinate system has reduced dimensionalities.
       nvibs =                     25
 
       Constructing Wilson B matrix at point                     51  :
   Internal Coordinates
   2.710   2.714   0.037   0.037   0.627   0.633   0.617   0.618   0.981   0.981   1.414   1.853   2.074   2.078  -0.512
  -0.508   2.141   2.036   2.078   2.059   2.089   2.092   2.091   2.095   0.000   0.000   0.000   0.000  -0.000   0.000
  -0.000   0.000   0.000   1.107   7.409   1.530   0.325   0.091   0.613   2.288  -0.351   0.445   0.112  -0.000  -0.447
  -0.344  -0.895
       Constructing local coordinate system for point                     51
      -0.0000  -0.0000  -0.0000  -0.0230  -0.0000   0.0000   0.0000   0.0000  -0.0000   0.0000  -0.0000   0.0000
       0.0000   0.0000
       0.0072   0.0014  -0.0066   0.0000  -0.0080  -0.0121  -0.0002   0.0048  -0.0002   0.0000   0.0011   0.0002
       0.0003  -0.0002
       0.0000  -0.0000   0.0000  -0.0003   0.0000   0.0000  -0.0000   0.0000   0.0012   0.0011   0.0015  -0.0036
      -0.0041  -0.0010
       0.0072   0.0014  -0.0066   0.0000  -0.0080  -0.0121  -0.0002   0.0048  -0.0002   0.0000   0.0011   0.0002
       0.0003  -0.0002
       0.0000  -0.0000   0.0000   0.0028  -0.0000  -0.0000   0.0000  -0.0000  -0.0000  -0.0000   0.0000   0.0000
      -0.0000   0.0000
      -0.0003   0.0014   0.0004   0.0000   0.0007  -0.0006  -0.0023   0.0000  -0.0000   0.0000   0.0000   0.0000
      -0.0000  -0.0000
       0.0000  -0.0000   0.0000  -0.0003   0.0000   0.0000  -0.0000   0.0000   0.0012   0.0011   0.0015  -0.0036
      -0.0041  -0.0010
      -0.0003   0.0014   0.0004   0.0000   0.0007  -0.0006  -0.0023   0.0000  -0.0000   0.0000   0.0000   0.0000
      -0.0000  -0.0000
       0.0000   0.0000   0.0000  -0.0626   0.0000  -0.0000   0.0000   0.0000  -0.0000  -0.0000   0.0000  -0.0000
      -0.0000  -0.0000
       scaling factors of local coordinates:   1.000  1.000  1.000  1.000  1.000  1.000  1.000  1.000  1.000  1.000  1.000  1.000  1.000  1.000  1.000  1.000  1.000  1.000  1.000  1.000  1.000  0.895  0.419  0.113  0.111  0.000  0.000  0.000  0.000  0.000  0.000  0.000  0.000  0.000  0.000  0.000  0.000  0.000  0.000
       Local coordinate system has reduced dimensionalities.
       nvibs =                     25
 
       Constructing Wilson B matrix at point                     52  :
   Internal Coordinates
   2.710   2.714   0.037   0.037   0.627   0.633   0.617   0.618   0.981   0.981   1.414   1.853   2.072   2.085  -0.510
  -0.497   2.141   2.036   2.079   2.056   2.090   2.098   2.086   2.090   0.000   0.000   0.000   0.000   0.000  -0.000
   0.000  -0.000   0.000   1.107   7.409   1.530   0.325   0.091   0.613   2.288  -0.351   0.444   0.113  -0.000  -0.447
  -0.344  -0.895
       Constructing local coordinate system for point                     52
       0.0000  -0.0000  -0.0000  -0.0234  -0.0000  -0.0000   0.0000  -0.0000   0.0000   0.0000  -0.0000   0.0000
      -0.0000   0.0000
      -0.0072   0.0013   0.0067   0.0000   0.0080   0.0121   0.0001   0.0048   0.0001   0.0011   0.0005   0.0002
      -0.0002  -0.0001
       0.0000   0.0000  -0.0000   0.0003   0.0000   0.0000   0.0000  -0.0000   0.0014   0.0024  -0.0051   0.0000
      -0.0003   0.0009
      -0.0072   0.0013   0.0067   0.0000   0.0080   0.0121   0.0001   0.0048   0.0001   0.0011   0.0005   0.0002
      -0.0002  -0.0001
       0.0000  -0.0000  -0.0000   0.0025  -0.0000   0.0000  -0.0000   0.0000  -0.0000  -0.0000   0.0000  -0.0000
      -0.0000  -0.0000
      -0.0003  -0.0014   0.0005  -0.0000   0.0007  -0.0006  -0.0023  -0.0000  -0.0000  -0.0000  -0.0000  -0.0000
       0.0000   0.0000
       0.0000   0.0000  -0.0000   0.0003   0.0000   0.0000   0.0000  -0.0000   0.0014   0.0024  -0.0051   0.0000
      -0.0003   0.0009
      -0.0003  -0.0014   0.0005  -0.0000   0.0007  -0.0006  -0.0023  -0.0000  -0.0000  -0.0000  -0.0000  -0.0000
       0.0000   0.0000
      -0.0000  -0.0000   0.0000  -0.0628   0.0000  -0.0000  -0.0000   0.0000  -0.0000   0.0000  -0.0000  -0.0000
      -0.0000   0.0000
       scaling factors of local coordinates:   1.000  1.000  1.000  1.000  1.000  1.000  1.000  1.000  1.000  1.000  1.000  1.000  1.000  1.000  1.000  1.000  1.000  1.000  1.000  1.000  1.000  0.893  0.421  0.114  0.111  0.000  0.000  0.000  0.000  0.000  0.000  0.000  0.000  0.000  0.000  0.000  0.000  0.000  0.000
       Local coordinate system has reduced dimensionalities.
       nvibs =                     25
 
       Constructing Wilson B matrix at point                     53  :
   Internal Coordinates
   2.710   2.714   0.037   0.037   0.627   0.633   0.617   0.618   0.981   0.981   1.414   1.853   2.077   2.080  -0.506
  -0.501   2.148   2.029   2.077   2.058   2.093   2.096   2.086   2.090   0.000   0.000   0.000   0.000   0.000   0.000
   0.000   0.000   0.000   1.107   7.409   1.530   0.325   0.091   0.613   2.288  -0.351   0.439   0.113  -0.000  -0.446
  -0.342  -0.892
       Constructing local coordinate system for point                     53
       0.0000  -0.0000   0.0000  -0.0234   0.0000  -0.0000   0.0000   0.0000   0.0000   0.0000  -0.0000   0.0000
       0.0000  -0.0000
       0.0072   0.0014  -0.0067  -0.0000  -0.0080  -0.0121  -0.0002   0.0048  -0.0001   0.0001   0.0005   0.0008
       0.0007   0.0002
       0.0000   0.0000  -0.0000  -0.0003   0.0000   0.0000  -0.0000  -0.0000   0.0013  -0.0002  -0.0051   0.0011
       0.0023   0.0003
       0.0072   0.0014  -0.0067  -0.0000  -0.0080  -0.0121  -0.0002   0.0048  -0.0001   0.0001   0.0005   0.0008
       0.0007   0.0002
      -0.0000  -0.0000  -0.0000   0.0025  -0.0000   0.0000  -0.0000  -0.0000   0.0000   0.0000   0.0000   0.0000
      -0.0000  -0.0000
      -0.0003   0.0014   0.0004   0.0000   0.0007  -0.0006  -0.0023   0.0000  -0.0000   0.0000   0.0000   0.0000
      -0.0000   0.0000
       0.0000   0.0000  -0.0000  -0.0003   0.0000   0.0000  -0.0000  -0.0000   0.0013  -0.0002  -0.0051   0.0011
       0.0023   0.0003
      -0.0003   0.0014   0.0004   0.0000   0.0007  -0.0006  -0.0023   0.0000  -0.0000   0.0000   0.0000   0.0000
      -0.0000   0.0000
      -0.0000  -0.0000  -0.0000  -0.0628  -0.0000   0.0000   0.0000  -0.0000   0.0000   0.0000  -0.0000   0.0000
       0.0000   0.0000
       scaling factors of local coordinates:   1.000  1.000  1.000  1.000  1.000  1.000  1.000  1.000  1.000  1.000  1.000  1.000  1.000  1.000  1.000  1.000  1.000  1.000  1.000  1.000  1.000  0.893  0.421  0.114  0.111  0.000  0.000  0.000  0.000  0.000  0.000  0.000  0.000  0.000  0.000  0.000  0.000  0.000  0.000
       Local coordinate system has reduced dimensionalities.
       nvibs =                     25
 
       Constructing Wilson B matrix at point                     54  :
   Internal Coordinates
   2.710   2.714   0.037   0.037   0.627   0.633   0.617   0.618   0.981   0.981   1.414   1.853   2.077   2.080  -0.506
  -0.501   2.141   2.036   2.070   2.058   2.093   2.096   2.086   2.090   0.000   0.000   0.000   0.000   0.000  -0.000
   0.000  -0.000   0.000   1.107   7.409   1.530   0.325   0.091   0.613   2.288  -0.351   0.449   0.113   0.000  -0.447
  -0.344  -0.895
       Constructing local coordinate system for point                     54
       0.0000   0.0000   0.0000  -0.0233   0.0000  -0.0000  -0.0000  -0.0000   0.0000   0.0000  -0.0000  -0.0000
      -0.0000   0.0000
      -0.0072  -0.0014   0.0067  -0.0000   0.0080   0.0121   0.0002   0.0048   0.0001   0.0001   0.0000  -0.0012
      -0.0000  -0.0002
      -0.0000  -0.0000  -0.0000  -0.0003  -0.0000   0.0000   0.0000   0.0000  -0.0011   0.0013  -0.0056  -0.0000
      -0.0006  -0.0002
      -0.0072  -0.0014   0.0067  -0.0000   0.0080   0.0121   0.0002   0.0048   0.0001   0.0001   0.0000  -0.0012
      -0.0000  -0.0002
      -0.0000   0.0000   0.0000   0.0026  -0.0000  -0.0000  -0.0000   0.0000  -0.0000  -0.0000  -0.0000   0.0000
      -0.0000  -0.0000
       0.0003  -0.0014  -0.0004   0.0000  -0.0007   0.0006   0.0023   0.0000   0.0000   0.0000   0.0000  -0.0000
      -0.0000  -0.0000
      -0.0000  -0.0000  -0.0000  -0.0003  -0.0000   0.0000   0.0000   0.0000  -0.0011   0.0013  -0.0056  -0.0000
      -0.0006  -0.0002
       0.0003  -0.0014  -0.0004   0.0000  -0.0007   0.0006   0.0023   0.0000   0.0000   0.0000   0.0000  -0.0000
      -0.0000  -0.0000
      -0.0000   0.0000  -0.0000  -0.0626  -0.0000   0.0000   0.0000   0.0000  -0.0000   0.0000   0.0000  -0.0000
       0.0000   0.0000
       scaling factors of local coordinates:   1.000  1.000  1.000  1.000  1.000  1.000  1.000  1.000  1.000  1.000  1.000  1.000  1.000  1.000  1.000  1.000  1.000  1.000  1.000  1.000  1.000  0.893  0.421  0.114  0.111  0.000  0.000  0.000  0.000  0.000  0.000  0.000  0.000  0.000  0.000  0.000  0.000  0.000  0.000
       Local coordinate system has reduced dimensionalities.
       nvibs =                     25
 
       Constructing Wilson B matrix at point                     55  :
   Internal Coordinates
   2.710   2.714   0.037   0.037   0.627   0.633   0.617   0.618   0.981   0.981   1.414   1.853   2.077   2.080  -0.506
  -0.501   2.141   2.036   2.077   2.058   2.086   2.096   2.086   2.090   0.000   0.000   0.000   0.000  -0.000   0.000
  -0.000   0.000   0.000   1.107   7.409   1.530   0.325   0.091   0.613   2.288  -0.351   0.445   0.113  -0.000  -0.447
  -0.344  -0.895
       Constructing local coordinate system for point                     55
      -0.0000   0.0000  -0.0000  -0.0235  -0.0000  -0.0000  -0.0000  -0.0000  -0.0000  -0.0000   0.0000  -0.0000
      -0.0000   0.0000
      -0.0072  -0.0014   0.0067   0.0000   0.0080   0.0121   0.0002   0.0048   0.0001  -0.0001  -0.0008  -0.0009
      -0.0000   0.0002
      -0.0000  -0.0000  -0.0000   0.0003  -0.0000   0.0000   0.0000   0.0000   0.0013   0.0054  -0.0014   0.0010
       0.0008  -0.0007
      -0.0072  -0.0014   0.0067   0.0000   0.0080   0.0121   0.0002   0.0048   0.0001  -0.0001  -0.0008  -0.0009
      -0.0000   0.0002
      -0.0000   0.0000  -0.0000   0.0024  -0.0000   0.0000  -0.0000   0.0000   0.0000  -0.0000  -0.0000   0.0000
       0.0000   0.0000
      -0.0003   0.0014   0.0004   0.0000   0.0007  -0.0006  -0.0023  -0.0000  -0.0000   0.0000   0.0000  -0.0000
       0.0000  -0.0000
      -0.0000  -0.0000  -0.0000   0.0003  -0.0000   0.0000   0.0000   0.0000   0.0013   0.0054  -0.0014   0.0010
       0.0008  -0.0007
      -0.0003   0.0014   0.0004   0.0000   0.0007  -0.0006  -0.0023  -0.0000  -0.0000   0.0000   0.0000  -0.0000
       0.0000  -0.0000
      -0.0000   0.0000   0.0000  -0.0629   0.0000   0.0000  -0.0000  -0.0000  -0.0000   0.0000  -0.0000   0.0000
       0.0000   0.0000
       scaling factors of local coordinates:   1.000  1.000  1.000  1.000  1.000  1.000  1.000  1.000  1.000  1.000  1.000  1.000  1.000  1.000  1.000  1.000  1.000  1.000  1.000  1.000  1.000  0.893  0.420  0.113  0.112  0.000  0.000  0.000  0.000  0.000  0.000  0.000  0.000  0.000  0.000  0.000  0.000  0.000  0.000
       Local coordinate system has reduced dimensionalities.
       nvibs =                     25
 
       Constructing Wilson B matrix at point                     56  :
   Internal Coordinates
   2.710   2.714   0.037   0.037   0.627   0.633   0.617   0.618   0.981   0.981   1.414   1.853   2.077   2.080  -0.506
  -0.501   2.141   2.036   2.077   2.058   2.093   2.096   2.079   2.097   0.000   0.000   0.000   0.000   0.000   0.000
   0.000   0.000   0.000   1.107   7.409   1.530   0.325   0.091   0.613   2.288  -0.351   0.445   0.113   0.000  -0.447
  -0.344  -0.895
       Constructing local coordinate system for point                     56
      -0.0000   0.0000   0.0000  -0.0234   0.0000   0.0000  -0.0000   0.0000   0.0000   0.0000  -0.0000  -0.0000
      -0.0000   0.0000
      -0.0072  -0.0014  -0.0067   0.0000  -0.0080   0.0121   0.0002   0.0048  -0.0000   0.0002   0.0003   0.0006
      -0.0010  -0.0002
       0.0000   0.0000   0.0000  -0.0003   0.0000  -0.0000  -0.0000   0.0000   0.0010  -0.0006   0.0023  -0.0048
      -0.0023   0.0000
      -0.0072  -0.0014  -0.0067   0.0000  -0.0080   0.0121   0.0002   0.0048  -0.0000   0.0002   0.0003   0.0006
      -0.0010  -0.0002
       0.0000  -0.0000  -0.0000   0.0025  -0.0000  -0.0000   0.0000  -0.0000  -0.0000  -0.0000   0.0000   0.0000
       0.0000   0.0000
       0.0003  -0.0014   0.0004   0.0000   0.0007   0.0006   0.0023   0.0000  -0.0000   0.0000   0.0000   0.0000
      -0.0000  -0.0000
       0.0000   0.0000   0.0000  -0.0003   0.0000  -0.0000  -0.0000   0.0000   0.0010  -0.0006   0.0023  -0.0048
      -0.0023   0.0000
       0.0003  -0.0014   0.0004   0.0000   0.0007   0.0006   0.0023   0.0000  -0.0000   0.0000   0.0000   0.0000
      -0.0000  -0.0000
       0.0000   0.0000   0.0000  -0.0628   0.0000  -0.0000  -0.0000   0.0000   0.0000  -0.0000  -0.0000   0.0000
       0.0000  -0.0000
       scaling factors of local coordinates:   1.000  1.000  1.000  1.000  1.000  1.000  1.000  1.000  1.000  1.000  1.000  1.000  1.000  1.000  1.000  1.000  1.000  1.000  1.000  1.000  1.000  0.893  0.421  0.114  0.111  0.000  0.000  0.000  0.000  0.000  0.000  0.000  0.000  0.000  0.000  0.000  0.000  0.000  0.000
       Local coordinate system has reduced dimensionalities.
       nvibs =                     25
 
       Constructing Wilson B matrix at point                     57  :
   Internal Coordinates
   2.710   2.714   0.037   0.037   0.627   0.633   0.617   0.618   0.981   0.981   1.414   1.853   2.077   2.080  -0.506
  -0.501   2.141   2.036   2.077   2.058   2.093   2.103   2.086   2.090   0.000   0.000   0.000   0.000   0.000   0.000
   0.000   0.000   0.000   1.107   7.409   1.530   0.325   0.091   0.613   2.288  -0.351   0.445   0.113   0.000  -0.447
  -0.344  -0.895
       Constructing local coordinate system for point                     57
      -0.0000  -0.0000  -0.0000  -0.0233  -0.0000   0.0000   0.0000   0.0000   0.0000   0.0000   0.0000  -0.0000
       0.0000   0.0000
       0.0072   0.0014   0.0067  -0.0000   0.0080  -0.0121  -0.0002  -0.0048   0.0001  -0.0000  -0.0007  -0.0009
       0.0000  -0.0002
      -0.0000  -0.0000  -0.0000  -0.0003   0.0000  -0.0000  -0.0000   0.0000   0.0012   0.0030  -0.0013   0.0008
      -0.0047   0.0003
       0.0072   0.0014   0.0067  -0.0000   0.0080  -0.0121  -0.0002  -0.0048   0.0001  -0.0000  -0.0007  -0.0009
       0.0000  -0.0002
       0.0000   0.0000  -0.0000   0.0026  -0.0000  -0.0000  -0.0000  -0.0000  -0.0000  -0.0000  -0.0000   0.0000
       0.0000   0.0000
      -0.0003   0.0014  -0.0004  -0.0000  -0.0007  -0.0006  -0.0023  -0.0000   0.0000  -0.0000   0.0000  -0.0000
      -0.0000  -0.0000
      -0.0000  -0.0000  -0.0000  -0.0003   0.0000  -0.0000  -0.0000   0.0000   0.0012   0.0030  -0.0013   0.0008
      -0.0047   0.0003
      -0.0003   0.0014  -0.0004  -0.0000  -0.0007  -0.0006  -0.0023  -0.0000   0.0000  -0.0000   0.0000  -0.0000
      -0.0000  -0.0000
      -0.0000   0.0000   0.0000  -0.0626   0.0000  -0.0000  -0.0000  -0.0000  -0.0000  -0.0000   0.0000  -0.0000
       0.0000   0.0000
       scaling factors of local coordinates:   1.000  1.000  1.000  1.000  1.000  1.000  1.000  1.000  1.000  1.000  1.000  1.000  1.000  1.000  1.000  1.000  1.000  1.000  1.000  1.000  1.000  0.892  0.421  0.114  0.111  0.000  0.000  0.000  0.000  0.000  0.000  0.000  0.000  0.000  0.000  0.000  0.000  0.000  0.000
       Local coordinate system has reduced dimensionalities.
       nvibs =                     25
 
       Constructing Wilson B matrix at point                     58  :
   Internal Coordinates
   2.710   2.714   0.037   0.037   0.627   0.633   0.617   0.618   0.981   0.981   1.414   1.853   2.077   2.080  -0.506
  -0.501   2.141   2.036   2.077   2.051   2.093   2.096   2.086   2.090   0.000   0.000   0.000   0.000   0.000   0.000
   0.000   0.000   0.000   1.107   7.409   1.530   0.325   0.091   0.613   2.288  -0.351   0.445   0.113   0.000  -0.447
  -0.344  -0.895
       Constructing local coordinate system for point                     58
      -0.0000   0.0000   0.0000  -0.0233   0.0000   0.0000   0.0000   0.0000  -0.0000   0.0000   0.0000  -0.0000
       0.0000  -0.0000
      -0.0072  -0.0014  -0.0067   0.0000  -0.0080   0.0121   0.0002   0.0048  -0.0001   0.0001  -0.0012   0.0001
      -0.0001  -0.0000
      -0.0000   0.0000  -0.0000  -0.0003   0.0000  -0.0000   0.0000  -0.0000   0.0009  -0.0057  -0.0007  -0.0005
       0.0005  -0.0010
      -0.0072  -0.0014  -0.0067   0.0000  -0.0080   0.0121   0.0002   0.0048  -0.0001   0.0001  -0.0012   0.0001
      -0.0001  -0.0000
      -0.0000  -0.0000   0.0000   0.0026   0.0000   0.0000   0.0000   0.0000  -0.0000  -0.0000   0.0000  -0.0000
      -0.0000  -0.0000
       0.0003  -0.0014   0.0004  -0.0000   0.0007   0.0006   0.0023   0.0000  -0.0000   0.0000  -0.0000  -0.0000
      -0.0000  -0.0000
      -0.0000   0.0000  -0.0000  -0.0003   0.0000  -0.0000   0.0000  -0.0000   0.0009  -0.0057  -0.0007  -0.0005
       0.0005  -0.0010
       0.0003  -0.0014   0.0004  -0.0000   0.0007   0.0006   0.0023   0.0000  -0.0000   0.0000  -0.0000  -0.0000
      -0.0000  -0.0000
      -0.0000  -0.0000  -0.0000  -0.0626  -0.0000  -0.0000  -0.0000  -0.0000  -0.0000   0.0000   0.0000   0.0000
       0.0000  -0.0000
       scaling factors of local coordinates:   1.000  1.000  1.000  1.000  1.000  1.000  1.000  1.000  1.000  1.000  1.000  1.000  1.000  1.000  1.000  1.000  1.000  1.000  1.000  1.000  1.000  0.893  0.421  0.114  0.111  0.000  0.000  0.000  0.000  0.000  0.000  0.000  0.000  0.000  0.000  0.000  0.000  0.000  0.000
       Local coordinate system has reduced dimensionalities.
       nvibs =                     25
 
       Constructing Wilson B matrix at point                     59  :
   Internal Coordinates
   2.710   2.714   0.037   0.037   0.627   0.633   0.617   0.618   0.981   0.981   1.414   1.853   2.077   2.080  -0.506
  -0.501   2.141   2.036   2.077   2.058   2.093   2.096   2.086   2.090   0.000   0.000   0.000   0.000   0.000   0.000
   0.000   0.000   0.000   1.107   7.409   1.530   0.325   0.091   0.613   2.288  -0.343   0.450   0.113   0.000  -0.451
  -0.346  -0.899
       Constructing local coordinate system for point                     59
       0.0000  -0.0000   0.0000  -0.0234  -0.0000   0.0000   0.0000  -0.0000  -0.0000  -0.0000  -0.0000   0.0000
      -0.0000  -0.0000
       0.0000  -0.0000  -0.0000   0.0003  -0.0000  -0.0000   0.0000  -0.0000   0.0012  -0.0014   0.0007  -0.0055
      -0.0001   0.0005
      -0.0072  -0.0015   0.0068   0.0000   0.0081   0.0121   0.0002   0.0048   0.0001   0.0000   0.0008   0.0001
       0.0009  -0.0002
       0.0000  -0.0000  -0.0000   0.0003  -0.0000  -0.0000   0.0000  -0.0000   0.0012  -0.0014   0.0007  -0.0055
      -0.0001   0.0005
       0.0000  -0.0000   0.0000  -0.0628   0.0000   0.0000   0.0000  -0.0000  -0.0000  -0.0000   0.0000  -0.0000
       0.0000  -0.0000
      -0.0003   0.0014   0.0005  -0.0000   0.0007  -0.0006  -0.0023  -0.0000   0.0000   0.0000  -0.0000  -0.0000
       0.0000  -0.0000
      -0.0072  -0.0015   0.0068   0.0000   0.0081   0.0121   0.0002   0.0048   0.0001   0.0000   0.0008   0.0001
       0.0009  -0.0002
      -0.0003   0.0014   0.0005  -0.0000   0.0007  -0.0006  -0.0023  -0.0000   0.0000   0.0000  -0.0000  -0.0000
       0.0000  -0.0000
       0.0000   0.0000  -0.0000   0.0025  -0.0000  -0.0000  -0.0000  -0.0000  -0.0000  -0.0000   0.0000   0.0000
      -0.0000   0.0000
       scaling factors of local coordinates:   1.000  1.000  1.000  1.000  1.000  1.000  1.000  1.000  1.000  1.000  1.000  1.000  1.000  1.000  1.000  1.000  1.000  1.000  1.000  1.000  1.000  0.893  0.421  0.114  0.111  0.000  0.000  0.000  0.000  0.000  0.000  0.000  0.000  0.000  0.000  0.000  0.000  0.000  0.000
       Local coordinate system has reduced dimensionalities.
       nvibs =                     25
 
       Constructing Wilson B matrix at point                     60  :
   Internal Coordinates
   2.710   2.714   0.037   0.037   0.627   0.633   0.617   0.618   0.981   0.981   1.414   1.853   2.077   2.080  -0.506
  -0.501   2.141   2.036   2.077   2.058   2.093   2.096   2.086   2.090   0.000  -0.003  -0.000  -0.000   0.000  -0.000
  -0.000  -0.000  -0.000   1.107   7.409   1.530   0.325   0.091   0.613   2.288  -0.351   0.445   0.113   0.000  -0.447
  -0.344  -0.895
       Constructing local coordinate system for point                     60
      -0.0002   0.0000  -0.0007   0.0234   0.0009  -0.0001  -0.0000  -0.0006  -0.0000  -0.0000  -0.0000   0.0000
       0.0000  -0.0000
      -0.0067   0.0012  -0.0062  -0.0004  -0.0074  -0.0112  -0.0001  -0.0044   0.0001   0.0011  -0.0008  -0.0009
       0.0018   0.0004
       0.0027  -0.0009   0.0025  -0.0002   0.0030   0.0046   0.0002   0.0018  -0.0003   0.0029   0.0002  -0.0000
       0.0045   0.0009
      -0.0067   0.0012  -0.0062  -0.0004  -0.0074  -0.0112  -0.0001  -0.0044   0.0001   0.0011  -0.0008  -0.0009
       0.0018   0.0004
      -0.0001  -0.0010  -0.0004   0.0068   0.0004   0.0004   0.0016  -0.0004  -0.0000  -0.0000  -0.0000  -0.0000
       0.0000   0.0000
      -0.0003  -0.0010  -0.0009   0.0228  -0.0009   0.0004   0.0016   0.0001  -0.0000   0.0000  -0.0000   0.0000
      -0.0000  -0.0000
       0.0027  -0.0009   0.0025  -0.0002   0.0030   0.0046   0.0002   0.0018  -0.0003   0.0029   0.0002  -0.0000
       0.0045   0.0009
      -0.0003  -0.0010  -0.0009   0.0228  -0.0009   0.0004   0.0016   0.0001  -0.0000   0.0000  -0.0000   0.0000
      -0.0000  -0.0000
       0.0001   0.0010  -0.0010   0.0535   0.0005  -0.0005  -0.0016  -0.0003   0.0000   0.0000   0.0000  -0.0000
       0.0000  -0.0000
       scaling factors of local coordinates:   1.000  1.000  1.000  1.000  1.000  1.000  1.000  1.000  1.000  1.000  1.000  1.000  1.000  1.000  1.000  1.000  1.000  1.000  1.000  1.000  1.000  0.893  0.421  0.114  0.111  0.000  0.000  0.000  0.000  0.000  0.000  0.000  0.000  0.000  0.000  0.000  0.000  0.000  0.000
       Local coordinate system has reduced dimensionalities.
       nvibs =                     25
 
       Constructing Wilson B matrix at point                     61  :
   Internal Coordinates
   2.710   2.714   0.037   0.037   0.627   0.633   0.617   0.618   0.981   0.981   1.414   1.853   2.076   2.080  -0.506
  -0.501   2.141   2.036   2.077   2.058   2.093   2.096   2.086   2.090   0.000  -0.001  -0.000  -0.000  -0.000  -0.000
  -0.000   0.000   0.000   1.107   7.409   1.530   0.325   0.091   0.613   2.288  -0.351   0.445   0.113   0.000  -0.447
  -0.344  -0.895
       Constructing local coordinate system for point                     61
       0.0001  -0.0001  -0.0005   0.0234  -0.0003  -0.0000   0.0000  -0.0008   0.0000  -0.0000  -0.0000  -0.0000
       0.0000  -0.0000
       0.0072  -0.0014   0.0067   0.0001   0.0078   0.0122   0.0012  -0.0047  -0.0000  -0.0000  -0.0011   0.0006
       0.0001  -0.0002
       0.0004  -0.0004   0.0004  -0.0003   0.0004   0.0006  -0.0000  -0.0003  -0.0011   0.0000  -0.0006  -0.0045
       0.0036   0.0004
       0.0072  -0.0014   0.0067   0.0001   0.0078   0.0122   0.0012  -0.0047  -0.0000  -0.0000  -0.0011   0.0006
       0.0001  -0.0002
      -0.0002  -0.0002  -0.0003  -0.0023  -0.0005  -0.0002  -0.0002  -0.0007  -0.0000  -0.0000  -0.0000   0.0000
       0.0000  -0.0000
       0.0003   0.0014   0.0005  -0.0033   0.0007  -0.0007   0.0022   0.0003   0.0000  -0.0000   0.0000   0.0000
       0.0000   0.0000
       0.0004  -0.0004   0.0004  -0.0003   0.0004   0.0006  -0.0000  -0.0003  -0.0011   0.0000  -0.0006  -0.0045
       0.0036   0.0004
       0.0003   0.0014   0.0005  -0.0033   0.0007  -0.0007   0.0022   0.0003   0.0000  -0.0000   0.0000   0.0000
       0.0000   0.0000
       0.0001   0.0001  -0.0011   0.0626  -0.0002  -0.0001   0.0002  -0.0004  -0.0000   0.0000  -0.0000  -0.0000
       0.0000   0.0000
       scaling factors of local coordinates:   1.000  1.000  1.000  1.000  1.000  1.000  1.000  1.000  1.000  1.000  1.000  1.000  1.000  1.000  1.000  1.000  1.000  1.000  1.000  1.000  1.000  0.893  0.421  0.114  0.111  0.000  0.000  0.000  0.000  0.000  0.000  0.000  0.000  0.000  0.000  0.000  0.000  0.000  0.000
       Local coordinate system has reduced dimensionalities.
       nvibs =                     25
 
       Constructing Wilson B matrix at point                     62  :
   Internal Coordinates
   2.710   2.714   0.037   0.037   0.627   0.633   0.617   0.618   0.981   0.981   1.414   1.853   2.077   2.080  -0.506
  -0.501   2.141   2.036   2.077   2.058   2.093   2.096   2.086   2.090  -0.011   0.000   0.000   0.000  -0.000  -0.000
  -0.000  -0.000  -0.000   1.107   7.409   1.530   0.325   0.091   0.613   2.288  -0.351   0.445   0.113  -0.000  -0.447
  -0.344  -0.895
       Constructing local coordinate system for point                     62
       0.0000   0.0001   0.0000   0.0234   0.0000  -0.0000   0.0003  -0.0000   0.0000   0.0000  -0.0000   0.0000
       0.0000  -0.0000
      -0.0062  -0.0013   0.0061   0.0001   0.0072   0.0107   0.0001   0.0043  -0.0001  -0.0009  -0.0010  -0.0024
       0.0001  -0.0006
      -0.0038  -0.0006   0.0028  -0.0003   0.0035   0.0057   0.0001   0.0023  -0.0002  -0.0009   0.0020   0.0047
       0.0000   0.0012
      -0.0062  -0.0013   0.0061   0.0001   0.0072   0.0107   0.0001   0.0043  -0.0001  -0.0009  -0.0010  -0.0024
       0.0001  -0.0006
       0.0002  -0.0010  -0.0003   0.0107  -0.0005   0.0005   0.0021   0.0000   0.0000  -0.0000   0.0000  -0.0000
       0.0000  -0.0000
      -0.0001   0.0009   0.0003  -0.0262   0.0004  -0.0003  -0.0013  -0.0000   0.0000   0.0000  -0.0000   0.0000
      -0.0000   0.0000
      -0.0038  -0.0006   0.0028  -0.0003   0.0035   0.0057   0.0001   0.0023  -0.0002  -0.0009   0.0020   0.0047
       0.0000   0.0012
      -0.0001   0.0009   0.0003  -0.0262   0.0004  -0.0003  -0.0013  -0.0000   0.0000   0.0000  -0.0000   0.0000
      -0.0000   0.0000
      -0.0002   0.0011   0.0004   0.0495   0.0006  -0.0005  -0.0017  -0.0000  -0.0000   0.0000   0.0000   0.0000
      -0.0000  -0.0000
       scaling factors of local coordinates:   1.000  1.000  1.000  1.000  1.000  1.000  1.000  1.000  1.000  1.000  1.000  1.000  1.000  1.000  1.000  1.000  1.000  1.000  1.000  1.000  1.000  0.893  0.421  0.114  0.111  0.000  0.000  0.000  0.000  0.000  0.000  0.000  0.000  0.000  0.000  0.000  0.000  0.000  0.000
       Local coordinate system has reduced dimensionalities.
       nvibs =                     25
 
       Constructing Wilson B matrix at point                     63  :
   Internal Coordinates
   2.710   2.714   0.037   0.037   0.627   0.633   0.617   0.618   0.981   0.981   1.414   1.853   2.077   2.080  -0.506
  -0.501   2.141   2.036   2.077   2.058   2.093   2.096   2.086   2.090   0.000  -0.000  -0.000  -0.000   0.000  -0.000
   0.000  -0.000   0.000   1.107   7.409   1.530   0.325   0.091   0.613   2.288  -0.351   0.445   0.113  -0.001  -0.447
  -0.344  -0.895
       Constructing local coordinate system for point                     63
      -0.0000  -0.0001  -0.0009   0.0234  -0.0008   0.0002   0.0000  -0.0003  -0.0000   0.0000   0.0000   0.0000
       0.0000   0.0000
      -0.0070  -0.0014  -0.0067   0.0000  -0.0078   0.0118  -0.0004  -0.0049  -0.0002   0.0012   0.0009  -0.0001
      -0.0007  -0.0002
      -0.0015  -0.0003  -0.0013  -0.0003  -0.0016   0.0024   0.0001  -0.0010   0.0012  -0.0048   0.0015  -0.0004
       0.0027  -0.0000
      -0.0070  -0.0014  -0.0067   0.0000  -0.0078   0.0118  -0.0004  -0.0049  -0.0002   0.0012   0.0009  -0.0001
      -0.0007  -0.0002
       0.0001  -0.0006  -0.0010   0.0002  -0.0005   0.0004   0.0009  -0.0002   0.0000   0.0000   0.0000  -0.0000
       0.0000   0.0000
      -0.0002   0.0013  -0.0006  -0.0129  -0.0006  -0.0006  -0.0021   0.0001  -0.0000   0.0000  -0.0000  -0.0000
       0.0000   0.0000
      -0.0015  -0.0003  -0.0013  -0.0003  -0.0016   0.0024   0.0001  -0.0010   0.0012  -0.0048   0.0015  -0.0004
       0.0027  -0.0000
      -0.0002   0.0013  -0.0006  -0.0129  -0.0006  -0.0006  -0.0021   0.0001  -0.0000   0.0000  -0.0000  -0.0000
       0.0000   0.0000
      -0.0001   0.0005  -0.0004   0.0601  -0.0010  -0.0001  -0.0008  -0.0001  -0.0000   0.0000  -0.0000  -0.0000
      -0.0000  -0.0000
       scaling factors of local coordinates:   1.000  1.000  1.000  1.000  1.000  1.000  1.000  1.000  1.000  1.000  1.000  1.000  1.000  1.000  1.000  1.000  1.000  1.000  1.000  1.000  1.000  0.893  0.421  0.114  0.111  0.000  0.000  0.000  0.000  0.000  0.000  0.000  0.000  0.000  0.000  0.000  0.000  0.000  0.000
       Local coordinate system has reduced dimensionalities.
       nvibs =                     25
 
       Constructing Wilson B matrix at point                     64  :
   Internal Coordinates
   2.710   2.714   0.037   0.037   0.627   0.633   0.617   0.618   0.981   0.981   1.414   1.853   2.077   2.080  -0.506
  -0.501   2.141   2.036   2.077   2.058   2.093   2.096   2.086   2.090  -0.000   0.000  -0.000  -0.000  -0.000   0.000
   0.000   0.000  -0.000   1.107   7.409   1.530   0.325   0.091   0.613   2.288  -0.351   0.445   0.113   0.000  -0.447
  -0.344  -0.895
       Constructing local coordinate system for point                     64
       0.0002  -0.0002   0.0000   0.0234   0.0000  -0.0004   0.0004  -0.0002   0.0000   0.0000  -0.0000  -0.0000
       0.0000   0.0000
      -0.0065   0.0013   0.0060   0.0002   0.0071   0.0108   0.0006  -0.0045  -0.0003   0.0002   0.0023   0.0014
      -0.0008  -0.0006
      -0.0031   0.0007   0.0031  -0.0003   0.0036   0.0053   0.0004  -0.0023   0.0008  -0.0001  -0.0045  -0.0003
       0.0023   0.0010
      -0.0065   0.0013   0.0060   0.0002   0.0071   0.0108   0.0006  -0.0045  -0.0003   0.0002   0.0023   0.0014
      -0.0008  -0.0006
       0.0005   0.0010  -0.0003   0.0110  -0.0005   0.0001  -0.0015  -0.0003  -0.0000  -0.0000  -0.0000  -0.0000
      -0.0000  -0.0000
      -0.0000  -0.0010   0.0005  -0.0265   0.0004  -0.0006   0.0015   0.0001  -0.0000  -0.0000  -0.0000  -0.0000
      -0.0000   0.0000
      -0.0031   0.0007   0.0031  -0.0003   0.0036   0.0053   0.0004  -0.0023   0.0008  -0.0001  -0.0045  -0.0003
       0.0023   0.0010
      -0.0000  -0.0010   0.0005  -0.0265   0.0004  -0.0006   0.0015   0.0001  -0.0000  -0.0000  -0.0000  -0.0000
      -0.0000   0.0000
      -0.0002  -0.0011   0.0001   0.0492   0.0005  -0.0008   0.0019   0.0000   0.0000  -0.0000   0.0000  -0.0000
      -0.0000  -0.0000
       scaling factors of local coordinates:   1.000  1.000  1.000  1.000  1.000  1.000  1.000  1.000  1.000  1.000  1.000  1.000  1.000  1.000  1.000  1.000  1.000  1.000  1.000  1.000  1.000  0.893  0.421  0.114  0.111  0.000  0.000  0.000  0.000  0.000  0.000  0.000  0.000  0.000  0.000  0.000  0.000  0.000  0.000
       Local coordinate system has reduced dimensionalities.
       nvibs =                     25
 
       Constructing Wilson B matrix at point                     65  :
   Internal Coordinates
   2.710   2.714   0.037   0.037   0.627   0.633   0.617   0.618   0.981   0.981   1.414   1.853   2.077   2.080  -0.506
  -0.501   2.141   2.036   2.077   2.058   2.093   2.096   2.086   2.090   0.000  -0.000   0.000   0.000  -0.000  -0.000
   0.001  -0.000  -0.000   1.107   7.409   1.530   0.325   0.091   0.613   2.288  -0.351   0.445   0.113  -0.000  -0.447
  -0.344  -0.895
       Constructing local coordinate system for point                     65
      -0.0003  -0.0006  -0.0001   0.0234   0.0003  -0.0000   0.0001  -0.0001  -0.0000  -0.0000   0.0000   0.0000
       0.0000   0.0000
       0.0071  -0.0014  -0.0067  -0.0001  -0.0080  -0.0120  -0.0002  -0.0048  -0.0000  -0.0003   0.0004  -0.0006
      -0.0010   0.0003
      -0.0009   0.0001   0.0008  -0.0003   0.0008   0.0013   0.0001   0.0004  -0.0011  -0.0019   0.0053  -0.0005
      -0.0000   0.0009
       0.0071  -0.0014  -0.0067  -0.0001  -0.0080  -0.0120  -0.0002  -0.0048  -0.0000  -0.0003   0.0004  -0.0006
      -0.0010   0.0003
      -0.0004  -0.0003  -0.0000  -0.0018   0.0002   0.0001   0.0005  -0.0001   0.0000   0.0000   0.0000  -0.0000
      -0.0000   0.0000
       0.0003   0.0014  -0.0005   0.0065  -0.0007   0.0006   0.0022   0.0000  -0.0000   0.0000   0.0000   0.0000
       0.0000  -0.0000
      -0.0009   0.0001   0.0008  -0.0003   0.0008   0.0013   0.0001   0.0004  -0.0011  -0.0019   0.0053  -0.0005
      -0.0000   0.0009
       0.0003   0.0014  -0.0005   0.0065  -0.0007   0.0006   0.0022   0.0000  -0.0000   0.0000   0.0000   0.0000
       0.0000  -0.0000
      -0.0002  -0.0006  -0.0001   0.0621   0.0002  -0.0002  -0.0004  -0.0001  -0.0000   0.0000  -0.0000   0.0000
       0.0000   0.0000
       scaling factors of local coordinates:   1.000  1.000  1.000  1.000  1.000  1.000  1.000  1.000  1.000  1.000  1.000  1.000  1.000  1.000  1.000  1.000  1.000  1.000  1.000  1.000  1.000  0.892  0.421  0.114  0.111  0.000  0.000  0.000  0.000  0.000  0.000  0.000  0.000  0.000  0.000  0.000  0.000  0.000  0.000
       Local coordinate system has reduced dimensionalities.
       nvibs =                     25
 
       Constructing Wilson B matrix at point                     66  :
   Internal Coordinates
   2.710   2.714   0.037   0.037   0.627   0.633   0.617   0.618   0.981   0.981   1.414   1.853   2.077   2.080  -0.506
  -0.501   2.141   2.036   2.077   2.058   2.093   2.096   2.086   2.090  -0.000  -0.000   0.000   0.000  -0.000   0.000
  -0.000   0.000   0.001   1.107   7.409   1.530   0.325   0.091   0.613   2.288  -0.351   0.445   0.113   0.000  -0.447
  -0.344  -0.895
       Constructing local coordinate system for point                     66
       0.0004   0.0000   0.0002   0.0234   0.0003   0.0001  -0.0000   0.0001   0.0000  -0.0000  -0.0000   0.0000
       0.0000  -0.0000
       0.0072   0.0014   0.0067  -0.0000  -0.0080   0.0121  -0.0002   0.0048   0.0001   0.0012  -0.0000   0.0002
       0.0001   0.0001
      -0.0000  -0.0001  -0.0000  -0.0003   0.0000  -0.0000  -0.0000  -0.0000  -0.0015  -0.0005  -0.0033   0.0042
       0.0015  -0.0012
       0.0072   0.0014   0.0067  -0.0000  -0.0080   0.0121  -0.0002   0.0048   0.0001   0.0012  -0.0000   0.0002
       0.0001   0.0001
       0.0005  -0.0000   0.0002  -0.0025   0.0002   0.0001   0.0000   0.0000  -0.0000  -0.0000   0.0000  -0.0000
       0.0000   0.0000
       0.0003  -0.0014   0.0004   0.0001  -0.0007  -0.0006   0.0023  -0.0000  -0.0000  -0.0000   0.0000   0.0000
      -0.0000  -0.0000
      -0.0000  -0.0001  -0.0000  -0.0003   0.0000  -0.0000  -0.0000  -0.0000  -0.0015  -0.0005  -0.0033   0.0042
       0.0015  -0.0012
       0.0003  -0.0014   0.0004   0.0001  -0.0007  -0.0006   0.0023  -0.0000  -0.0000  -0.0000   0.0000   0.0000
      -0.0000  -0.0000
       0.0002   0.0000   0.0002   0.0628   0.0001   0.0001  -0.0000   0.0000   0.0000   0.0000   0.0000  -0.0000
       0.0000  -0.0000
       scaling factors of local coordinates:   1.000  1.000  1.000  1.000  1.000  1.000  1.000  1.000  1.000  1.000  1.000  1.000  1.000  1.000  1.000  1.000  1.000  1.000  1.000  1.000  1.000  0.893  0.421  0.114  0.111  0.000  0.000  0.000  0.000  0.000  0.000  0.000  0.000  0.000  0.000  0.000  0.000  0.000  0.000
       Local coordinate system has reduced dimensionalities.
       nvibs =                     25
 
       Constructing Wilson B matrix at point                     67  :
   Internal Coordinates
   2.710   2.714   0.037   0.037   0.627   0.633   0.617   0.618   0.981   0.981   1.414   1.853   2.077   2.080  -0.506
  -0.501   2.141   2.036   2.077   2.058   2.093   2.096   2.086   2.090   0.000  -0.000  -0.000  -0.000   0.000  -0.000
  -0.000   0.001   0.000   1.107   7.409   1.530   0.325   0.091   0.613   2.288  -0.351   0.445   0.113   0.000  -0.447
  -0.344  -0.895
       Constructing local coordinate system for point                     67
       0.0004   0.0006   0.0001   0.0234  -0.0003   0.0000   0.0001   0.0001  -0.0000   0.0000   0.0000  -0.0000
       0.0000   0.0000
      -0.0070  -0.0014   0.0066  -0.0001   0.0078   0.0118   0.0002   0.0047   0.0004   0.0012   0.0003  -0.0011
      -0.0004  -0.0000
      -0.0014  -0.0003   0.0014   0.0003   0.0018   0.0026   0.0001   0.0011  -0.0012  -0.0045  -0.0030  -0.0001
       0.0014  -0.0008
      -0.0070  -0.0014   0.0066  -0.0001   0.0078   0.0118   0.0002   0.0047   0.0004   0.0012   0.0003  -0.0011
      -0.0004  -0.0000
       0.0003   0.0011   0.0002   0.0008  -0.0000  -0.0002  -0.0009   0.0001  -0.0000   0.0000  -0.0000  -0.0000
       0.0000  -0.0000
       0.0003  -0.0012  -0.0004  -0.0142  -0.0006   0.0005   0.0021   0.0000   0.0000  -0.0000   0.0000  -0.0000
       0.0000  -0.0000
      -0.0014  -0.0003   0.0014   0.0003   0.0018   0.0026   0.0001   0.0011  -0.0012  -0.0045  -0.0030  -0.0001
       0.0014  -0.0008
       0.0003  -0.0012  -0.0004  -0.0142  -0.0006   0.0005   0.0021   0.0000   0.0000  -0.0000   0.0000  -0.0000
       0.0000  -0.0000
       0.0003  -0.0003  -0.0000   0.0595  -0.0004   0.0003   0.0010   0.0001   0.0000  -0.0000  -0.0000   0.0000
       0.0000   0.0000
       scaling factors of local coordinates:   1.000  1.000  1.000  1.000  1.000  1.000  1.000  1.000  1.000  1.000  1.000  1.000  1.000  1.000  1.000  1.000  1.000  1.000  1.000  1.000  1.000  0.892  0.421  0.114  0.111  0.000  0.000  0.000  0.000  0.000  0.000  0.000  0.000  0.000  0.000  0.000  0.000  0.000  0.000
       Local coordinate system has reduced dimensionalities.
       nvibs =                     25
 
       Constructing Wilson B matrix at point                     68  :
   Internal Coordinates
   2.710   2.714   0.037   0.037   0.627   0.633   0.617   0.618   0.981   0.981   1.414   1.853   2.077   2.080  -0.506
  -0.501   2.141   2.036   2.077   2.058   2.093   2.096   2.086   2.090   0.000  -0.000   0.000   0.000   0.000   0.000
  -0.000   0.000   0.000   1.107   7.409   1.530   0.325   0.091   0.613   2.288  -0.351   0.445   0.113  -0.000  -0.447
  -0.344  -0.895
       Constructing local coordinate system for point                     68
       0.0002  -0.0002   0.0001   0.0234   0.0000  -0.0004   0.0005   0.0002   0.0000   0.0000   0.0000  -0.0000
       0.0000   0.0000
       0.0067   0.0013  -0.0062   0.0001  -0.0074  -0.0111  -0.0002  -0.0044  -0.0004  -0.0003   0.0016  -0.0019
      -0.0007  -0.0004
       0.0027   0.0005  -0.0027  -0.0003  -0.0032  -0.0047  -0.0002  -0.0019   0.0011   0.0005  -0.0038   0.0034
      -0.0013   0.0004
       0.0067   0.0013  -0.0062   0.0001  -0.0074  -0.0111  -0.0002  -0.0044  -0.0004  -0.0003   0.0016  -0.0019
      -0.0007  -0.0004
       0.0001   0.0008   0.0005   0.0078   0.0005  -0.0008  -0.0013   0.0002  -0.0000   0.0000   0.0000  -0.0000
       0.0000  -0.0000
       0.0003  -0.0011  -0.0001  -0.0238  -0.0005   0.0003   0.0017   0.0000  -0.0000   0.0000   0.0000   0.0000
       0.0000   0.0000
       0.0027   0.0005  -0.0027  -0.0003  -0.0032  -0.0047  -0.0002  -0.0019   0.0011   0.0005  -0.0038   0.0034
      -0.0013   0.0004
       0.0003  -0.0011  -0.0001  -0.0238  -0.0005   0.0003   0.0017   0.0000  -0.0000   0.0000   0.0000   0.0000
       0.0000   0.0000
       0.0002  -0.0010  -0.0005   0.0524  -0.0004   0.0002   0.0018   0.0001  -0.0000  -0.0000  -0.0000   0.0000
       0.0000   0.0000
       scaling factors of local coordinates:   1.000  1.000  1.000  1.000  1.000  1.000  1.000  1.000  1.000  1.000  1.000  1.000  1.000  1.000  1.000  1.000  1.000  1.000  1.000  1.000  1.000  0.893  0.421  0.114  0.111  0.000  0.000  0.000  0.000  0.000  0.000  0.000  0.000  0.000  0.000  0.000  0.000  0.000  0.000
       Local coordinate system has reduced dimensionalities.
       nvibs =                     25
 
       Constructing Wilson B matrix at point                     69  :
   Internal Coordinates
   2.710   2.714   0.037   0.037   0.627   0.633   0.617   0.618   0.981   0.981   1.414   1.853   2.077   2.080  -0.506
  -0.501   2.141   2.036   2.077   2.058   2.093   2.096   2.086   2.090   0.000   0.000   0.000   0.000  -0.000  -0.000
  -0.000   0.000  -0.000   1.107   7.409   1.530   0.325   0.091   0.613   2.288  -0.351   0.445   0.113   0.005  -0.447
  -0.344  -0.895
       Constructing local coordinate system for point                     69
      -0.0000  -0.0000   0.0000   0.0234   0.0000   0.0000   0.0000  -0.0000  -0.0000  -0.0000   0.0000   0.0000
       0.0000  -0.0000
       0.0066   0.0013  -0.0062  -0.0001  -0.0073  -0.0111  -0.0001   0.0044  -0.0003  -0.0025  -0.0006  -0.0003
       0.0000  -0.0004
       0.0029   0.0006  -0.0027   0.0003  -0.0032  -0.0049  -0.0001   0.0020   0.0002   0.0051  -0.0014  -0.0004
      -0.0000   0.0011
       0.0066   0.0013  -0.0062  -0.0001  -0.0073  -0.0111  -0.0001   0.0044  -0.0003  -0.0025  -0.0006  -0.0003
       0.0000  -0.0004
       0.0002  -0.0010  -0.0003   0.0079  -0.0005   0.0004   0.0017  -0.0000   0.0000   0.0000  -0.0000   0.0000
       0.0000  -0.0000
      -0.0002   0.0009   0.0003  -0.0239   0.0004  -0.0004  -0.0016   0.0000  -0.0000  -0.0000  -0.0000  -0.0000
      -0.0000   0.0000
       0.0029   0.0006  -0.0027   0.0003  -0.0032  -0.0049  -0.0001   0.0020   0.0002   0.0051  -0.0014  -0.0004
      -0.0000   0.0011
      -0.0002   0.0009   0.0003  -0.0239   0.0004  -0.0004  -0.0016   0.0000  -0.0000  -0.0000  -0.0000  -0.0000
      -0.0000   0.0000
      -0.0002   0.0010   0.0003   0.0523   0.0005  -0.0004  -0.0016   0.0000  -0.0000  -0.0000  -0.0000   0.0000
       0.0000  -0.0000
       scaling factors of local coordinates:   1.000  1.000  1.000  1.000  1.000  1.000  1.000  1.000  1.000  1.000  1.000  1.000  1.000  1.000  1.000  1.000  1.000  1.000  1.000  1.000  1.000  0.893  0.421  0.114  0.111  0.000  0.000  0.000  0.000  0.000  0.000  0.000  0.000  0.000  0.000  0.000  0.000  0.000  0.000
       Local coordinate system has reduced dimensionalities.
       nvibs =                     25
 Transforming degenerate points to intersection adapted coordinates:
    Reading point specific options.
 Cannot open points.in.  Skipping...
 Processing data inclusion/exclusion/exact fit data
    Making list of unknown coefficients.
         ncons=                 17663
 Generating fitting basis

 Generating preconditioned basis free of d-independent linear dependencies.
     Eigenvalue cutoff=  0.1000000E-06

 Constructing intermediate basis for block  1 with  3601 matrices
 Size of intermediate basis for block      1 :    532

 Constructing fitting basis from ab initio data.

 Constructing intermediate basis for block  2 with  3230 matrices
 Size of intermediate basis for block      2 :    522

 Constructing fitting basis from ab initio data.

 Constructing intermediate basis for block  3 with  1889 matrices
 Size of intermediate basis for block      3 :    236

 Constructing fitting basis from ab initio data.

 Constructing intermediate basis for block  4 with  3601 matrices
 Size of intermediate basis for block      4 :    534

 Constructing fitting basis from ab initio data.

 Constructing intermediate basis for block  5 with  1741 matrices
 Size of intermediate basis for block      5 :    230

 Constructing fitting basis from ab initio data.

 Constructing intermediate basis for block  6 with  3601 matrices
 Size of intermediate basis for block      6 :    532

 Constructing fitting basis from ab initio data.
 
   Total number of basis matrices:                  2586
 
 Making list of fitting equations.
 Destiny of ab initio data at each data point
   LS = Least Squares Fit
   EX = Excluded from Fit
   LM = Enforced using Lagrange multipliers
  POINT   1   2   3   1, 1   2, 1   2, 2   3, 1   3, 2   3, 3 
      1   LS  LS  LS   LS     LS     LS     LS     LS     LS   
      2   LS  LS  LS   LS     LS     LS     LS     LS     LS   
      3   LS  LS  LS   LS     LS     LS     LS     LS     LS   
      4   LS  LS  LS   LS     LS     LS     LS     LS     LS   
      5   LS  LS  LS   LS     LS     LS     LS     LS     LS   
      6   LS  LS  LS   LS     LS     LS     LS     LS     LS   
      7   LS  LS  LS   LS     LS     LS     LS     LS     LS   
      8   LS  LS  LS   LS     LS     LS     LS     LS     LS   
      9   LS  LS  LS   LS     LS     LS     LS     LS     LS   
     10   LS  LS  LS   LS     LS     LS     LS     LS     LS   
     11   LS  LS  LS   LS     LS     LS     LS     LS     LS   
     12   LS  LS  LS   LS     LS     LS     LS     LS     LS   
     13   LS  LS  LS   LS     LS     LS     LS     LS     LS   
     14   LS  LS  LS   LS     LS     LS     LS     LS     LS   
     15   LS  LS  LS   LS     LS     LS     LS     LS     LS   
     16   LS  LS  LS   LS     LS     LS     LS     LS     LS   
     17   LS  LS  LS   LS     LS     LS     LS     LS     LS   
     18   LS  LS  LS   LS     LS     LS     LS     LS     LS   
     19   LS  LS  LS   LS     LS     LS     LS     LS     LS   
     20   LS  LS  LS   LS     LS     LS     LS     LS     LS   
     21   LS  LS  LS   LS     LS     LS     LS     LS     LS   
     22   LS  LS  LS   LS     LS     LS     LS     LS     LS   
     23   LS  LS  LS   LS     LS     LS     LS     LS     LS   
     24   LS  LS  LS   LS     LS     LS     LS     LS     LS   
     25   LS  LS  LS   LS     LS     LS     LS     LS     LS   
     26   LS  LS  LS   LS     LS     LS     LS     LS     LS   
     27   LS  LS  LS   LS     LS     LS     LS     LS     LS   
     28   LS  LS  LS   LS     LS     LS     LS     LS     LS   
     29   LS  LS  LS   LS     LS     LS     LS     LS     LS   
     30   LS  LS  LS   LS     LS     LS     LS     LS     LS   
     31   LS  LS  LS   LS     LS     LS     LS     LS     LS   
     32   LS  LS  LS   LS     LS     LS     LS     LS     LS   
     33   LS  LS  LS   LS     LS     LS     LS     LS     LS   
     34   LS  LS  LS   LS     LS     LS     LS     LS     LS   
     35   LS  LS  LS   LS     LS     LS     LS     LS     LS   
     36   LS  LS  LS   LS     LS     LS     LS     LS     LS   
     37   LS  LS  LS   LS     LS     LS     LS     LS     LS   
     38   LS  LS  LS   LS     LS     LS     LS     LS     LS   
     39   LS  LS  LS   LS     LS     LS     LS     LS     LS   
     40   LS  LS  LS   LS     LS     LS     LS     LS     LS   
     41   LS  LS  LS   LS     LS     LS     LS     LS     LS   
     42   LS  LS  LS   LS     LS     LS     LS     LS     LS   
     43   LS  LS  LS   LS     LS     LS     LS     LS     LS   
     44   LS  LS  LS   LS     LS     LS     LS     LS     LS   
     45   LS  LS  LS   LS     LS     LS     LS     LS     LS   
     46   LS  LS  LS   LS     LS     LS     LS     LS     LS   
     47   LS  LS  LS   LS     LS     LS     LS     LS     LS   
     48   LS  LS  LS   LS     LS     LS     LS     LS     LS   
     49   LS  LS  LS   LS     LS     LS     LS     LS     LS   
     50   LS  LS  LS   LS     LS     LS     LS     LS     LS   
     51   LS  LS  LS   LS     LS     LS     LS     LS     LS   
     52   LS  LS  LS   LS     LS     LS     LS     LS     LS   
     53   LS  LS  LS   LS     LS     LS     LS     LS     LS   
     54   LS  LS  LS   LS     LS     LS     LS     LS     LS   
     55   LS  LS  LS   LS     LS     LS     LS     LS     LS   
     56   LS  LS  LS   LS     LS     LS     LS     LS     LS   
     57   LS  LS  LS   LS     LS     LS     LS     LS     LS   
     58   LS  LS  LS   LS     LS     LS     LS     LS     LS   
     59   LS  LS  LS   LS     LS     LS     LS     LS     LS   
     60   LS  LS  LS   LS     LS     LS     LS     LS     LS   
     61   LS  LS  LS   LS     LS     LS     LS     LS     LS   
     62   LS  LS  LS   LS     LS     LS     LS     LS     LS   
     63   LS  LS  LS   LS     LS     LS     LS     LS     LS   
     64   LS  LS  LS   LS     LS     LS     LS     LS     LS   
     65   LS  LS  LS   LS     LS     LS     LS     LS     LS   
     66   LS  LS  LS   LS     LS     LS     LS     LS     LS   
     67   LS  LS  LS   LS     LS     LS     LS     LS     LS   
     68   LS  LS  LS   LS     LS     LS     LS     LS     LS   
     69   LS  LS  LS   LS     LS     LS     LS     LS     LS   
     Significant gradients zeroed by symmetry.
        Point   36, St  2  1, dir  4, grad=-0.213E-02
   projection of bmat at point
          0.0000000000 -0.0000000000  0.0000000000
          0.0000000000 -0.0000000000  0.0000000000
          0.0000000000 -0.0000000000 -0.0000000000
          0.0000000000 -0.0000000000  0.0000000000
          0.0000000000  0.0000000000  0.0000000000
         -0.0000000000 -0.0000000000  0.0000000000
          0.0000000000 -0.0000000000  0.0000000000
         -0.0000000000 -0.0000000000  0.0000000000
         -1.7130913271 -0.0000904319 -0.0000237503
          0.0007079894 -0.0068844858  0.0069427931
         -0.0772828430  0.0774938299 -0.0000698742
          0.0000000000  0.0000000000  0.0000000000
         -0.0000000000  0.0000000000  0.0000000000
         -0.0000000000 -0.0000000000  0.0000000000
          0.0000000000 -0.1904782326 -0.0000000000
         -0.0000000000 -0.0000000000
        Point   36, St  2  1, dir 14, grad= 0.136E-02
   projection of bmat at point
          0.0000000000 -0.0000000000 -0.0000000000
         -0.0000000000  0.0000000000 -0.0000000000
         -0.0000000000  0.0000000000 -0.0000000000
          0.0000000000  0.0000000000  0.0000000000
          0.0000000000  0.0000000000  0.0000000000
         -0.0000000000 -0.0000000000  0.0000000000
          0.0000000000  0.0000000000 -0.0000000000
         -0.0000000000 -0.0000000000  0.0000000000
          0.0773296497  0.0002869238 -0.0005715193
          0.0078871044  0.0002083915  0.0012378385
          0.0153368904 -0.0100856443 -0.0001114077
          0.0000000000  0.0000000000  0.0000000000
         -0.0000000000  0.0000000000  0.0000000000
         -0.0000000000  0.0000000000  0.0000000000
          0.0000000000 -0.7057334866 -0.0000000000
         -0.0000000000 -0.0000000000
        Point   36, St  2  1, dir 22, grad= 0.263E-02
   projection of bmat at point
          0.0000000000 -0.0000000000  0.0000000000
         -0.0000000000 -0.0000000000 -0.0000000000
         -0.0000000000 -0.0000000000 -0.0000000000
         -0.0000000000  0.0000000000 -0.0000000000
          0.0000000000 -0.0000000000 -0.0000000000
          0.0000000000  0.0000000000 -0.0000000000
          0.0000000000 -0.0000000000  0.0000000000
          0.0000000000 -0.0000000000  0.0000000000
          0.0000608629 -0.2294575688 -0.0021646795
         -0.0041943478 -0.0014541912 -0.0014630258
         -0.0839985670 -0.0844281631  0.1496353642
         -0.0000000000 -0.0000000000 -0.0000000000
          0.0000000000 -0.0000000000 -0.0000000000
          0.0000000000  0.0000000000 -0.0000000000
          0.0000000000 -0.0007772387 -0.0000000000
          0.0000000000  0.0000000000
        Point   36, St  3  1, dir  1, grad=-0.122E-01
   projection of bmat at point
         -0.0075800048 -0.0080153567 -0.0000157533
          0.0000099424  0.0000040142  0.0000034266
          0.0001475811 -0.0001396287  0.0000004744
          0.0000004163 -0.0000000095 -1.3688236703
         -0.0052181502 -0.0048204795 -0.0000392787
          0.0000509359 -0.2733724575  0.2633186125
          0.0052756798  0.0048483476 -0.0000458801
          0.0000586436  0.0000010239  0.0000008523
         -0.0000000000  0.0000000000 -0.0000000000
          0.0000000000 -0.0000000000  0.0000000000
         -0.0000000000  0.0000000000 -0.0000000000
          1.4081883063 18.8548575948  4.3260138010
         -1.2713729708  0.2388417874  1.5867727488
         -1.3926922547 -0.2591962019 -0.0298829316
          0.0472930222 -0.0000000000 -0.0836713376
         -0.0121576084 -0.0032229575
        Point   36, St  3  1, dir  2, grad= 0.314E-02
   projection of bmat at point
         -0.4110733386 -0.3303691007 -0.0007724827
         -0.0007580333  0.0017429319  0.0019220628
          0.0014308107  0.0029430283  0.0002064663
          0.0002255556 -0.0000243675 -6.0524301882
         -0.2269188445 -0.2445980449  0.0008269816
         -0.0002019013 -0.1638217446 -0.3093020559
          0.2370684580  0.2529058671  0.0008087042
         -0.0004123567  0.0004171275  0.0004644762
         -0.0000000000  0.0000000000 -0.0000000000
          0.0000000000 -0.0000000000  0.0000000000
         -0.0000000000  0.0000000000 -0.0000000000
         -0.0300242676 -0.4020082309 -0.0922358149
          0.0271072002 -0.0050923940 -0.0338319026
          0.0296938731  0.4206001555  0.0072882744
         -0.0104904179 -0.0000000000 -0.0259462801
         -0.0183008974 -0.1565057081
        Point   36, St  3  1, dir  3, grad= 0.608E-01
   projection of bmat at point
         -0.8975192887  1.0008654833  0.0033887050
         -0.0009231624 -0.3804292802  0.3739292013
         -0.2344354079  0.2255194481 -0.0182180837
          0.0177644790  0.0006132710  0.0327944327
          0.4661466631 -0.4117503779  0.2741395266
         -0.2772500418  0.5481298172 -0.4911329946
         -0.1396219164  0.0528324642  0.3361575835
         -0.3369103722 -0.2335968864  0.2336533503
          0.0000000000  0.0000000000  0.0000000000
         -0.0000000000  0.0000000000 -0.0000000000
          0.0000000000 -0.0000000000  0.0000000000
          0.0014938438  0.0200017371  0.0045891511
         -0.0013487064  0.0002533698  0.0016832910
         -0.0014774052  0.3016808267  0.0108056129
          0.0057730510  0.0000000000  0.0135974552
         -0.0036839376 -0.0244427503
        Point   36, St  3  1, dir  5, grad= 0.175E+00
   projection of bmat at point
         -0.3914184010  0.4800003285 -0.0036572058
          0.0059442089  0.8163000913 -0.8192323041
         -0.0487682443  0.0415627045  0.0265080019
         -0.0271142928  0.0008926252  0.0135117728
          0.0073207991  0.0337508922 -0.2356006670
          0.2338988472  0.2916463305 -0.2461939883
         -0.0839737769  0.0091517995 -0.2184734620
          0.2148576359  0.6417955402 -0.6434029135
         -0.0000000000 -0.0000000000  0.0000000000
          0.0000000000 -0.0000000000  0.0000000000
         -0.0000000000  0.0000000000  0.0000000000
          0.0007842175  0.0105002352  0.0024091491
         -0.0007080252  0.0001330105  0.0008836708
         -0.0007755877  0.1888999082  0.0099062800
          0.0036098321  0.0000000000 -0.0059065975
         -0.0073236774 -0.0255640445
        Point   36, St  3  1, dir  6, grad= 0.148E-02
   projection of bmat at point
         -0.4632921315 -0.4405200663  0.0084353135
          0.0085409891 -0.4337556580 -0.4430199919
         -0.3111133895 -0.3042007750 -0.0315643889
         -0.0318071978  0.0785560781  0.0182004308
          0.4471394990  0.4409072738  0.3146434773
          0.3138593455  0.0813287666  0.0794481883
          0.0569932877  0.0577222269  0.6008266139
          0.5970004749  0.0045003481 -0.0047403701
         -0.0000000000  0.0000000000  0.0000000000
         -0.0000000000 -0.0000000000  0.0000000000
         -0.0000000000  0.0000000000 -0.0000000000
          0.0000512733  0.0006865212  0.0001575138
         -0.0000462918  0.0000086964  0.0000577757
         -0.0000507091 -0.0124871282 -0.0041751498
         -0.0024600627  0.0000000000 -0.0658244745
         -0.0331411612  0.0060589713
        Point   36, St  3  1, dir  7, grad=-0.136E-01
   projection of bmat at point
          0.6521792483  0.4607514640  0.0332493741
          0.0320750531 -0.3109573004 -0.2514433653
         -0.0195812859 -0.1223259371 -0.0066983223
         -0.0087692036  0.2128285639 -0.1278931569
          0.1612944923  0.2645071980 -0.1178409107
         -0.0692820592  0.2676643301  0.1816843547
         -0.5710766317 -0.5101592329  0.0274395072
          0.1515356239  0.0312533999  0.1618824406
          0.0000000000 -0.0000000000 -0.0000000000
          0.0000000000  0.0000000000  0.0000000000
          0.0000000000 -0.0000000000 -0.0000000000
         -0.0002373886 -0.0031785010 -0.0007292677
          0.0002143246 -0.0000402633 -0.0002674939
          0.0002347763  0.2347971249  0.0624358128
          0.0049531738 -0.0000000000  0.0755904762
          0.0469487632 -0.1009024537
        Point   36, St  3  1, dir  8, grad=-0.480E-02
   projection of bmat at point
          0.0317113062 -0.0386524414 -0.0015037025
         -0.0016490312  0.4480707956  0.4700952935
         -0.2177097348 -0.2714927749 -0.0077187849
         -0.0095269130 -0.5914584824 -0.0387416868
          0.1923908489  0.2441853687  0.3022486655
          0.3324472618  0.1905903185  0.1253713232
         -0.2606936166 -0.2131028073 -0.1186427856
         -0.0362615736 -0.3460453766 -0.2679655527
          0.0000000000  0.0000000000 -0.0000000000
          0.0000000000  0.0000000000  0.0000000000
          0.0000000000 -0.0000000000 -0.0000000000
          0.0000004984  0.0000066726  0.0000015310
         -0.0000004499  0.0000000845  0.0000005616
         -0.0000004929  0.1123429234  0.0327032216
          0.0009448764 -0.0000000000 -0.0044067709
          0.0026855465 -0.0441162518
        Point   36, St  3  1, dir  9, grad=-0.115E+00
   projection of bmat at point
          0.3453040777 -0.3080903149  0.0407237954
         -0.0361678954 -0.0257022514  0.0286813566
         -0.3267915797  0.3004978622 -0.0109064074
          0.0094278616 -0.0100697436 -0.0170132066
          0.2864180023 -0.2633476806  0.0561979802
         -0.0434507382  0.0789157716 -0.0580732103
         -0.4507474504  0.3747341771  0.3056738091
         -0.3024770908  0.3075382896 -0.3202363083
         -0.0000000000 -0.0000000000 -0.0000000000
         -0.0000000000 -0.0000000000  0.0000000000
         -0.0000000000  0.0000000000  0.0000000000
         -0.0000082265 -0.0001101485 -0.0000252722
          0.0000074273 -0.0000013953 -0.0000092698
          0.0000081360 -0.0877829362  0.0284074530
         -0.0050698993  0.0000000000  0.0449438660
          0.0557043475  0.1099598977
        Point   36, St  3  1, dir 10, grad= 0.191E-01
   projection of bmat at point
         -0.0635516877  0.1979489847 -0.0031699738
          0.0157227723 -0.0539162628  0.0607933171
         -0.0316870330 -0.0649040571 -0.0103174435
          0.0065940672 -0.0259563924 -0.0416322188
          0.0662359553  0.0000549795  0.0938818349
         -0.0665806770 -0.2902796936  0.3553789867
          0.3373391352 -0.5438032357  0.3894943385
         -0.3862873802  0.3163638521 -0.3470485894
          0.0000000000  0.0000000000 -0.0000000000
          0.0000000000  0.0000000000  0.0000000000
          0.0000000000 -0.0000000000  0.0000000000
         -0.0010192872 -0.0136476885 -0.0031312933
          0.0009202563 -0.0001728806 -0.0011485518
          0.0010080707 -0.2084235309 -0.0547183529
          0.0010037635 -0.0000000000  0.0778977785
          0.0117561594 -0.0406257716
        Point   36, St  3  1, dir 11, grad= 0.479E-02
   projection of bmat at point
         -0.2339465133 -0.2105589331  0.0043714090
          0.0073321651  0.1901293985  0.1432258753
         -0.4037959747 -0.3465998196  0.0331583679
          0.0337550831  0.4141504188  0.0015912869
          0.0714845312  0.0520043865 -0.1724372960
         -0.1956381654  0.0816229985  0.1089156235
         -0.1139166745 -0.1030296552 -0.2371096373
         -0.1949394820  0.1517887074  0.2071788869
         -0.0000000000 -0.0000000000 -0.0000000000
          0.0000000000 -0.0000000000  0.0000000000
         -0.0000000000  0.0000000000 -0.0000000000
         -0.0000698406 -0.0009351263 -0.0002145532
          0.0000630551 -0.0000118456 -0.0000786977
          0.0000690720 -0.0538864959  0.0031689504
         -0.0046774056 -0.0000000000  0.0053079797
          0.0068622455  0.0225830885
        Point   36, St  3  1, dir 12, grad= 0.537E-01
   projection of bmat at point
         -0.0059948652  0.1240264661 -0.0081400941
          0.0223489744  0.1953797844 -0.2559105664
         -0.3356126780  0.3235691297 -0.0106695913
         -0.0001360072 -0.0717579091 -0.0433604836
          0.0943287784 -0.1171047947  0.1578835193
         -0.1097580139 -0.1718662553  0.1486670771
         -0.0277259885 -0.1091233908 -0.1145687411
          0.1789412297 -0.2577514240  0.2020100808
          0.0000000000  0.0000000000 -0.0000000000
          0.0000000000  0.0000000000  0.0000000000
          0.0000000000 -0.0000000000 -0.0000000000
         -0.0008372649 -0.0112105105 -0.0025721129
          0.0007559187 -0.0001420079 -0.0009434456
          0.0008280514 -0.3740878573 -0.0828526081
         -0.0046342798 -0.0000000000  0.1698232613
          0.0911352050  0.1298640445
        Point   36, St  3  1, dir 13, grad=-0.201E-01
   projection of bmat at point
         -0.0845874657  0.1257348935  0.0219676151
          0.0017497037 -0.1220535319  0.0645019496
          0.1596766277 -0.2933626923  0.0107199053
         -0.0087853471 -0.0862015465 -0.0321348880
         -0.0761986774 -0.0204864123 -0.1070354601
          0.0745338844  0.0061654738 -0.0718287491
         -0.2138669590  0.0925144373  0.0046610861
          0.0539653276  0.0585653199 -0.0516550187
          0.0000000000  0.0000000000 -0.0000000000
          0.0000000000  0.0000000000  0.0000000000
          0.0000000000 -0.0000000000 -0.0000000000
         -0.0003902074 -0.0052246601 -0.0011987336
          0.0003522960 -0.0000661828 -0.0004396930
          0.0003859135 -0.3867752570 -0.1039309389
         -0.0305458226 -0.0000000000  0.1986860253
          0.1266974763  0.2219780471
        Point   36, St  3  1, dir 15, grad= 0.105E-02
   projection of bmat at point
         -0.0018086105 -0.0347734626  0.0235120106
          0.0256440443 -0.0041719463 -0.0182739016
         -0.1412578380 -0.0847740687  0.0417015542
          0.0438917421 -0.4078159550  0.0136177858
         -0.0832632996 -0.0802902704 -0.2086885148
         -0.2249923698  0.0000396389 -0.0041247957
          0.0120690891 -0.0301320562  0.1267753777
          0.1177406192  0.1683348272  0.1741658575
          0.0000000000  0.0000000000 -0.0000000000
          0.0000000000  0.0000000000  0.0000000000
          0.0000000000 -0.0000000000  0.0000000000
          0.0001240676  0.0016611966  0.0003811410
         -0.0001120136  0.0000210430  0.0001398017
         -0.0001227024  0.0689860577  0.0325943594
          0.0036764027 -0.0000000000 -0.0394711546
         -0.0242213119 -0.0358316101
        Point   36, St  3  1, dir 16, grad=-0.602E-01
   projection of bmat at point
         -0.0033271388  0.0461477130  0.0190162980
         -0.0186607088 -0.1855585989  0.1742988622
         -0.2545226026  0.2056012595  0.0407938006
         -0.0441856389  0.0023470332 -0.0020799630
         -0.1150833659  0.1197477756 -0.1901277034
          0.1982389368  0.0433820274 -0.0366796275
          0.0901659969 -0.0411183560 -0.1018784477
          0.0889584657  0.0742661034 -0.0850285114
          0.0000000000  0.0000000000 -0.0000000000
          0.0000000000  0.0000000000  0.0000000000
          0.0000000000 -0.0000000000 -0.0000000000
          0.0000504379  0.0006753349  0.0001549472
         -0.0000455375  0.0000085547  0.0000568343
         -0.0000498828 -0.0123172337 -0.1010427752
          0.0164516033 -0.0000000000  0.0200448178
          0.0147849748  0.0223832438
        Point   36, St  3  1, dir 17, grad=-0.507E-02
   projection of bmat at point
         -0.2045105455 -0.0698073350  0.0050066723
          0.0016449505  0.0071459634  0.0883885084
          0.1334320204  0.1973417406  0.0239696627
         -0.0019502990  0.0110359282  0.0008841060
         -0.0358606223  0.0349328794 -0.0664382305
          0.0248997304 -0.1018829463  0.0868013195
         -0.2429089778 -0.1104702450  0.0206848773
          0.0653161894  0.0472733907  0.0151186877
         -0.0000000000 -0.0000000000  0.0000000000
         -0.0000000000 -0.0000000000 -0.0000000000
         -0.0000000000  0.0000000000  0.0000000000
         -0.0002026393 -0.0027132271 -0.0006225164
          0.0001829515 -0.0000343695 -0.0002283377
          0.0002004094 -0.0358637071  0.2501838840
          0.0159776659  0.0000000000 -0.0264498336
         -0.0270592199 -0.0285808434
        Point   36, St  3  1, dir 18, grad=-0.432E-02
   projection of bmat at point
         -0.0004755924 -0.1257102633  0.0062012176
          0.0082453281  0.0788863370  0.0989333583
          0.1629882191  0.1219947196  0.0055409617
          0.0343742344  0.0144652268 -0.0096464444
          0.1150475978  0.0279350837  0.0095445954
         -0.1079078379  0.1872178482 -0.0382008236
          0.0442959235 -0.1340186293  0.0170511468
          0.1045736115  0.0829006984  0.0247220143
          0.0000000000  0.0000000000 -0.0000000000
          0.0000000000  0.0000000000  0.0000000000
          0.0000000000 -0.0000000000 -0.0000000000
          0.0001401344  0.0018763212  0.0004304987
         -0.0001265193  0.0000237681  0.0001579060
         -0.0001385923 -0.0251995535 -0.1930437003
          0.0355129665 -0.0000000000  0.0375456992
          0.0404881933  0.0701744327
        Point   36, St  3  1, dir 19, grad= 0.774E-02
   projection of bmat at point
          0.0068787530  0.0251303079 -0.0144068709
          0.0100127477 -0.1241175016  0.0789631427
         -0.0200143911 -0.0499919954 -0.0304983143
          0.0206666042 -0.0045564953  0.0029359819
          0.0528113983 -0.0853023828  0.1736327506
         -0.1498659359 -0.0624131487  0.0272415198
          0.0082504831  0.0172615176 -0.2155150096
          0.1826677886  0.1213666021 -0.1467502184
         -0.0000000000 -0.0000000000  0.0000000000
         -0.0000000000  0.0000000000 -0.0000000000
         -0.0000000000  0.0000000000  0.0000000000
         -0.0000589813 -0.0007897262 -0.0001811929
          0.0000532508 -0.0000100038 -0.0000664612
          0.0000583322  0.0145926020  0.0551534054
         -0.0095662752  0.0000000000 -0.0164292828
         -0.0158627407 -0.0289590129
        Point   36, St  3  1, dir 20, grad=-0.110E-02
   projection of bmat at point
         -0.0636300263 -0.0704547265 -0.0032479416
         -0.0043304675 -0.1434511633 -0.1457663918
          0.0504965077  0.0453615233 -0.0115421124
         -0.0113971558 -0.1535368586 -0.0032559679
          0.0957438135  0.0908138208  0.0149090737
          0.0169254076  0.0356380803  0.0159203815
         -0.0070483614 -0.0198891709 -0.2011487323
         -0.2027202687  0.0481620195  0.0499913564
         -0.0000000000 -0.0000000000 -0.0000000000
          0.0000000000  0.0000000000  0.0000000000
          0.0000000000 -0.0000000000  0.0000000000
         -0.0000103870 -0.0001390766 -0.0000319094
          0.0000093779 -0.0000017617 -0.0000117043
          0.0000102727 -0.0126412681 -0.0171888482
          0.0071007986 -0.0000000000  0.0012583848
          0.0035445440  0.0117305721
        Point   36, St  3  1, dir 21, grad=-0.566E-03
   projection of bmat at point
          0.0034688777 -0.1073012013 -0.0016994622
         -0.0024368210 -0.0442369431 -0.0631447740
         -0.0470444801 -0.0358608266 -0.0209814171
         -0.0072764114  0.0074202657  0.0141201843
         -0.1042971133 -0.1223871884  0.0549106505
          0.0278356929 -0.0070815843 -0.2239007741
         -0.0383168645 -0.2118803547 -0.0063082285
         -0.0184613536 -0.0482797261 -0.0432496084
          0.0000000000  0.0000000000 -0.0000000000
          0.0000000000 -0.0000000000  0.0000000000
          0.0000000000 -0.0000000000 -0.0000000000
          0.0002621432  0.0035099514  0.0008053149
         -0.0002366741  0.0000444619  0.0002953878
         -0.0002592585 -0.0000290440  0.0252444288
          0.0612124761 -0.0000000000 -0.0288035997
         -0.0045506479  0.0535337621
        Point   36, St  3  1, dir 23, grad=-0.575E-01
   projection of bmat at point
          0.0091000097 -0.0076195411  0.0240946299
         -0.0265405225 -0.0044714582  0.0039248698
          0.0204010130 -0.0226886790  0.0331334802
         -0.0334766902 -0.0000229273  0.0005364072
          0.1081695494 -0.1100558670 -0.0711080124
          0.0708672727 -0.0199378907  0.0191826722
          0.0243595435 -0.0237684052 -0.0231623798
          0.0234584219 -0.0119190629  0.0113095651
         -0.0000000000  0.0000000000  0.0000000000
         -0.0000000000  0.0000000000 -0.0000000000
         -0.0000000000  0.0000000000 -0.0000000000
         -0.0000314980 -0.0004217406 -0.0000967632
          0.0000284377 -0.0000053424 -0.0000354925
          0.0000311514  0.0066445289  0.0062201617
         -0.0000388678  0.0000000000 -0.0071530599
         -0.0059809403 -0.0116293397
        Point   36, St  3  1, dir 24, grad=-0.158E-02
   projection of bmat at point
          0.0011579645  0.0014638837  0.0082536807
          0.0065790779 -0.0053762269 -0.0047960699
         -0.0002383028  0.0002295345  0.0571302984
          0.0877248100  0.0025160682 -0.0000013032
          0.0022430188 -0.0014254518  0.0031427532
          0.0107350154 -0.0025520493 -0.0018669747
          0.0010921478 -0.0001969510 -0.0033505437
         -0.0024238575 -0.0057981172 -0.0050161816
          0.0000000000  0.0000000000 -0.0000000000
         -0.0000000000  0.0000000000 -0.0000000000
          0.0000000000  0.0000000000  0.0000000000
         -0.0000009583 -0.0000128316 -0.0000029440
          0.0000008652 -0.0000001625 -0.0000010799
          0.0000009478 -0.0002725604  0.0011070546
          0.0001769241  0.0000000000 -0.0002800567
         -0.0002603557 -0.0000152702
        Point   36, St  3  1, dir 25, grad=-0.611E-02
   projection of bmat at point
         -0.0012096895  0.0010907208  0.0019278550
         -0.0053333114 -0.0002357778  0.0024826770
         -0.0010731209  0.0009894164 -0.0857052706
          0.0547069058 -0.0005407283 -0.0000322637
          0.0080525683 -0.0079055356 -0.0187200360
          0.0156406553 -0.0020899159  0.0034785325
          0.0020030446 -0.0016518397 -0.0014055389
          0.0026362669 -0.0005160679  0.0028977437
          0.0000000000  0.0000000000  0.0000000000
         -0.0000000000  0.0000000000 -0.0000000000
         -0.0000000000  0.0000000000 -0.0000000000
         -0.0000056249 -0.0000753138 -0.0000172798
          0.0000050784 -0.0000009540 -0.0000063382
          0.0000055630 -0.0000265256  0.0009185292
         -0.0002776157  0.0000000000 -0.0002265345
         -0.0004727220 -0.0013359526
        Point   39, St  3  1, dir  2, grad= 0.301E-02
   projection of bmat at point
         -0.4110694834 -0.3303610288 -0.0007715602
         -0.0007568943  0.0017335979  0.0019190377
          0.0014211015  0.0029262845  0.0002066691
          0.0002256239 -0.0000242940 -6.0524313999
         -0.2269073247 -0.2445763561  0.0008289762
         -0.0001856215 -0.1638209336 -0.3093006946
          0.2370669116  0.2529048848  0.0008218947
         -0.0003905553  0.0004232370  0.0004661820
         -0.0000000000 -0.0000000000 -0.0000000000
         -0.0000000000  0.0000000000 -0.0000000000
         -0.0000000000  0.0000000000  0.0000000000
         -0.0300242859 -0.4020084743 -0.0922358707
          0.0271072169 -0.0050923971 -0.0338319231
          0.0296938912  0.4206003269  0.0072771278
         -0.0104658316 -0.0000000000 -0.0259446714
         -0.0183001371 -0.1565061157
        Point   40, St  2  1, dir  4, grad=-0.205E-02
   projection of bmat at point
          0.0000000000 -0.0000000000  0.0000000000
          0.0000000000 -0.0000000000  0.0000000000
          0.0000000000  0.0000000000 -0.0000000000
          0.0000000000  0.0000000000 -0.0000000000
          0.0000000000 -0.0000000000  0.0000000000
         -0.0000000000 -0.0000000000  0.0000000000
          0.0000000000  0.0000000000  0.0000000000
         -0.0000000000 -0.0000000000  0.0000000000
         -1.7153929436  0.0002835717 -0.0000295475
          0.0007059395 -0.0068782012  0.0069363769
         -0.0773561269  0.0782507250 -0.0002357992
          0.0000000000  0.0000000000  0.0000000000
         -0.0000000000  0.0000000000  0.0000000000
         -0.0000000000 -0.0000000000 -0.0000000000
         -0.0000000000 -0.1900405769  0.0000000000
          0.0000000000  0.0000000000
        Point   40, St  2  1, dir 14, grad= 0.139E-02
   projection of bmat at point
          0.0000000000 -0.0000000000 -0.0000000000
         -0.0000000000  0.0000000000 -0.0000000000
         -0.0000000000  0.0000000000 -0.0000000000
          0.0000000000  0.0000000000  0.0000000000
          0.0000000000  0.0000000000  0.0000000000
         -0.0000000000  0.0000000000  0.0000000000
          0.0000000000 -0.0000000000 -0.0000000000
         -0.0000000000 -0.0000000000  0.0000000000
          0.0770524598  0.0001714808 -0.0005733207
          0.0078865162  0.0002016828  0.0012440710
          0.0152951090 -0.0101584126 -0.0000556333
          0.0000000000  0.0000000000  0.0000000000
         -0.0000000000  0.0000000000  0.0000000000
         -0.0000000000  0.0000000000  0.0000000000
          0.0000000000 -0.7058515258 -0.0000000000
         -0.0000000000 -0.0000000000
        Point   40, St  2  1, dir 22, grad=-0.265E-02
   projection of bmat at point
         -0.0000000000 -0.0000000000 -0.0000000000
         -0.0000000000 -0.0000000000 -0.0000000000
          0.0000000000  0.0000000000 -0.0000000000
         -0.0000000000 -0.0000000000 -0.0000000000
          0.0000000000  0.0000000000  0.0000000000
         -0.0000000000  0.0000000000  0.0000000000
         -0.0000000000  0.0000000000 -0.0000000000
         -0.0000000000  0.0000000000  0.0000000000
          0.0000940546  0.2342276076  0.0021812231
          0.0042518784  0.0014493150  0.0014440506
          0.0838331722  0.0853342580 -0.1509400435
          0.0000000000  0.0000000000  0.0000000000
         -0.0000000000  0.0000000000  0.0000000000
         -0.0000000000 -0.0000000000 -0.0000000000
         -0.0000000000  0.0007162379  0.0000000000
          0.0000000000  0.0000000000
        Point   40, St  3  1, dir  1, grad= 0.122E-01
   projection of bmat at point
         -0.0075799892 -0.0080153486 -0.0000157779
          0.0000099619  0.0000040078  0.0000034083
          0.0001473315 -0.0001395863  0.0000004745
          0.0000004168 -0.0000000097 -1.3688237526
         -0.0052176982 -0.0048206312 -0.0000388445
          0.0000506706 -0.2733724617  0.2633186199
          0.0052758579  0.0048482302 -0.0000454277
          0.0000584953  0.0000010271  0.0000008649
         -0.0000000000  0.0000000000 -0.0000000000
          0.0000000000 -0.0000000000  0.0000000000
         -0.0000000000  0.0000000000 -0.0000000000
          1.4081883050 18.8548575606  4.3260137924
         -1.2713729724  0.2388417869  1.5867727457
         -1.3926922528 -0.2591961580 -0.0297933557
          0.0472360014 -0.0000000000 -0.0836713548
         -0.0121576204 -0.0032229836
        Point   40, St  3  1, dir  2, grad=-0.330E-02
   projection of bmat at point
         -0.4110659504 -0.3303648718 -0.0007707202
         -0.0007574317  0.0017400709  0.0019107614
          0.0014120663  0.0029343330  0.0002065260
          0.0002257770 -0.0000242408 -6.0524313783
         -0.2268968203 -0.2445866497  0.0008423422
         -0.0001980256 -0.1638203036 -0.3093013607
          0.2370655258  0.2529053447  0.0008308316
         -0.0003991126  0.0004187560  0.0004711552
          0.0000000000 -0.0000000000  0.0000000000
          0.0000000000 -0.0000000000 -0.0000000000
         -0.0000000000 -0.0000000000  0.0000000000
         -0.0300242821 -0.4020084252 -0.0922358595
          0.0271072133 -0.0050923965 -0.0338319189
          0.0296938875  0.4206002557  0.0072668063
         -0.0104776262 -0.0000000000 -0.0259447617
         -0.0182999034 -0.1565054417
        Point   40, St  3  1, dir  3, grad=-0.611E-01
   projection of bmat at point
         -0.8987183815  1.0017802248  0.0034672257
         -0.0009235415 -0.3796865694  0.3700178978
         -0.2347065272  0.2256049590 -0.0181812875
          0.0177117124  0.0013540525  0.0328407397
          0.4661290526 -0.4113255012  0.2732511382
         -0.2770148517  0.5485029831 -0.4914798179
         -0.1396705356  0.0528422584  0.3360623700
         -0.3357128130 -0.2323736799  0.2339413177
          0.0000000000 -0.0000000000  0.0000000000
         -0.0000000000  0.0000000000 -0.0000000000
          0.0000000000 -0.0000000000  0.0000000000
          0.0014950639  0.0200180728  0.0045928991
         -0.0013498080  0.0002535767  0.0016846657
         -0.0014786118  0.3020021313  0.0107694860
          0.0057745669  0.0000000000  0.0135332941
         -0.0037555279 -0.0245595293
        Point   40, St  3  1, dir  5, grad=-0.176E+00
   projection of bmat at point
         -0.3889497422  0.4784946615 -0.0037110973
          0.0058217123  0.8201601343 -0.8132583678
         -0.0481140168  0.0417290776  0.0266108757
         -0.0270863239 -0.0016888262  0.0134665885
          0.0056327188  0.0331562395 -0.2355389339
          0.2355686416  0.2905601338 -0.2454712854
         -0.0840863050  0.0092773716 -0.2209028408
          0.2126122631  0.6415795859 -0.6474195926
         -0.0000000000  0.0000000000  0.0000000000
          0.0000000000 -0.0000000000  0.0000000000
         -0.0000000000  0.0000000000 -0.0000000000
          0.0007816266  0.0104655448  0.0024011898
         -0.0007056861  0.0001325711  0.0008807514
         -0.0007730254  0.1882980972  0.0098679568
          0.0035972521  0.0000000000 -0.0058297041
         -0.0072438799 -0.0254475870
        Point   40, St  3  1, dir  6, grad=-0.241E-02
   projection of bmat at point
         -0.4670738012 -0.4419956919  0.0083864959
          0.0084914381 -0.4287204532 -0.4421788101
         -0.3114445806 -0.3045088743 -0.0314169114
         -0.0318864388  0.0768933320  0.0187948454
          0.4460818107  0.4404892382  0.3141906620
          0.3151990181  0.0807824210  0.0784675986
          0.0590869487  0.0593525627  0.5996644425
          0.5968318272  0.0063077431 -0.0088668884
          0.0000000000 -0.0000000000 -0.0000000000
          0.0000000000  0.0000000000  0.0000000000
          0.0000000000 -0.0000000000 -0.0000000000
          0.0000539331  0.0007221349  0.0001656849
         -0.0000486932  0.0000091476  0.0000607729
         -0.0000533397 -0.0127880228 -0.0043515994
         -0.0024689295 -0.0000000000 -0.0663783913
         -0.0334964980  0.0062098037
        Point   40, St  3  1, dir  7, grad= 0.131E-01
   projection of bmat at point
          0.6488872485  0.4589640253  0.0332168217
          0.0321749855 -0.3121135359 -0.2552088445
         -0.0199023000 -0.1236330390 -0.0066945390
         -0.0088956307  0.2148232049 -0.1275899562
          0.1618476741  0.2661731299 -0.1184630477
         -0.0689753243  0.2684228110  0.1813479352
         -0.5704710006 -0.5094708729  0.0284027938
          0.1549627737  0.0330513014  0.1626164183
         -0.0000000000 -0.0000000000  0.0000000000
         -0.0000000000 -0.0000000000  0.0000000000
         -0.0000000000  0.0000000000 -0.0000000000
         -0.0002348294 -0.0031442346 -0.0007214057
          0.0002120141 -0.0000398292 -0.0002646101
          0.0002322453  0.2350815165  0.0622405610
          0.0049409871  0.0000000000  0.0751007513
          0.0466905749 -0.1008888055
        Point   40, St  3  1, dir  8, grad= 0.572E-02
   projection of bmat at point
          0.0353152025 -0.0372579919 -0.0013420770
         -0.0017461282  0.4440055430  0.4722533102
         -0.2169290059 -0.2698057200 -0.0079590484
         -0.0095777057 -0.5916840666 -0.0391822292
          0.1928564273  0.2430116286  0.3027756534
          0.3325804712  0.1899592959  0.1261908574
         -0.2620749328 -0.2144116271 -0.1166030305
         -0.0393112582 -0.3476354338 -0.2694156994
         -0.0000000000 -0.0000000000  0.0000000000
         -0.0000000000 -0.0000000000 -0.0000000000
         -0.0000000000  0.0000000000 -0.0000000000
         -0.0000030872 -0.0000413362 -0.0000094841
          0.0000027873 -0.0000005236 -0.0000034787
          0.0000030532  0.1120565616  0.0326484341
          0.0009467725  0.0000000000 -0.0038803278
          0.0029748847 -0.0441741675
        Point   40, St  3  1, dir  9, grad= 0.116E+00
   projection of bmat at point
          0.3458671491 -0.3078969662  0.0408111669
         -0.0362788686 -0.0283605859  0.0281320148
         -0.3252984790  0.3015014426 -0.0109198183
          0.0093471195 -0.0087761049 -0.0168488994
          0.2851229678 -0.2632767849  0.0548525157
         -0.0429660848  0.0799093439 -0.0598866852
         -0.4523655895  0.3773990840  0.3042605161
         -0.3003257392  0.3059810383 -0.3180444342
         -0.0000000000 -0.0000000000 -0.0000000000
          0.0000000000 -0.0000000000  0.0000000000
          0.0000000000  0.0000000000 -0.0000000000
         -0.0000039088 -0.0000523371 -0.0000120081
          0.0000035291 -0.0000006630 -0.0000044045
          0.0000038658 -0.0869224441  0.0285111075
         -0.0050622703 -0.0000000000  0.0447130075
          0.0556838540  0.1101261005
        Point   40, St  3  1, dir 10, grad=-0.185E-01
   projection of bmat at point
         -0.0607205443  0.1977152794 -0.0029432867
          0.0155128122 -0.0559566328  0.0599341505
         -0.0320725861 -0.0618027394 -0.0104341238
          0.0065585311 -0.0251133919 -0.0417485255
          0.0670199664 -0.0017992861  0.0940104750
         -0.0668669847 -0.2905407871  0.3548839252
          0.3358194600 -0.5421434516  0.3916061275
         -0.3876490912  0.3174565169 -0.3482251418
          0.0000000000 -0.0000000000 -0.0000000000
          0.0000000000  0.0000000000  0.0000000000
          0.0000000000 -0.0000000000  0.0000000000
         -0.0010196957 -0.0136531577 -0.0031325481
          0.0009206251 -0.0001729498 -0.0011490121
          0.0010084747 -0.2086676688 -0.0544033711
          0.0009911715 -0.0000000000  0.0781237377
          0.0119795802 -0.0402934424
        Point   40, St  3  1, dir 11, grad=-0.548E-02
   projection of bmat at point
         -0.2343268662 -0.2099322207  0.0043226137
          0.0076068532  0.1942357299  0.1405675693
         -0.4085192022 -0.3432558692  0.0329961605
          0.0339128475  0.4106942098  0.0010594969
          0.0731479309  0.0503323468 -0.1697094674
         -0.1979112542  0.0793469573  0.1114697318
         -0.1144614492 -0.1051812214 -0.2377949714
         -0.1944278184  0.1495885087  0.2093624006
          0.0000000000  0.0000000000 -0.0000000000
          0.0000000000  0.0000000000  0.0000000000
          0.0000000000 -0.0000000000 -0.0000000000
         -0.0000809793 -0.0010842680 -0.0002487719
          0.0000731116 -0.0000137348 -0.0000912490
          0.0000800882 -0.0583829495  0.0021455773
         -0.0047277532 -0.0000000000  0.0072052031
          0.0078499020  0.0239518997
        Point   40, St  3  1, dir 12, grad=-0.539E-01
   projection of bmat at point
         -0.0033754166  0.1259626546 -0.0081181217
          0.0223262630  0.1938224580 -0.2579631526
         -0.3312923600  0.3274069825 -0.0110514317
         -0.0004388991 -0.0771347773 -0.0433832162
          0.0938451617 -0.1174748388  0.1595905088
         -0.1076824104 -0.1725265316  0.1477059901
         -0.0271491797 -0.1079870887 -0.1114403460
          0.1818731060 -0.2587046488  0.1994190540
          0.0000000000  0.0000000000 -0.0000000000
          0.0000000000  0.0000000000  0.0000000000
          0.0000000000 -0.0000000000 -0.0000000000
         -0.0008360701 -0.0111945131 -0.0025684425
          0.0007548400 -0.0001418052 -0.0009420993
          0.0008268698 -0.3730305735 -0.0825404457
         -0.0045548456 -0.0000000000  0.1695591953
          0.0909425741  0.1293784475
        Point   40, St  3  1, dir 13, grad= 0.201E-01
   projection of bmat at point
         -0.0851810273  0.1258710039  0.0219069628
          0.0017129890 -0.1225784701  0.0646663019
          0.1595828735 -0.2930675148  0.0107199677
         -0.0089308143 -0.0852821994 -0.0321508616
         -0.0764413722 -0.0203072231 -0.1070264042
          0.0750624082  0.0058859891 -0.0715965767
         -0.2137106436  0.0920071351  0.0040155306
          0.0536861911  0.0581353624 -0.0519147739
          0.0000000000  0.0000000000 -0.0000000000
          0.0000000000  0.0000000000  0.0000000000
          0.0000000000 -0.0000000000 -0.0000000000
         -0.0003910970 -0.0052365708 -0.0012014664
          0.0003530992 -0.0000663337 -0.0004406953
          0.0003867932 -0.3871993756 -0.1035203512
         -0.0305114308 -0.0000000000  0.1988145864
          0.1267407401  0.2220646057
        Point   40, St  3  1, dir 15, grad=-0.162E-02
   projection of bmat at point
         -0.0015165524 -0.0353019123  0.0233312775
          0.0257704430 -0.0027585068 -0.0203373723
         -0.1376977878 -0.0872699392  0.0412027085
          0.0442824906 -0.4097961866  0.0136042310
         -0.0820682559 -0.0812653355 -0.2061523365
         -0.2267893973  0.0002498540 -0.0041129984
          0.0112435645 -0.0295561021  0.1276441730
          0.1163093996  0.1683232869  0.1742520212
          0.0000000000  0.0000000000 -0.0000000000
          0.0000000000  0.0000000000  0.0000000000
          0.0000000000 -0.0000000000  0.0000000000
          0.0001242283  0.0016633482  0.0003816347
         -0.0001121587  0.0000210703  0.0001399828
         -0.0001228613  0.0689757337  0.0327030275
          0.0035066577 -0.0000000000 -0.0394632614
         -0.0241784640 -0.0357430744
        Point   40, St  3  1, dir 16, grad= 0.604E-01
   projection of bmat at point
         -0.0038323349  0.0459977615  0.0192052621
         -0.0184408230 -0.1861106095  0.1741773286
         -0.2567609111  0.2047853852  0.0412983497
         -0.0439023862 -0.0005814499 -0.0018738931
         -0.1165106164  0.1188076167 -0.1925610987
          0.1965531064  0.0424715316 -0.0364490410
          0.0900957700 -0.0415283248 -0.1012880814
          0.0896577634  0.0751038922 -0.0830504758
         -0.0000000000 -0.0000000000  0.0000000000
         -0.0000000000 -0.0000000000 -0.0000000000
         -0.0000000000  0.0000000000 -0.0000000000
          0.0000510122  0.0006830256  0.0001567118
         -0.0000460561  0.0000086521  0.0000574815
         -0.0000504509 -0.0115074132 -0.0996359677
          0.0164524757  0.0000000000  0.0193794971
          0.0142923637  0.0216620056
        Point   40, St  3  1, dir 17, grad= 0.508E-02
   projection of bmat at point
         -0.2046457542 -0.0707043299  0.0050595345
          0.0016853489  0.0075464174  0.0881705144
          0.1344116159  0.1975413621  0.0240303709
         -0.0018025395  0.0103384971  0.0009247897
         -0.0354172659  0.0349883266 -0.0665998443
          0.0242477209 -0.1011463267  0.0866125545
         -0.2426049854 -0.1110757407  0.0208688223
          0.0648492844  0.0474362465  0.0158781913
         -0.0000000000 -0.0000000000  0.0000000000
         -0.0000000000 -0.0000000000 -0.0000000000
         -0.0000000000  0.0000000000  0.0000000000
         -0.0002014053 -0.0026967054 -0.0006187257
          0.0001818374 -0.0000341602 -0.0002269473
          0.0001991890 -0.0354512606  0.2491769627
          0.0161485902  0.0000000000 -0.0266226249
         -0.0270936786 -0.0285674464
        Point   40, St  3  1, dir 18, grad= 0.457E-02
   projection of bmat at point
         -0.0003785952 -0.1261325857  0.0062364542
          0.0080222464  0.0775565705  0.0977378622
          0.1622983758  0.1223073372  0.0054557358
          0.0339765948  0.0133027193 -0.0096767163
          0.1149800533  0.0290083723  0.0092238908
         -0.1063944123  0.1881774931 -0.0391260739
          0.0450949851 -0.1343104920  0.0160153957
          0.1019054966  0.0825755071  0.0249254411
         -0.0000000000 -0.0000000000  0.0000000000
         -0.0000000000 -0.0000000000 -0.0000000000
         -0.0000000000  0.0000000000  0.0000000000
          0.0001415672  0.0018955065  0.0004349005
         -0.0001278130  0.0000240111  0.0001595206
         -0.0001400094 -0.0255537683 -0.1939121942
          0.0356678792  0.0000000000  0.0378438741
          0.0407901335  0.0708157977
        Point   40, St  3  1, dir 19, grad=-0.745E-02
   projection of bmat at point
          0.0063170432  0.0243040975 -0.0143539838
          0.0099221549 -0.1244145511  0.0790109719
         -0.0189693626 -0.0489914658 -0.0304553189
          0.0206296483 -0.0051104929  0.0028759264
          0.0538084004 -0.0846770054  0.1735517412
         -0.1499133818 -0.0616920599  0.0274215845
          0.0080971331  0.0166195104 -0.2162457090
          0.1818031464  0.1218058681 -0.1461559905
          0.0000000000 -0.0000000000 -0.0000000000
          0.0000000000 -0.0000000000  0.0000000000
          0.0000000000 -0.0000000000  0.0000000000
         -0.0000589639 -0.0007894944 -0.0001811397
          0.0000532352 -0.0000100008 -0.0000664417
          0.0000583151  0.0144239229  0.0545337643
         -0.0094007022 -0.0000000000 -0.0163189377
         -0.0157403257 -0.0287322284
        Point   40, St  3  1, dir 20, grad= 0.938E-03
   projection of bmat at point
         -0.0633282872 -0.0689289168 -0.0032323788
         -0.0043962054 -0.1430790543 -0.1467091243
          0.0497981560  0.0450320741 -0.0114858196
         -0.0117801379 -0.1530352044 -0.0032864372
          0.0953462758  0.0918637350  0.0144163084
          0.0185310501  0.0347311599  0.0169076754
         -0.0066572701 -0.0177351425 -0.2003011428
         -0.2040061373  0.0471605057  0.0502070864
          0.0000000000 -0.0000000000  0.0000000000
         -0.0000000000 -0.0000000000 -0.0000000000
         -0.0000000000 -0.0000000000  0.0000000000
         -0.0000121585 -0.0001627952 -0.0000373513
          0.0000109772 -0.0000020622 -0.0000137004
          0.0000120247 -0.0125645045 -0.0165995383
          0.0065821183  0.0000000000  0.0012922052
          0.0034206355  0.0112082023
        Point   40, St  3  1, dir 21, grad= 0.453E-03
   projection of bmat at point
          0.0032524648 -0.1073697267 -0.0017410900
         -0.0024149195 -0.0449904789 -0.0641611524
         -0.0470485133 -0.0358700412 -0.0210853249
         -0.0073264293  0.0068659925  0.0141343494
         -0.1039249255 -0.1221938423  0.0550824632
          0.0279046362 -0.0073526624 -0.2237040508
         -0.0383697960 -0.2115850951 -0.0073129340
         -0.0194558427 -0.0482440945 -0.0430837191
          0.0000000000  0.0000000000 -0.0000000000
          0.0000000000 -0.0000000000  0.0000000000
          0.0000000000 -0.0000000000 -0.0000000000
          0.0002618370  0.0035058515  0.0008043742
         -0.0002363977  0.0000444100  0.0002950428
         -0.0002589557  0.0000457403  0.0254926415
          0.0610607199 -0.0000000000 -0.0289189127
         -0.0046491228  0.0533809118
        Point   40, St  3  1, dir 23, grad= 0.575E-01
   projection of bmat at point
          0.0090677668 -0.0077215427  0.0241308391
         -0.0264786818 -0.0044791978  0.0038294915
          0.0204327044 -0.0227008521  0.0330999111
         -0.0332657208 -0.0000554260  0.0005373381
          0.1082180279 -0.1100759227 -0.0712301456
          0.0707454119 -0.0198282501  0.0192508134
          0.0243560932 -0.0237791089 -0.0231460421
          0.0233997396 -0.0119482748  0.0113789207
         -0.0000000000 -0.0000000000 -0.0000000000
          0.0000000000 -0.0000000000  0.0000000000
          0.0000000000 -0.0000000000  0.0000000000
         -0.0000314392 -0.0004209533 -0.0000965825
          0.0000283847 -0.0000053324 -0.0000354263
          0.0000310932  0.0066657185  0.0061550407
         -0.0000425193 -0.0000000000 -0.0071502170
         -0.0059732261 -0.0116285892
        Point   40, St  3  1, dir 24, grad= 0.155E-02
   projection of bmat at point
          0.0011196769  0.0014380626  0.0082595917
          0.0065937125 -0.0054054109 -0.0048296504
         -0.0002423654  0.0002363615  0.0568932801
          0.0879061960  0.0025214807 -0.0000002549
          0.0022043645 -0.0014407823  0.0030809176
          0.0106910260 -0.0024957042 -0.0017909635
          0.0010747357 -0.0001946463 -0.0033575784
         -0.0024166063 -0.0058523207 -0.0050602861
          0.0000000000  0.0000000000  0.0000000000
          0.0000000000 -0.0000000000 -0.0000000000
         -0.0000000000 -0.0000000000 -0.0000000000
         -0.0000009622 -0.0000128830 -0.0000029558
          0.0000008687 -0.0000001632 -0.0000010842
          0.0000009516 -0.0002617476  0.0010818253
          0.0001686774  0.0000000000 -0.0002744598
         -0.0002570702 -0.0000262697
        Point   40, St  3  1, dir 25, grad= 0.609E-02
   projection of bmat at point
         -0.0012224441  0.0010848785  0.0018911771
         -0.0053400350 -0.0002240686  0.0024969584
         -0.0010729560  0.0009900370 -0.0858675680
          0.0544872901 -0.0005507812 -0.0000317624
          0.0080114786 -0.0078557116 -0.0187185388
          0.0155693628 -0.0020805070  0.0034783793
          0.0019952210 -0.0016448891 -0.0013930513
          0.0026406533 -0.0004820358  0.0029278984
          0.0000000000 -0.0000000000  0.0000000000
         -0.0000000000  0.0000000000 -0.0000000000
         -0.0000000000  0.0000000000 -0.0000000000
         -0.0000056124 -0.0000751463 -0.0000172414
          0.0000050671 -0.0000009519 -0.0000063241
          0.0000055506 -0.0000249636  0.0009157432
         -0.0002775715  0.0000000000 -0.0002269105
         -0.0004725188 -0.0013350144
        Point   42, St  2  1, dir  4, grad= 0.217E-02
   projection of bmat at point
          0.0000000000 -0.0000000000  0.0000000000
         -0.0000000000 -0.0000000000  0.0000000000
         -0.0000000000  0.0000000000 -0.0000000000
          0.0000000000 -0.0000000000 -0.0000000000
          0.0000000000 -0.0000000000  0.0000000000
         -0.0000000000 -0.0000000000  0.0000000000
         -0.0000000000 -0.0000000000  0.0000000000
         -0.0000000000 -0.0000000000  0.0000000000
          1.7145704527 -0.0004576214  0.0000436059
         -0.0006674282  0.0068592086 -0.0070047590
          0.0769901918 -0.0785659874  0.0002399853
         -0.0000000000 -0.0000000000 -0.0000000000
          0.0000000000 -0.0000000000 -0.0000000000
          0.0000000000 -0.0000000000  0.0000000000
         -0.0000000000  0.1906200054  0.0000000000
          0.0000000000  0.0000000000
        Point   42, St  2  1, dir 14, grad=-0.135E-02
   projection of bmat at point
          0.0000000000 -0.0000000000 -0.0000000000
         -0.0000000000  0.0000000000 -0.0000000000
         -0.0000000000  0.0000000000 -0.0000000000
          0.0000000000  0.0000000000  0.0000000000
          0.0000000000  0.0000000000  0.0000000000
         -0.0000000000 -0.0000000000  0.0000000000
          0.0000000000 -0.0000000000 -0.0000000000
         -0.0000000000 -0.0000000000  0.0000000000
         -0.0773090427 -0.0001152472  0.0005696732
         -0.0078979195 -0.0002024869 -0.0012319234
         -0.0152682175  0.0102453480  0.0000490106
          0.0000000000  0.0000000000  0.0000000000
         -0.0000000000  0.0000000000  0.0000000000
         -0.0000000000  0.0000000000  0.0000000000
          0.0000000000  0.7056952806 -0.0000000000
         -0.0000000000 -0.0000000000
        Point   42, St  2  1, dir 22, grad=-0.263E-02
   projection of bmat at point
          0.0000000000 -0.0000000000  0.0000000000
         -0.0000000000 -0.0000000000 -0.0000000000
         -0.0000000000  0.0000000000  0.0000000000
          0.0000000000  0.0000000000  0.0000000000
          0.0000000000 -0.0000000000  0.0000000000
          0.0000000000  0.0000000000 -0.0000000000
          0.0000000000 -0.0000000000 -0.0000000000
         -0.0000000000 -0.0000000000 -0.0000000000
          0.0001253573  0.2320265882  0.0021783693
          0.0042503780  0.0014663716  0.0014600235
          0.0841368022  0.0850301251 -0.1494886475
          0.0000000000  0.0000000000  0.0000000000
         -0.0000000000  0.0000000000  0.0000000000
         -0.0000000000  0.0000000000 -0.0000000000
          0.0000000000  0.0006966714 -0.0000000000
         -0.0000000000  0.0000000000
        Point   42, St  3  1, dir  1, grad=-0.121E-01
   projection of bmat at point
         -0.0075799960 -0.0080153346 -0.0000157654
          0.0000102098  0.0000040183  0.0000034466
          0.0001474584 -0.0001396504  0.0000004740
          0.0000004195 -0.0000000097 -1.3688236562
         -0.0052179276 -0.0048199337 -0.0000391307
          0.0000513447 -0.2733724537  0.2633186040
          0.0052757669  0.0048484524 -0.0000456612
          0.0000591904  0.0000010203  0.0000008615
          0.0000000000 -0.0000000000  0.0000000000
         -0.0000000000  0.0000000000 -0.0000000000
          0.0000000000 -0.0000000000  0.0000000000
          1.4081883091 18.8548576682  4.3260138197
         -1.2713729667  0.2388417884  1.5867727556
         -1.3926922588 -0.2591961764 -0.0298388807
          0.0473454591  0.0000000000 -0.0836713466
         -0.0121576145 -0.0032229695
        Point   42, St  3  1, dir  2, grad= 0.333E-02
   projection of bmat at point
         -0.4110701702 -0.3303554565 -0.0007716177
         -0.0007804068  0.0017442526  0.0019349746
          0.0014215671  0.0029611809  0.0002063154
          0.0002274213 -0.0000243926 -6.0524302373
         -0.2269079060 -0.2446254658  0.0008381557
         -0.0002262651 -0.1638207393 -0.3093065853
          0.2370669228  0.2529047738  0.0008180510
         -0.0004395332  0.0004151600  0.0004701327
          0.0000000000 -0.0000000000  0.0000000000
         -0.0000000000  0.0000000000 -0.0000000000
          0.0000000000 -0.0000000000  0.0000000000
         -0.0300242586 -0.4020081118 -0.0922357876
          0.0271071919 -0.0050923925 -0.0338318926
          0.0296938643  0.4206002906  0.0072777109
         -0.0105021794  0.0000000000 -0.0259443072
         -0.0182998745 -0.1565050375
        Point   42, St  3  1, dir  3, grad= 0.604E-01
   projection of bmat at point
         -0.8956669794  1.0008022182  0.0033918691
         -0.0009832617 -0.3806495432  0.3766140156
         -0.2337229000  0.2266036910 -0.0181897685
          0.0179781069  0.0005851678  0.0328732599
          0.4648571445 -0.4156349455  0.2739573913
         -0.2804028238  0.5467870701 -0.4908633509
         -0.1392423967  0.0528737037  0.3353022523
         -0.3415435391 -0.2340465093  0.2346115961
         -0.0000000000  0.0000000000 -0.0000000000
          0.0000000000 -0.0000000000  0.0000000000
         -0.0000000000  0.0000000000 -0.0000000000
          0.0014919149  0.0199759097  0.0045832253
         -0.0013469649  0.0002530426  0.0016811174
         -0.0014754975  0.3009239958  0.0107330599
          0.0057691914 -0.0000000000  0.0138023967
         -0.0035855035 -0.0242939686
        Point   42, St  3  1, dir  5, grad= 0.175E+00
   projection of bmat at point
         -0.3942275166  0.4809449494 -0.0035735664
          0.0062098363  0.8142483586 -0.8197585855
         -0.0500693465  0.0407166265  0.0264093071
         -0.0271949862  0.0010651695  0.0135198784
          0.0094639031  0.0354345556 -0.2345183279
          0.2348902743  0.2933005674 -0.2468709127
         -0.0845409660  0.0090438141 -0.2163613404
          0.2171647843  0.6409340479 -0.6427313193
          0.0000000000 -0.0000000000  0.0000000000
         -0.0000000000  0.0000000000 -0.0000000000
          0.0000000000 -0.0000000000  0.0000000000
          0.0007873599  0.0105423106  0.0024188027
         -0.0007108624  0.0001335435  0.0008872118
         -0.0007786956  0.1897391995  0.0099401955
          0.0036226293 -0.0000000000 -0.0060641021
         -0.0074144356 -0.0256849749
        Point   42, St  3  1, dir  6, grad= 0.138E-02
   projection of bmat at point
         -0.4644134443 -0.4370625038  0.0084280719
          0.0088546953 -0.4372101607 -0.4385208519
         -0.3108745278 -0.3050144719 -0.0316780488
         -0.0318576542  0.0773571991  0.0178964014
          0.4481327477  0.4445360010  0.3166213758
          0.3159417138  0.0834271594  0.0788877658
          0.0557388884  0.0561473429  0.6007598754
          0.5997767463 -0.0004235121 -0.0014392802
          0.0000000000 -0.0000000000 -0.0000000000
          0.0000000000  0.0000000000 -0.0000000000
          0.0000000000 -0.0000000000  0.0000000000
          0.0000543394  0.0007275744  0.0001669329
         -0.0000490600  0.0000092165  0.0000612307
         -0.0000537414 -0.0106476632 -0.0039967308
         -0.0024202451 -0.0000000000 -0.0658821045
         -0.0332255153  0.0054210956
        Point   42, St  3  1, dir  7, grad=-0.136E-01
   projection of bmat at point
          0.6520753800  0.4625629415  0.0331208802
          0.0330362700 -0.3101956571 -0.2488588793
         -0.0181797086 -0.1228568625 -0.0066358795
         -0.0087424153  0.2117147142 -0.1279021288
          0.1599329375  0.2648045429 -0.1184029504
         -0.0688102114  0.2682742546  0.1811413568
         -0.5711653830 -0.5106319558  0.0249581666
          0.1513327034  0.0291078414  0.1629379191
         -0.0000000000  0.0000000000  0.0000000000
         -0.0000000000 -0.0000000000  0.0000000000
         -0.0000000000  0.0000000000  0.0000000000
         -0.0002355775 -0.0031542517 -0.0007237040
          0.0002126895 -0.0000399561 -0.0002654531
          0.0002329852  0.2355392164  0.0623963932
          0.0049786001  0.0000000000  0.0755709655
          0.0469094849 -0.1011458185
        Point   42, St  3  1, dir  8, grad=-0.432E-02
   projection of bmat at point
          0.0295558761 -0.0362966772 -0.0017642703
         -0.0016815464  0.4490646132  0.4722652493
         -0.2147247256 -0.2716602949 -0.0075230138
         -0.0095613485 -0.5919456651 -0.0383744820
          0.1889160376  0.2448119509  0.3012679658
          0.3326408546  0.1905171248  0.1238838726
         -0.2583819224 -0.2127926606 -0.1230763538
         -0.0348262810 -0.3490683169 -0.2653678133
         -0.0000000000 -0.0000000000 -0.0000000000
          0.0000000000 -0.0000000000  0.0000000000
         -0.0000000000  0.0000000000  0.0000000000
          0.0000042194  0.0000564954  0.0000129622
         -0.0000038095  0.0000007156  0.0000047545
         -0.0000041730  0.1131453293  0.0325082581
          0.0009785564 -0.0000000000 -0.0047737199
          0.0023655666 -0.0444591201
        Point   42, St  3  1, dir  9, grad=-0.115E+00
   projection of bmat at point
          0.3446494490 -0.3066793079  0.0407486614
         -0.0368199176 -0.0249070740  0.0294792033
         -0.3296226108  0.2963073790 -0.0111783276
          0.0094302000 -0.0130096263 -0.0180181486
          0.2898347430 -0.2608572270  0.0594537754
         -0.0429787579  0.0762359813 -0.0508954522
         -0.4483392855  0.3640017575  0.3120318594
         -0.3069497590  0.3110953835 -0.3265647594
          0.0000000000  0.0000000000  0.0000000000
          0.0000000000 -0.0000000000 -0.0000000000
          0.0000000000  0.0000000000 -0.0000000000
         -0.0000243673 -0.0003262640 -0.0000748572
          0.0000219998 -0.0000041329 -0.0000274575
          0.0000240991 -0.0897959581  0.0279340904
         -0.0050594106  0.0000000000  0.0458953621
          0.0558064688  0.1087847878
        Point   42, St  3  1, dir 10, grad= 0.211E-01
   projection of bmat at point
         -0.0680685246  0.2017088058 -0.0037476793
          0.0168379876 -0.0523534216  0.0597668499
         -0.0281611723 -0.0713223518 -0.0102193731
          0.0064264475 -0.0270402473 -0.0415724247
          0.0633542733  0.0049033265  0.0942526120
         -0.0655125020 -0.2909166402  0.3572275585
          0.3429592468 -0.5504470640  0.3854547873
         -0.3810395083  0.3113978064 -0.3427748970
         -0.0000000000  0.0000000000  0.0000000000
         -0.0000000000 -0.0000000000 -0.0000000000
         -0.0000000000  0.0000000000 -0.0000000000
         -0.0010200068 -0.0136573237 -0.0031335040
          0.0009209060 -0.0001730026 -0.0011493627
          0.0010087824 -0.2066259881 -0.0548433397
          0.0010809063  0.0000000000  0.0771169626
          0.0108822043 -0.0425648140
        Point   42, St  3  1, dir 11, grad= 0.475E-02
   projection of bmat at point
         -0.2343652726 -0.2104114804  0.0043855071
          0.0076244008  0.1909362660  0.1417879830
         -0.4050078646 -0.3462421490  0.0331203336
          0.0337387371  0.4135878918  0.0014675444
          0.0717626089  0.0521665390 -0.1718882511
         -0.1956949245  0.0810837275  0.1096529572
         -0.1139544776 -0.1035784863 -0.2375790158
         -0.1934292946  0.1502619451  0.2084139986
         -0.0000000000 -0.0000000000  0.0000000000
         -0.0000000000 -0.0000000000 -0.0000000000
         -0.0000000000  0.0000000000  0.0000000000
         -0.0000725941 -0.0009719952 -0.0002230123
          0.0000655411 -0.0000123126 -0.0000818004
          0.0000717953 -0.0549293388  0.0028735093
         -0.0046869412  0.0000000000  0.0057280826
          0.0070646485  0.0228500147
        Point   42, St  3  1, dir 12, grad= 0.539E-01
   projection of bmat at point
         -0.0051658995  0.1244785639 -0.0081271874
          0.0230601472  0.1945588198 -0.2570247024
         -0.3342961002  0.3241763532 -0.0108038792
         -0.0002404852 -0.0735013791 -0.0433467055
          0.0940351868 -0.1174752773  0.1587020575
         -0.1092192446 -0.1719485591  0.1483353186
         -0.0277486182 -0.1089876199 -0.1139665934
          0.1796890936 -0.2585687044  0.2013697022
         -0.0000000000 -0.0000000000  0.0000000000
         -0.0000000000 -0.0000000000 -0.0000000000
         -0.0000000000  0.0000000000  0.0000000000
         -0.0008364562 -0.0111996831 -0.0025696287
          0.0007551886 -0.0001418707 -0.0009425344
          0.0008272516 -0.3735600198 -0.0826476950
         -0.0046246176  0.0000000000  0.1696505454
          0.0910298847  0.1296451328
        Point   42, St  3  1, dir 13, grad=-0.203E-01
   projection of bmat at point
         -0.0848135336  0.1259217722  0.0219515656
          0.0017234476 -0.1222023751  0.0651574447
          0.1595808959 -0.2924962364  0.0107293915
         -0.0088629076 -0.0855252369 -0.0321582478
         -0.0762600468 -0.0202542249 -0.1072572390
          0.0750289200  0.0059322498 -0.0717840577
         -0.2137919450  0.0926689983  0.0046073617
          0.0537421890  0.0586871922 -0.0519802555
         -0.0000000000 -0.0000000000  0.0000000000
         -0.0000000000 -0.0000000000 -0.0000000000
         -0.0000000000  0.0000000000  0.0000000000
         -0.0003909214 -0.0052342199 -0.0012009270
          0.0003529406 -0.0000663039 -0.0004404975
          0.0003866196 -0.3872065442 -0.1038027142
         -0.0305515333  0.0000000000  0.1988540265
          0.1267821967  0.2221356959
        Point   42, St  3  1, dir 15, grad= 0.142E-02
   projection of bmat at point
         -0.0015884214 -0.0352316173  0.0234039090
          0.0265176650 -0.0027956009 -0.0202418759
         -0.1388902735 -0.0875551955  0.0413663186
          0.0441496073 -0.4082136980  0.0136399265
         -0.0823586164 -0.0813495975 -0.2073156171
         -0.2261745262  0.0001028751 -0.0041889103
          0.0115112929 -0.0296282980  0.1277728853
          0.1171000870  0.1671523593  0.1750005542
         -0.0000000000 -0.0000000000  0.0000000000
         -0.0000000000 -0.0000000000 -0.0000000000
         -0.0000000000  0.0000000000  0.0000000000
          0.0001243665  0.0016651982  0.0003820591
         -0.0001122834  0.0000210937  0.0001401385
         -0.0001229979  0.0690342217  0.0328000448
          0.0035323251  0.0000000000 -0.0395284216
         -0.0242290751 -0.0357982223
        Point   42, St  3  1, dir 16, grad=-0.605E-01
   projection of bmat at point
         -0.0040048176  0.0460755809  0.0192206764
         -0.0190200466 -0.1849168395  0.1751592877
         -0.2553650764  0.2071041426  0.0412560293
         -0.0438058601 -0.0001828008 -0.0020068841
         -0.1157736358  0.1194303808 -0.1925167683
          0.1964647887  0.0426871607 -0.0361731730
          0.0896768338 -0.0417147571 -0.1001471914
          0.0892887863  0.0759258540 -0.0832167961
         -0.0000000000 -0.0000000000  0.0000000000
         -0.0000000000 -0.0000000000 -0.0000000000
         -0.0000000000  0.0000000000 -0.0000000000
          0.0000498688  0.0006677149  0.0001531989
         -0.0000450237  0.0000084582  0.0000561930
         -0.0000493200 -0.0120380488 -0.0998565520
          0.0165445500  0.0000000000  0.0197087869
          0.0144991650  0.0219315901
        Point   42, St  3  1, dir 17, grad=-0.497E-02
   projection of bmat at point
         -0.2044538278 -0.0702138392  0.0050313449
          0.0017835577  0.0085566655  0.0878866927
          0.1346915151  0.1971762338  0.0239686995
         -0.0016564756  0.0106285002  0.0008823885
         -0.0352398635  0.0346626816 -0.0664417827
          0.0237592252 -0.1015882503  0.0869662639
         -0.2428948704 -0.1106594428  0.0219076357
          0.0646847503  0.0472035062  0.0162796224
          0.0000000000  0.0000000000 -0.0000000000
          0.0000000000  0.0000000000  0.0000000000
          0.0000000000 -0.0000000000 -0.0000000000
         -0.0002024233 -0.0027103354 -0.0006218529
          0.0001827565 -0.0000343329 -0.0002280943
          0.0002001958 -0.0356518108  0.2498190620
          0.0160068590 -0.0000000000 -0.0265253142
         -0.0270837262 -0.0286475861
        Point   42, St  3  1, dir 18, grad=-0.450E-02
   projection of bmat at point
         -0.0002842580 -0.1260676015  0.0063593314
          0.0083125032  0.0798926283  0.0972932989
          0.1628701655  0.1220544521  0.0057753382
          0.0341027119  0.0141577064 -0.0096746607
          0.1145855924  0.0286728688  0.0078886554
         -0.1062503212  0.1881837328 -0.0388394908
          0.0446822597 -0.1343237544  0.0189303652
          0.1017646870  0.0813058800  0.0264258019
         -0.0000000000 -0.0000000000  0.0000000000
         -0.0000000000 -0.0000000000 -0.0000000000
         -0.0000000000  0.0000000000  0.0000000000
          0.0001413785  0.0018929796  0.0004343207
         -0.0001276426  0.0000239791  0.0001593079
         -0.0001398227 -0.0254038851 -0.1939317452
          0.0356954373  0.0000000000  0.0378037154
          0.0407503832  0.0706715437
        Point   42, St  3  1, dir 19, grad= 0.773E-02
   projection of bmat at point
          0.0060303300  0.0228325643 -0.0143116722
          0.0103530706 -0.1245524332  0.0793818226
         -0.0182327962 -0.0480080803 -0.0303782523
          0.0208774116 -0.0053716765  0.0028791139
          0.0538040105 -0.0848394852  0.1733911874
         -0.1506421504 -0.0602180438  0.0264271917
          0.0080950900  0.0147125772 -0.2165930458
          0.1829969804  0.1226758557 -0.1463669052
          0.0000000000  0.0000000000 -0.0000000000
          0.0000000000  0.0000000000  0.0000000000
          0.0000000000 -0.0000000000 -0.0000000000
         -0.0000568137 -0.0007607033 -0.0001745340
          0.0000512938 -0.0000096361 -0.0000640187
          0.0000561885  0.0142574979  0.0533609837
         -0.0089061645 -0.0000000000 -0.0161675900
         -0.0154700241 -0.0280338131
        Point   42, St  3  1, dir 20, grad=-0.115E-02
   projection of bmat at point
         -0.0637029450 -0.0700786630 -0.0031945516
         -0.0045171338 -0.1429972155 -0.1460757258
          0.0502993797  0.0453816709 -0.0113923397
         -0.0115136031 -0.1534664837 -0.0032783796
          0.0953046850  0.0916987643  0.0139220297
          0.0180411981  0.0355485971  0.0161406182
         -0.0070120847 -0.0193630109 -0.2001141779
         -0.2035995246  0.0476583791  0.0506586189
          0.0000000000 -0.0000000000  0.0000000000
         -0.0000000000  0.0000000000 -0.0000000000
         -0.0000000000  0.0000000000  0.0000000000
         -0.0000108021 -0.0001446339 -0.0000331845
          0.0000097526 -0.0000018321 -0.0000121720
          0.0000106832 -0.0126982086 -0.0171152066
          0.0069859286  0.0000000000  0.0013231062
          0.0035554002  0.0116720795
        Point   42, St  3  1, dir 21, grad=-0.582E-03
   projection of bmat at point
          0.0031769398 -0.1074142628 -0.0016819020
         -0.0025715663 -0.0444647902 -0.0635005397
         -0.0470943133 -0.0357645189 -0.0208705929
         -0.0074685448  0.0072939004  0.0141150996
         -0.1045365581 -0.1217717433  0.0542902555
          0.0287991847 -0.0070442963 -0.2238696162
         -0.0385084305 -0.2119115153 -0.0062016802
         -0.0190966758 -0.0485620245 -0.0430205542
         -0.0000000000 -0.0000000000  0.0000000000
         -0.0000000000  0.0000000000 -0.0000000000
         -0.0000000000  0.0000000000  0.0000000000
          0.0002620529  0.0035087430  0.0008050377
         -0.0002365927  0.0000444466  0.0002952861
         -0.0002591692 -0.0000746339  0.0253043063
          0.0613110295  0.0000000000 -0.0288082315
         -0.0045542456  0.0535519967
        Point   42, St  3  1, dir 23, grad=-0.579E-01
   projection of bmat at point
          0.0090547364 -0.0076274066  0.0240842990
         -0.0273161477 -0.0044963094  0.0038786312
          0.0204042536 -0.0227278264  0.0330766489
         -0.0335610521 -0.0000480429  0.0005292626
          0.1082298306 -0.1099738988 -0.0711284664
          0.0708921197 -0.0199170280  0.0192478685
          0.0243617748 -0.0237936385 -0.0232032339
          0.0235080061 -0.0120085311  0.0112569628
          0.0000000000 -0.0000000000 -0.0000000000
          0.0000000000 -0.0000000000  0.0000000000
          0.0000000000 -0.0000000000  0.0000000000
         -0.0000315813 -0.0004228555 -0.0000970190
          0.0000285129 -0.0000053565 -0.0000355863
          0.0000312337  0.0066364488  0.0062087330
         -0.0000433329 -0.0000000000 -0.0071448014
         -0.0059780208 -0.0116364779
        Point   42, St  3  1, dir 24, grad=-0.151E-02
   projection of bmat at point
          0.0011887631  0.0014375300  0.0082649330
          0.0068881949 -0.0053762839 -0.0048237565
         -0.0002139216  0.0002119032  0.0586905598
          0.0866907239  0.0025329049  0.0000009137
          0.0021440042 -0.0013355169  0.0034430462
          0.0104990802 -0.0025266749 -0.0019340702
          0.0010669679 -0.0001639211 -0.0033329996
         -0.0024789015 -0.0057918725 -0.0050749765
         -0.0000000000 -0.0000000000 -0.0000000000
          0.0000000000  0.0000000000  0.0000000000
          0.0000000000 -0.0000000000  0.0000000000
         -0.0000008548 -0.0000114451 -0.0000026259
          0.0000007717 -0.0000001450 -0.0000009632
          0.0000008454 -0.0002676777  0.0010943054
          0.0001828864 -0.0000000000 -0.0002815093
         -0.0002553823  0.0000053348
        Point   42, St  3  1, dir 25, grad=-0.615E-02
   projection of bmat at point
         -0.0011865883  0.0011289146  0.0020286994
         -0.0053976568 -0.0003175318  0.0023997504
         -0.0010809648  0.0009919019 -0.0846676916
          0.0562974607 -0.0005020190 -0.0000329378
          0.0080822890 -0.0079153094 -0.0186329627
          0.0157859901 -0.0021468656  0.0034355367
          0.0020226655 -0.0016603179 -0.0014538887
          0.0025966424 -0.0006188995  0.0028047488
          0.0000000000  0.0000000000 -0.0000000000
          0.0000000000 -0.0000000000  0.0000000000
          0.0000000000 -0.0000000000  0.0000000000
         -0.0000056491 -0.0000756386 -0.0000173543
          0.0000051003 -0.0000009581 -0.0000063655
          0.0000055870 -0.0000343097  0.0009437062
         -0.0002739088 -0.0000000000 -0.0002314714
         -0.0004779029 -0.0013354357
        Point   43, St  3  1, dir 19, grad=-0.735E-02
   projection of bmat at point
         -0.0077740668 -0.0211276374  0.0141330589
         -0.0102776683  0.1211125440 -0.0827552158
          0.0145221187  0.0460622681  0.0302628262
         -0.0219316375  0.0039546035 -0.0024066199
         -0.0574638961  0.0840587080 -0.1737495302
          0.1537514177  0.0546528513 -0.0257845782
         -0.0112278105 -0.0132296236  0.2148465445
         -0.1865731066 -0.1243906027  0.1458258793
          0.0000000000 -0.0000000000 -0.0000000000
         -0.0000000000  0.0000000000  0.0000000000
          0.0000000000 -0.0000000000  0.0000000000
          0.0000536122  0.0007178376  0.0001646989
         -0.0000484034  0.0000090931  0.0000604112
         -0.0000530222 -0.0137184825 -0.0466640545
          0.0084807257  0.0000000001  0.0147765239
          0.0141861927  0.0261595467
        Point   43, St  3  1, dir 23, grad=-0.575E-01
   projection of bmat at point
          0.0091472755 -0.0076914106  0.0241161960
         -0.0265658915 -0.0044811458  0.0039148200
          0.0204190560 -0.0227228899  0.0331003681
         -0.0334493474 -0.0000224604  0.0005155529
          0.1082245328 -0.1101696560 -0.0711740314
          0.0709448775 -0.0197751274  0.0189652226
          0.0244367180 -0.0239141682 -0.0231711914
          0.0234677136 -0.0119428765  0.0113160943
         -0.0000000000 -0.0000000000  0.0000000000
          0.0000000000  0.0000000000 -0.0000000000
         -0.0000000000  0.0000000000  0.0000000000
         -0.0000313766 -0.0004201159 -0.0000963904
          0.0000283282 -0.0000053218 -0.0000353558
          0.0000310314  0.0066716916  0.0060748488
          0.0000103882 -0.0000000000 -0.0071874979
         -0.0059876585 -0.0115415062
        Point   43, St  3  1, dir 24, grad=-0.158E-02
   projection of bmat at point
          0.0011590508  0.0014647843  0.0082546559
          0.0065750127 -0.0053762011 -0.0047936637
         -0.0002409606  0.0002305479  0.0570514149
          0.0877758575  0.0025155827 -0.0000013256
          0.0022471586 -0.0014281258  0.0031276139
          0.0107470362 -0.0025464803 -0.0018697910
          0.0010986075 -0.0001988515 -0.0033510366
         -0.0024222466 -0.0057981385 -0.0050137908
          0.0000000000 -0.0000000000 -0.0000000000
         -0.0000000000  0.0000000000  0.0000000000
          0.0000000000  0.0000000000 -0.0000000000
         -0.0000009549 -0.0000127850 -0.0000029334
          0.0000008621 -0.0000001620 -0.0000010760
          0.0000009444 -0.0002733086  0.0011044800
          0.0001774755 -0.0000000000 -0.0002766033
         -0.0002594619 -0.0000134682
        Point   43, St  3  1, dir 25, grad=-0.604E-02
   projection of bmat at point
         -0.0012105596  0.0010898285  0.0019164829
         -0.0053356395 -0.0002310451  0.0024866260
         -0.0010750660  0.0009903408 -0.0857653886
          0.0546366874 -0.0005429856 -0.0000308178
          0.0080315675 -0.0078866058 -0.0187136969
          0.0156220463 -0.0020665462  0.0034580003
          0.0020030271 -0.0016544034 -0.0013988231
          0.0026347549 -0.0005094863  0.0029004136
          0.0000000000 -0.0000000000  0.0000000000
          0.0000000000  0.0000000000 -0.0000000000
         -0.0000000000  0.0000000000 -0.0000000000
         -0.0000056227 -0.0000752854 -0.0000172733
          0.0000050765 -0.0000009537 -0.0000063358
          0.0000055609 -0.0000236165  0.0009055578
         -0.0002738314  0.0000000000 -0.0002303684
         -0.0004729755 -0.0013278393
        Point   44, St  2  1, dir  4, grad= 0.221E-02
   projection of bmat at point
          0.0000000000 -0.0000000000 -0.0000000000
          0.0000000000 -0.0000000000  0.0000000000
          0.0000000000 -0.0000000000 -0.0000000000
          0.0000000000 -0.0000000000  0.0000000000
          0.0000000000  0.0000000000  0.0000000000
         -0.0000000000 -0.0000000000  0.0000000000
          0.0000000000 -0.0000000000  0.0000000000
         -0.0000000000 -0.0000000000  0.0000000000
          1.7130913268  0.0000904330  0.0000237496
         -0.0007079912  0.0069001924 -0.0069427925
          0.0772828439 -0.0774938239  0.0000698734
         -0.0000000000 -0.0000000000 -0.0000000000
          0.0000000000 -0.0000000000 -0.0000000000
          0.0000000000 -0.0000000000  0.0000000000
         -0.0000000000  0.1904782334 -0.0000000000
         -0.0000000000 -0.0000000000
        Point   44, St  2  1, dir 14, grad=-0.137E-02
   projection of bmat at point
         -0.0000000000 -0.0000000000 -0.0000000000
         -0.0000000000  0.0000000000 -0.0000000000
         -0.0000000000  0.0000000000 -0.0000000000
          0.0000000000  0.0000000000  0.0000000000
          0.0000000000  0.0000000000  0.0000000000
         -0.0000000000 -0.0000000000  0.0000000000
          0.0000000000  0.0000000000 -0.0000000000
         -0.0000000000 -0.0000000000  0.0000000000
         -0.0773296524 -0.0002869233  0.0005715192
         -0.0078871045 -0.0002073962 -0.0012378384
         -0.0153368898  0.0100856449  0.0001114074
          0.0000000000  0.0000000000  0.0000000000
         -0.0000000000  0.0000000000  0.0000000000
         -0.0000000000  0.0000000000  0.0000000000
         -0.0000000000  0.7057334881 -0.0000000000
         -0.0000000000 -0.0000000000
        Point   44, St  2  1, dir 22, grad=-0.262E-02
   projection of bmat at point
          0.0000000000 -0.0000000000  0.0000000000
         -0.0000000000  0.0000000000 -0.0000000000
         -0.0000000000 -0.0000000000 -0.0000000000
         -0.0000000000  0.0000000000  0.0000000000
         -0.0000000000 -0.0000000000 -0.0000000000
          0.0000000000  0.0000000000 -0.0000000000
          0.0000000000 -0.0000000000  0.0000000000
          0.0000000000 -0.0000000000 -0.0000000000
         -0.0000608774  0.2294575636  0.0021646768
          0.0041943410  0.0014547507  0.0014630280
          0.0839985634  0.0844281866 -0.1496353603
         -0.0000000000 -0.0000000000 -0.0000000000
          0.0000000000 -0.0000000000 -0.0000000000
          0.0000000000  0.0000000000 -0.0000000000
          0.0000000000  0.0007772344 -0.0000000000
          0.0000000000  0.0000000000
        Point   44, St  3  1, dir  1, grad= 0.122E-01
   projection of bmat at point
         -0.0075800574 -0.0080153590 -0.0000157567
          0.0000099424  0.0000040142  0.0000034266
          0.0001511647 -0.0001396288  0.0000004744
          0.0000004163 -0.0000000095 -1.3688238529
         -0.0052181578 -0.0048204808 -0.0000392707
          0.0000509359 -0.2733725061  0.2633186428
          0.0052764580  0.0048483490 -0.0000458709
          0.0000586436  0.0000010239  0.0000008523
          0.0000000000 -0.0000000000  0.0000000000
         -0.0000000000  0.0000000000 -0.0000000000
          0.0000000000 -0.0000000000  0.0000000000
          1.4081883111 18.8548577341  4.3260138368
         -1.2713729614  0.2388417892  1.5867727618
         -1.3926922621 -0.2591960070 -0.0291022093
          0.0472930196  0.0000000000 -0.0836714374
         -0.0121576789 -0.0032230838
        Point   44, St  3  1, dir  2, grad=-0.311E-02
   projection of bmat at point
         -0.4111002415 -0.3303693975 -0.0007740351
         -0.0007580331  0.0017427898  0.0019220977
          0.0014662827  0.0029430187  0.0002064527
          0.0002255554 -0.0000243915 -6.0524266232
         -0.2269192621 -0.2445981094  0.0008321608
         -0.0002018888 -0.1638282079 -0.3093020453
          0.2371881461  0.2529059396  0.0008147608
         -0.0004123498  0.0004170742  0.0004644816
          0.0000000000 -0.0000000000  0.0000000000
         -0.0000000000  0.0000000000 -0.0000000000
          0.0000000000 -0.0000000000  0.0000000000
         -0.0300243063 -0.4020087513 -0.0922359344
          0.0271072349 -0.0050924006 -0.0338319464
          0.0296939115  0.4205991092  0.0071105341
         -0.0104903997  0.0000000000 -0.0259495709
         -0.0183038719 -0.1565078474
        Point   44, St  3  1, dir  3, grad=-0.608E-01
   projection of bmat at point
         -0.8984633435  0.9995113918  0.0034755935
         -0.0009163940 -0.3801495373  0.3728404738
         -0.2432066288  0.2249417312 -0.0182387826
          0.0177040744  0.0005797379  0.0327609868
          0.4679644909 -0.4108265606  0.2749576744
         -0.2764633782  0.5486887999 -0.4906488564
         -0.1397173012  0.0528683137  0.3373241398
         -0.3358978788 -0.2331221212  0.2330194431
         -0.0000000000 -0.0000000000 -0.0000000000
          0.0000000000 -0.0000000000  0.0000000000
         -0.0000000000  0.0000000000 -0.0000000000
          0.0014935309  0.0199975471  0.0045881898
         -0.0013484239  0.0002533167  0.0016829383
         -0.0014770957  0.3014416519  0.0109420158
          0.0057651305 -0.0000000000  0.0136205756
         -0.0036248436 -0.0242744092
        Point   44, St  3  1, dir  5, grad=-0.175E+00
   projection of bmat at point
         -0.3910946622  0.4788036578 -0.0036196098
          0.0059489584  0.8163071188 -0.8197771549
         -0.0508508083  0.0411378111  0.0264948647
         -0.0271493512  0.0008960309  0.0134574898
          0.0077825543  0.0344332664 -0.2353770707
          0.2343721404  0.2915408249 -0.2456851771
         -0.0841841608  0.0091260825 -0.2180914417
          0.2155228416  0.6419565239 -0.6436293131
          0.0000000000  0.0000000000 -0.0000000000
         -0.0000000000  0.0000000000 -0.0000000000
          0.0000000000 -0.0000000000  0.0000000000
          0.0007830917  0.0104851614  0.0024056906
         -0.0007070088  0.0001328196  0.0008824022
         -0.0007744743  0.1886500444  0.0100166000
          0.0036026522 -0.0000000000 -0.0059110533
         -0.0072969047 -0.0254911466
        Point   44, St  3  1, dir  6, grad=-0.753E-03
   projection of bmat at point
         -0.4605271551 -0.4456346288  0.0085589784
          0.0084413750 -0.4305205307 -0.4409500429
         -0.3243040873 -0.3044728683 -0.0314549852
         -0.0317145149  0.0771106908  0.0179824252
          0.4480664309  0.4412492643  0.3153258996
          0.3143249425  0.0798910210  0.0821333664
          0.0569871656  0.0575983058  0.5999461908
          0.5955069685  0.0044855728 -0.0060333400
          0.0000000000  0.0000000000 -0.0000000000
          0.0000000000  0.0000000000 -0.0000000000
          0.0000000000 -0.0000000000 -0.0000000000
          0.0000442301  0.0005922166  0.0001358768
         -0.0000399328  0.0000075018  0.0000498393
         -0.0000437434 -0.0145842388 -0.0043173102
         -0.0024968714 -0.0000000000 -0.0654337750
         -0.0328000680  0.0066711145
        Point   44, St  3  1, dir  7, grad= 0.145E-01
   projection of bmat at point
          0.6542097042  0.4565000159  0.0335702399
          0.0317737488 -0.3080683077 -0.2483344746
         -0.0245693644 -0.1227201243 -0.0067895778
         -0.0088092418  0.2088531300 -0.1282831560
          0.1647236449  0.2648355924 -0.1154621876
         -0.0666574725  0.2705556149  0.1809289562
         -0.5817853959 -0.5067354697  0.0275346220
          0.1514087228  0.0295137347  0.1594527255
         -0.0000000000 -0.0000000000  0.0000000000
         -0.0000000000 -0.0000000000  0.0000000000
         -0.0000000000  0.0000000000 -0.0000000000
         -0.0002352961 -0.0031504840 -0.0007228396
          0.0002124354 -0.0000399084 -0.0002651360
          0.0002327069  0.2350541039  0.0635201859
          0.0048964655  0.0000000000  0.0757086890
          0.0474169383 -0.0999337271
        Point   44, St  3  1, dir  8, grad= 0.682E-02
   projection of bmat at point
          0.0350995631 -0.0485147095 -0.0010051975
         -0.0024867260  0.4535799880  0.4737989101
         -0.2329066559 -0.2642579191 -0.0074669774
         -0.0090145475 -0.5913850117 -0.0383032327
          0.1943877294  0.2356421852  0.3016269956
          0.3294808128  0.1889724344  0.1238617331
         -0.2669575702 -0.2027244070 -0.1186689647
         -0.0447011324 -0.3411404474 -0.2721399826
          0.0000000000 -0.0000000000  0.0000000000
         -0.0000000000  0.0000000000 -0.0000000000
          0.0000000000 -0.0000000000  0.0000000000
         -0.0000023249 -0.0000311291 -0.0000071422
          0.0000020990 -0.0000003943 -0.0000026197
          0.0000022993  0.1072702476  0.0328195018
          0.0007972384  0.0000000000 -0.0034488256
          0.0037938826 -0.0407129251
        Point   44, St  3  1, dir  9, grad= 0.115E+00
   projection of bmat at point
          0.3412793879 -0.3161468174  0.0405453519
         -0.0363691456 -0.0247020878  0.0217741804
         -0.3394414174  0.3070949796 -0.0098033091
          0.0100574982  0.0046373705 -0.0150614461
          0.2784137233 -0.2714634455  0.0458955344
         -0.0527736195  0.0768322661 -0.0654230410
         -0.4524292752  0.3901065727  0.2918917831
         -0.2977563640  0.3071677496 -0.3038339693
         -0.0000000000 -0.0000000000  0.0000000000
          0.0000000000 -0.0000000000  0.0000000000
         -0.0000000000 -0.0000000000 -0.0000000000
          0.0000017749  0.0000237654  0.0000054527
         -0.0000016025  0.0000003010  0.0000020000
         -0.0000017554 -0.0918118492  0.0282603690
         -0.0051970710 -0.0000000000  0.0445427762
          0.0559403544  0.1135415122
        Point   44, St  3  1, dir 10, grad=-0.167E-01
   projection of bmat at point
         -0.0528898221  0.1937095970 -0.0022300190
          0.0151275467 -0.0539650281  0.0612162894
         -0.0409867975 -0.0590101791 -0.0104965304
          0.0067983778 -0.0257901068 -0.0425105431
          0.0728206356 -0.0041924992  0.0945546183
         -0.0679845515 -0.2872393253  0.3554466153
          0.3281064837 -0.5388955047  0.3942903937
         -0.3923715697  0.3220310082 -0.3526438376
         -0.0000000000 -0.0000000000  0.0000000000
         -0.0000000000 -0.0000000000 -0.0000000000
         -0.0000000000  0.0000000000  0.0000000000
         -0.0010201495 -0.0136592345 -0.0031339424
          0.0009210349 -0.0001730268 -0.0011495235
          0.0010089236 -0.2088441675 -0.0545221503
          0.0009423023  0.0000000000  0.0791249979
          0.0130902269 -0.0390239943
        Point   44, St  3  1, dir 11, grad= 0.107E-01
   projection of bmat at point
          0.2346328270  0.1945474326 -0.0030087883
         -0.0096450188 -0.2046539655 -0.1196136382
          0.4379627400  0.3177691709 -0.0328824261
         -0.0334479440 -0.4086117346  0.0011282432
         -0.0685622138 -0.0432733368  0.1647872112
          0.2063467720 -0.0625965663 -0.1209153049
          0.1033672892  0.1162384405  0.2537571013
          0.1752108834 -0.1270353024 -0.2308145814
          0.0000000000  0.0000000000 -0.0000000000
          0.0000000000  0.0000000000 -0.0000000000
          0.0000000000 -0.0000000000  0.0000000000
          0.0001369900  0.0018342192  0.0004208389
         -0.0001236804  0.0000232348  0.0001543628
         -0.0001354825  0.0813340172  0.0039372679
          0.0047344915 -0.0000000000 -0.0172106364
         -0.0125331890 -0.0300979009
        Point   44, St  3  1, dir 12, grad=-0.538E-01
   projection of bmat at point
          0.0142850149  0.1440149049 -0.0088448075
          0.0218836409  0.1777975908 -0.2679295007
         -0.3070406215  0.3527687003 -0.0129011230
         -0.0031113677 -0.1054937819 -0.0426980998
          0.0812912876 -0.1203576177  0.1676045288
         -0.0942637986 -0.1805312786  0.1387497661
         -0.0099609046 -0.1024871354 -0.0991214264
          0.1971030959 -0.2709419444  0.1883152158
         -0.0000000000 -0.0000000000  0.0000000000
         -0.0000000000 -0.0000000000 -0.0000000000
         -0.0000000000  0.0000000000 -0.0000000000
         -0.0008246952 -0.0110422098 -0.0025334984
          0.0007445703 -0.0001398759 -0.0009292819
          0.0008156201 -0.3647212140 -0.0831713068
         -0.0039645472  0.0000000000  0.1668554433
          0.0887696279  0.1249706420
        Point   44, St  3  1, dir 13, grad= 0.189E-01
   projection of bmat at point
         -0.0897657667  0.1230430530  0.0215412172
          0.0019480033 -0.1165017740  0.0627046348
          0.1625422469 -0.2930874595  0.0100981703
         -0.0083552120 -0.0803331478 -0.0326076698
         -0.0710325044 -0.0211447521 -0.1019345653
          0.0724186994  0.0046423227 -0.0684131093
         -0.2193630707  0.0903937400  0.0040358181
          0.0516448302  0.0562281201 -0.0501708589
         -0.0000000000 -0.0000000000  0.0000000000
         -0.0000000000 -0.0000000000 -0.0000000000
         -0.0000000000  0.0000000000  0.0000000000
         -0.0004011296 -0.0053709023 -0.0012322871
          0.0003621571 -0.0000680353 -0.0004520003
          0.0003967155 -0.3915952616 -0.1030906915
         -0.0306099116  0.0000000000  0.2001495286
          0.1274452263  0.2234312878
        Point   44, St  3  1, dir 15, grad= 0.650E-03
   projection of bmat at point
          0.0002393981 -0.0298812673  0.0240192512
          0.0250592680 -0.0125213371 -0.0140034173
         -0.1456338715 -0.0849775933  0.0424958975
          0.0423600163 -0.4096790225  0.0136025516
         -0.0902039321 -0.0779465093 -0.2146267335
         -0.2177141692  0.0002841076 -0.0078059168
          0.0155763547 -0.0281174141  0.1246434826
          0.1202072367  0.1699880987  0.1698239189
         -0.0000000000 -0.0000000000  0.0000000000
         -0.0000000000 -0.0000000000 -0.0000000000
         -0.0000000000  0.0000000000  0.0000000000
          0.0001263367  0.0016915777  0.0003881116
         -0.0001140622  0.0000214279  0.0001423585
         -0.0001249464  0.0673395369  0.0293331432
          0.0035445336  0.0000000000 -0.0380046098
         -0.0232524488 -0.0341761492
        Point   44, St  3  1, dir 16, grad= 0.603E-01
   projection of bmat at point
          0.0054732922  0.0546167241  0.0182949728
         -0.0195460434 -0.1910008914  0.1720498405
         -0.2533343181  0.1953844062  0.0388318544
         -0.0459723708  0.0096556166 -0.0022335257
         -0.1187380747  0.1195918092 -0.1850704231
          0.2067594003  0.0434763865 -0.0422549139
          0.0977939234 -0.0326881673 -0.1051176165
          0.0846367604  0.0680920002 -0.0928948241
         -0.0000000000 -0.0000000000  0.0000000000
         -0.0000000000 -0.0000000000 -0.0000000000
         -0.0000000000  0.0000000000  0.0000000000
          0.0000546816  0.0007321564  0.0001679842
         -0.0000493689  0.0000092745  0.0000616163
         -0.0000540799 -0.0136296132 -0.1070542997
          0.0150547309  0.0000000000  0.0222122850
          0.0162707584  0.0243937096
        Point   44, St  3  1, dir 17, grad= 0.659E-02
   projection of bmat at point
         -0.2065521915 -0.0714068239  0.0055896413
          0.0013187455  0.0033596151  0.0933561444
          0.1237666090  0.2064241923  0.0254861371
         -0.0027846229  0.0096593281  0.0009776999
         -0.0379079477  0.0386544609 -0.0723172106
          0.0283177872 -0.0997925659  0.0863277084
         -0.2396017294 -0.1149306039  0.0182408560
          0.0681750041  0.0506398888  0.0146741686
          0.0000000000  0.0000000000 -0.0000000000
          0.0000000000  0.0000000000  0.0000000000
          0.0000000000 -0.0000000000 -0.0000000000
         -0.0002004486 -0.0026838950 -0.0006157865
          0.0001809736 -0.0000339979 -0.0002258692
          0.0001982428 -0.0351260630  0.2456554445
          0.0171477153 -0.0000000000 -0.0267266552
         -0.0270928566 -0.0284390141
        Point   44, St  3  1, dir 18, grad= 0.546E-02
   projection of bmat at point
         -0.0002539146 -0.1263502714  0.0069823779
          0.0078599112  0.0792982584  0.0977624088
          0.1566909987  0.1257957654  0.0069963722
          0.0335813368  0.0115282549 -0.0099746191
          0.1170074912  0.0326236524  0.0028631459
         -0.1042631235  0.1911769365 -0.0365052539
          0.0468300247 -0.1331037349  0.0180720366
          0.0997343304  0.0828647819  0.0292845047
         -0.0000000000 -0.0000000000  0.0000000000
         -0.0000000000 -0.0000000000 -0.0000000000
         -0.0000000000  0.0000000000 -0.0000000000
          0.0001411629  0.0018900932  0.0004336585
         -0.0001274480  0.0000239425  0.0001590650
         -0.0001396095 -0.0252981076 -0.1980856370
          0.0353992514  0.0000000000  0.0385583730
          0.0412942113  0.0707759179
        Point   44, St  3  1, dir 19, grad=-0.774E-02
   projection of bmat at point
          0.0067734496  0.0225189011 -0.0143163718
          0.0102038105 -0.1221608262  0.0810549006
         -0.0158554149 -0.0476922069 -0.0304483714
          0.0214182884 -0.0038635583  0.0027563403
          0.0548070285 -0.0850603770  0.1740767005
         -0.1521212897 -0.0588499664  0.0262118178
          0.0086706054  0.0142823246 -0.2146515550
          0.1850379068  0.1227967851 -0.1463841178
          0.0000000000  0.0000000000 -0.0000000000
          0.0000000000 -0.0000000000  0.0000000000
          0.0000000000 -0.0000000000 -0.0000000000
         -0.0000562700 -0.0007534243 -0.0001728639
          0.0000508030 -0.0000095439 -0.0000634061
          0.0000556508  0.0139750501  0.0517002956
         -0.0087859281 -0.0000000000 -0.0157006620
         -0.0150619872 -0.0274737279
        Point   44, St  3  1, dir 20, grad= 0.124E-02
   projection of bmat at point
         -0.0633968205 -0.0686516083 -0.0032301418
         -0.0044203591 -0.1444678853 -0.1461467585
          0.0470177692  0.0444886735 -0.0114031818
         -0.0117627713 -0.1539822809 -0.0032283908
          0.0953974499  0.0910524941  0.0143666397
          0.0177660397  0.0340061738  0.0174515739
         -0.0067011800 -0.0175353215 -0.2019630230
         -0.2032637375  0.0479992501  0.0498043440
         -0.0000000000  0.0000000000  0.0000000000
         -0.0000000000 -0.0000000000 -0.0000000000
         -0.0000000000  0.0000000000 -0.0000000000
         -0.0000127902 -0.0001712533 -0.0000392919
          0.0000115475 -0.0000021693 -0.0000144122
          0.0000126494 -0.0122274003 -0.0160486189
          0.0064511957  0.0000000000  0.0010172492
          0.0031688158  0.0107217294
        Point   44, St  3  1, dir 21, grad= 0.363E-03
   projection of bmat at point
          0.0034253313 -0.1084314215 -0.0018033999
         -0.0023707608 -0.0441208305 -0.0634773611
         -0.0444112368 -0.0351851262 -0.0211641812
         -0.0070089655  0.0070254906  0.0140677334
         -0.1034605515 -0.1216476949  0.0554890758
          0.0270921371 -0.0054570231 -0.2245425618
         -0.0375284211 -0.2128633017 -0.0066844734
         -0.0190492629 -0.0478530967 -0.0428940754
         -0.0000000000 -0.0000000000  0.0000000000
         -0.0000000000  0.0000000000 -0.0000000000
         -0.0000000000  0.0000000000  0.0000000000
          0.0002637641  0.0035316546  0.0008102944
         -0.0002381376  0.0000447368  0.0002972143
         -0.0002608616 -0.0001843803  0.0233864715
          0.0615244190  0.0000000000 -0.0285360128
         -0.0042226765  0.0541766925
        Point   44, St  3  1, dir 23, grad= 0.576E-01
   projection of bmat at point
          0.0090951178 -0.0076362940  0.0241422975
         -0.0265484291 -0.0045165286  0.0039094592
          0.0198833140 -0.0227405575  0.0331525114
         -0.0335143348 -0.0000200307  0.0005373475
          0.1081724965 -0.1102370223 -0.0711915700
          0.0709839141 -0.0200532510  0.0191424384
          0.0241447887 -0.0238396850 -0.0231885936
          0.0234851618 -0.0119627857  0.0112927212
          0.0000000000 -0.0000000000 -0.0000000000
          0.0000000000 -0.0000000000  0.0000000000
          0.0000000000 -0.0000000000  0.0000000000
         -0.0000315978 -0.0004230770 -0.0000970698
          0.0000285279 -0.0000053593 -0.0000356050
          0.0000312501  0.0066172095  0.0064394458
         -0.0000265228 -0.0000000000 -0.0071713930
         -0.0059959822 -0.0116303961
        Point   44, St  3  1, dir 24, grad= 0.158E-02
   projection of bmat at point
          0.0011577675  0.0014639636  0.0082541074
          0.0065776682 -0.0053764809 -0.0047954281
         -0.0002309806  0.0002299625  0.0571006898
          0.0877438679  0.0025158919 -0.0000017236
          0.0022436669 -0.0014271513  0.0031372897
          0.0107396193 -0.0025527985 -0.0018667137
          0.0010857194 -0.0001977151 -0.0033507156
         -0.0024232738 -0.0057983342 -0.0050155155
         -0.0000000000  0.0000000000  0.0000000000
          0.0000000000 -0.0000000000 -0.0000000000
         -0.0000000000 -0.0000000000 -0.0000000000
         -0.0000009659 -0.0000129323 -0.0000029671
          0.0000008720 -0.0000001638 -0.0000010883
          0.0000009552 -0.0002748704  0.0011121342
          0.0001769623 -0.0000000000 -0.0002790672
         -0.0002597620 -0.0000142260
        Point   44, St  3  1, dir 25, grad= 0.611E-02
   projection of bmat at point
         -0.0012099089  0.0010894098  0.0019251623
         -0.0053331475 -0.0002344538  0.0024836683
         -0.0010457536  0.0009899328 -0.0857277701
          0.0546802133 -0.0005415258 -0.0000329306
          0.0080444949 -0.0079010662 -0.0187179906
          0.0156345408 -0.0020885097  0.0034757020
          0.0019887037 -0.0016524302 -0.0014032751
          0.0026358684 -0.0005141934  0.0028983858
         -0.0000000000 -0.0000000000 -0.0000000000
          0.0000000000 -0.0000000000  0.0000000000
          0.0000000000 -0.0000000000  0.0000000000
         -0.0000056287 -0.0000753653 -0.0000172916
          0.0000050818 -0.0000009547 -0.0000063425
          0.0000055668 -0.0000310202  0.0009316389
         -0.0002771299 -0.0000000000 -0.0002243196
         -0.0004710267 -0.0013324615
        Point   45, St  2  1, dir  4, grad=-0.215E-02
   projection of bmat at point
          0.0000000000 -0.0000000000  0.0000000000
          0.0000000000 -0.0000000000  0.0000000000
         -0.0000000000 -0.0000000000 -0.0000000000
          0.0000000000 -0.0000000000 -0.0000000000
          0.0000000000 -0.0000000000  0.0000000000
         -0.0000000000 -0.0000000000  0.0000000000
          0.0000000000 -0.0000000000  0.0000000000
         -0.0000000000 -0.0000000000  0.0000000000
          1.7130917184  0.0000964862  0.0000237314
         -0.0007080647  0.0068845456 -0.0069426185
          0.0777632389 -0.0774915452  0.0000667579
          0.0000000000  0.0000000000  0.0000000000
         -0.0000000000  0.0000000000  0.0000000000
         -0.0000000000 -0.0000000000  0.0000000000
          0.0000000000  0.1904737539  0.0000000000
          0.0000000000  0.0000000000
        Point   45, St  2  1, dir 14, grad= 0.138E-02
   projection of bmat at point
          0.0000000000 -0.0000000000 -0.0000000000
         -0.0000000000  0.0000000000 -0.0000000000
         -0.0000000000  0.0000000000 -0.0000000000
          0.0000000000  0.0000000000  0.0000000000
          0.0000000000  0.0000000000  0.0000000000
         -0.0000000000 -0.0000000000  0.0000000000
          0.0000000000 -0.0000000000 -0.0000000000
         -0.0000000000 -0.0000000000  0.0000000000
         -0.0773185054 -0.0002960973  0.0005715274
         -0.0078869675 -0.0002084340 -0.0012381074
         -0.0154537366  0.0100816025  0.0001163259
         -0.0000000000 -0.0000000000 -0.0000000000
          0.0000000000 -0.0000000000 -0.0000000000
          0.0000000000  0.0000000000  0.0000000000
          0.0000000000  0.7057346332 -0.0000000000
         -0.0000000000 -0.0000000000
        Point   45, St  2  1, dir 22, grad= 0.259E-02
   projection of bmat at point
          0.0000000000  0.0000000000  0.0000000000
         -0.0000000000  0.0000000000  0.0000000000
         -0.0000000000 -0.0000000000 -0.0000000000
         -0.0000000000  0.0000000000  0.0000000000
         -0.0000000000 -0.0000000000 -0.0000000000
          0.0000000000  0.0000000000 -0.0000000000
         -0.0000000000 -0.0000000000  0.0000000000
          0.0000000000 -0.0000000000  0.0000000000
         -0.0001148299  0.2294496705  0.0021617475
          0.0041846181  0.0014548567  0.0014681586
          0.0845864920  0.0844338618 -0.1495961507
          0.0000000000  0.0000000000  0.0000000000
         -0.0000000000  0.0000000000  0.0000000000
         -0.0000000000  0.0000000000  0.0000000000
          0.0000000000  0.0008024277 -0.0000000000
         -0.0000000000  0.0000000000
        Point   45, St  3  1, dir  1, grad=-0.122E-01
   projection of bmat at point
         -0.0075800050 -0.0080153568 -0.0000157534
          0.0000099424  0.0000040146  0.0000034266
          0.0001475811 -0.0001396287  0.0000004963
          0.0000004163 -0.0000000095 -1.3688236760
         -0.0052181504 -0.0048204796 -0.0000392787
          0.0000509359 -0.2733724580  0.2633186127
          0.0052756799  0.0048483478 -0.0000458934
          0.0000586436  0.0000010238  0.0000008523
          0.0000000000 -0.0000000000  0.0000000000
         -0.0000000000  0.0000000000 -0.0000000000
          0.0000000000 -0.0000000000  0.0000000000
          1.4081883007 18.8548574450  4.3260137628
         -1.2713729794  0.2388417853  1.5867727349
         -1.3926922465 -0.2591962023 -0.0298829311
          0.0472930220  0.0000000000 -0.0836713377
         -0.0121576085 -0.0032229576
        Point   45, St  3  1, dir  2, grad= 0.315E-02
   projection of bmat at point
         -0.4110732880 -0.3303690992 -0.0007724798
         -0.0007580333  0.0017429778  0.0019220612
          0.0014308413  0.0029430282  0.0002160272
          0.0002255556 -0.0000243672 -6.0524302180
         -0.2269189129 -0.2445980450  0.0008269030
         -0.0002019011 -0.1638217564 -0.3093020553
          0.2370684538  0.2529058672  0.0008033176
         -0.0004123566  0.0004171625  0.0004644748
          0.0000000000 -0.0000000000  0.0000000000
         -0.0000000000  0.0000000000 -0.0000000000
          0.0000000000 -0.0000000000  0.0000000000
         -0.0300242682 -0.4020082380 -0.0922358164
          0.0271072010 -0.0050923941 -0.0338319032
          0.0296938737  0.4206001543  0.0072882743
         -0.0104904179  0.0000000000 -0.0259462789
         -0.0183008960 -0.1565057083
        Point   45, St  3  1, dir  3, grad= 0.606E-01
   projection of bmat at point
         -0.8973736273  1.0001646130  0.0034284596
         -0.0009226616 -0.3817363314  0.3740683308
         -0.2345721978  0.2253304869 -0.0191161603
          0.0177607117  0.0007011938  0.0327770008
          0.4665554111 -0.4114822734  0.2745117344
         -0.2772059689  0.5478823681 -0.4908178808
         -0.1395165939  0.0528207387  0.3383769085
         -0.3367069706 -0.2337680833  0.2339513176
         -0.0000000000 -0.0000000000 -0.0000000000
          0.0000000000 -0.0000000000 -0.0000000000
         -0.0000000000  0.0000000000 -0.0000000000
          0.0014929997  0.0199904355  0.0045865581
         -0.0013479444  0.0002532266  0.0016823398
         -0.0014765704  0.3014838257  0.0107950260
          0.0057684218 -0.0000000000  0.0135733017
         -0.0036927303 -0.0244193938
        Point   45, St  3  1, dir  5, grad= 0.175E+00
   projection of bmat at point
         -0.3915419235  0.4815804491 -0.0037032031
          0.0059297931  0.8171546797 -0.8178835160
         -0.0484478220  0.0421809283  0.0278001875
         -0.0270410086  0.0007005747  0.0135346601
          0.0067599361  0.0326816970 -0.2359264211
          0.2331279191  0.2920464010 -0.2468262611
         -0.0841793466  0.0091663399 -0.2212598862
          0.2136292748  0.6411739953 -0.6429105476
          0.0000000000  0.0000000000 -0.0000000000
         -0.0000000000  0.0000000000 -0.0000000000
          0.0000000000 -0.0000000000  0.0000000000
          0.0007857083  0.0105201973  0.0024137291
         -0.0007093713  0.0001332634  0.0008853508
         -0.0007770622  0.1892253780  0.0099226528
          0.0036188458 -0.0000000000 -0.0058095945
         -0.0072828762 -0.0255938850
        Point   45, St  3  1, dir  6, grad= 0.161E-02
   projection of bmat at point
         -0.4618161643 -0.4398911666  0.0085582066
          0.0085494586 -0.4330310267 -0.4457546172
         -0.3105648803 -0.3036280928 -0.0329708211
         -0.0318588660  0.0789781177  0.0180419553
          0.4468305715  0.4408012793  0.3133787813
          0.3141155732  0.0810090241  0.0797192859
          0.0567212967  0.0572554152  0.6046789551
          0.5968463765  0.0077460657 -0.0071824346
          0.0000000000  0.0000000000 -0.0000000000
          0.0000000000  0.0000000000  0.0000000000
          0.0000000000 -0.0000000000 -0.0000000000
          0.0000499445  0.0006687287  0.0001534315
         -0.0000450920  0.0000084710  0.0000562784
         -0.0000493949 -0.0125636868 -0.0041539026
         -0.0024550573 -0.0000000000 -0.0656401430
         -0.0330456029  0.0060105698
        Point   45, St  3  1, dir  7, grad=-0.136E-01
   projection of bmat at point
          0.6529469626  0.4611632893  0.0332651781
          0.0320552478 -0.3106201048 -0.2514034842
         -0.0191642664 -0.1217116903 -0.0069806846
         -0.0087315411  0.2129283564 -0.1279251023
          0.1608091325  0.2638064770 -0.1183332243
         -0.0697270011  0.2672988783  0.1817069380
         -0.5710065665 -0.5102023922  0.0281484753
          0.1506175817  0.0319762393  0.1614013681
         -0.0000000000  0.0000000000  0.0000000000
         -0.0000000000 -0.0000000000 -0.0000000000
         -0.0000000000  0.0000000000 -0.0000000000
         -0.0002380688 -0.0031876085 -0.0007313573
          0.0002149387 -0.0000403787 -0.0002682603
          0.0002354490  0.2346085201  0.0624157661
          0.0049541937  0.0000000000  0.0757149785
          0.0470096338 -0.1008675553
        Point   45, St  3  1, dir  8, grad=-0.459E-02
   projection of bmat at point
          0.0303513025 -0.0387780749 -0.0015843032
         -0.0015613101  0.4472054361  0.4693856404
         -0.2177943629 -0.2726289753 -0.0081043481
         -0.0095956847 -0.5907329424 -0.0386521669
          0.1925761500  0.2455576042  0.3025236986
          0.3328294446  0.1914325044  0.1249481426
         -0.2607165622 -0.2129816048 -0.1212985246
         -0.0337830513 -0.3478884541 -0.2657445058
         -0.0000000000  0.0000000000 -0.0000000000
          0.0000000000 -0.0000000000  0.0000000000
         -0.0000000000  0.0000000000 -0.0000000000
          0.0000027511  0.0000368357  0.0000084515
         -0.0000024838  0.0000004666  0.0000031000
         -0.0000027208  0.1130267136  0.0327585585
          0.0009500501 -0.0000000000 -0.0046963675
          0.0025329832 -0.0442712503
        Point   45, St  3  1, dir  9, grad=-0.115E+00
   projection of bmat at point
          0.3451098720 -0.3032258010  0.0406435045
         -0.0358913932 -0.0246241492  0.0316676538
         -0.3259115393  0.2991173678 -0.0115743813
          0.0095360135 -0.0135361217 -0.0178867473
          0.2866351553 -0.2634535189  0.0580705124
         -0.0437143137  0.0729846379 -0.0509714197
         -0.4437554325  0.3632506034  0.3151967256
         -0.3112425269  0.3135627208 -0.3291861465
          0.0000000000 -0.0000000000  0.0000000000
         -0.0000000000 -0.0000000000 -0.0000000000
          0.0000000000 -0.0000000000  0.0000000000
         -0.0000284087 -0.0003803765 -0.0000872727
          0.0000256486 -0.0000048184 -0.0000320114
          0.0000280961 -0.0914071433  0.0274082139
         -0.0050311467  0.0000000000  0.0464113491
          0.0558568918  0.1088277311
        Point   45, St  3  1, dir 10, grad= 0.215E-01
   projection of bmat at point
         -0.0692869887  0.2052101578 -0.0040221636
          0.0164037680 -0.0512297698  0.0618944596
         -0.0226962779 -0.0709855135 -0.0104819308
          0.0063487458 -0.0290457650 -0.0412394980
          0.0587498322  0.0053366135  0.0924286111
         -0.0643597601 -0.2917084820  0.3559092550
          0.3466681539 -0.5513425186  0.3849353149
         -0.3805011136  0.3093295857 -0.3422026302
         -0.0000000000 -0.0000000000  0.0000000000
         -0.0000000000 -0.0000000000 -0.0000000000
         -0.0000000000  0.0000000000  0.0000000000
         -0.0010171228 -0.0136187084 -0.0031246442
          0.0009183022 -0.0001725135 -0.0011461129
          0.0010059302 -0.2055796017 -0.0551115527
          0.0011321341  0.0000000000  0.0766991493
          0.0104568784 -0.0432502375
        Point   45, St  3  1, dir 11, grad= 0.492E-02
   projection of bmat at point
         -0.2339731620 -0.2098897991  0.0043702044
          0.0074621225  0.1896260414  0.1408526459
         -0.4076538887 -0.3433166984  0.0344372553
          0.0337159485  0.4143660178  0.0010801484
          0.0740524429  0.0508553241 -0.1699606917
         -0.1967586169  0.0794985481  0.1112534057
         -0.1137846638 -0.1047773703 -0.2376708435
         -0.1950037831  0.1515120187  0.2070851562
         -0.0000000000  0.0000000000  0.0000000000
         -0.0000000000 -0.0000000000  0.0000000000
         -0.0000000000 -0.0000000000 -0.0000000000
         -0.0000799470 -0.0010704457 -0.0002456005
          0.0000721796 -0.0000135598 -0.0000900858
          0.0000790672 -0.0577381847  0.0023633704
         -0.0047152711  0.0000000000  0.0069444813
          0.0077008968  0.0236914429
        Point   45, St  3  1, dir 12, grad= 0.535E-01
   projection of bmat at point
         -0.0041657158  0.1255024807 -0.0081620857
          0.0222499001  0.1925151893 -0.2573032935
         -0.3329979525  0.3267514166 -0.0116253668
         -0.0004441832 -0.0744599309 -0.0434575516
          0.0949214437 -0.1176104569  0.1602023796
         -0.1082588335 -0.1729405421  0.1484138650
         -0.0265350317 -0.1087422798 -0.1131112900
          0.1796056280 -0.2579705929  0.1992228670
         -0.0000000000 -0.0000000000  0.0000000000
         -0.0000000000 -0.0000000000 -0.0000000000
         -0.0000000000  0.0000000000 -0.0000000000
         -0.0008385310 -0.0112274631 -0.0025760025
          0.0007570618 -0.0001422226 -0.0009448723
          0.0008293036 -0.3741018881 -0.0829636753
         -0.0045963902  0.0000000000  0.1699088148
          0.0911247204  0.1297063004
        Point   45, St  3  1, dir 13, grad=-0.200E-01
   projection of bmat at point
         -0.0846200930  0.1256997838  0.0219947791
          0.0017996891 -0.1213957364  0.0645091574
          0.1594403754 -0.2935305367  0.0113565419
         -0.0087083371 -0.0865791881 -0.0321188606
         -0.0765529604 -0.0205947587 -0.1075899243
          0.0741787930  0.0062156376 -0.0718387518
         -0.2140062992  0.0924624737  0.0053304163
          0.0542240330  0.0584465548 -0.0509858684
         -0.0000000000 -0.0000000000  0.0000000000
         -0.0000000000 -0.0000000000 -0.0000000000
         -0.0000000000  0.0000000000  0.0000000000
         -0.0003900389 -0.0052224032 -0.0011982158
          0.0003521439 -0.0000661542 -0.0004395030
          0.0003857468 -0.3867401776 -0.1038748807
         -0.0305431058  0.0000000000  0.1986719345
          0.1266919381  0.2219720297
        Point   45, St  3  1, dir 15, grad= 0.122E-02
   projection of bmat at point
         -0.0019057122 -0.0348654344  0.0235229460
          0.0256624771 -0.0016318412 -0.0180329607
         -0.1416405515 -0.0841239214  0.0440289118
          0.0438964505 -0.4069888534  0.0136442847
         -0.0841227083 -0.0800906605 -0.2098012878
         -0.2247358302  0.0001848640 -0.0040051030
          0.0117738953 -0.0303963343  0.1287251634
          0.1179602130  0.1669331044  0.1756363200
         -0.0000000000 -0.0000000000  0.0000000000
         -0.0000000000 -0.0000000000 -0.0000000000
         -0.0000000000  0.0000000000 -0.0000000000
          0.0001244483  0.0016662932  0.0003823104
         -0.0001123573  0.0000211076  0.0001402306
         -0.0001230788  0.0692472534  0.0328058378
          0.0037349308  0.0000000000 -0.0395797738
         -0.0242889714 -0.0359710572
        Point   45, St  3  1, dir 16, grad=-0.602E-01
   projection of bmat at point
         -0.0034895551  0.0460871865  0.0190410797
         -0.0186616773 -0.1862058971  0.1743226047
         -0.2540519816  0.2058898085  0.0428061166
         -0.0441931807  0.0019405862 -0.0020967979
         -0.1147833794  0.1197815141 -0.1899855851
          0.1981939513  0.0432429593 -0.0364763115
          0.0899387761 -0.0411641769 -0.1017699584
          0.0890433481  0.0746560814 -0.0852617662
         -0.0000000000 -0.0000000000  0.0000000000
         -0.0000000000 -0.0000000000 -0.0000000000
         -0.0000000000  0.0000000000  0.0000000000
          0.0000499936  0.0006693865  0.0001535825
         -0.0000451364  0.0000084794  0.0000563337
         -0.0000494435 -0.0123702388 -0.1007803894
          0.0164476644  0.0000000000  0.0200300262
          0.0147590036  0.0223315175
        Point   45, St  3  1, dir 17, grad=-0.501E-02
   projection of bmat at point
         -0.2043974483 -0.0697681511  0.0049995440
          0.0016135964  0.0081737121  0.0882525297
          0.1339105033  0.1974282119  0.0251994323
         -0.0019980090  0.0118668181  0.0008565025
         -0.0358649339  0.0350732785 -0.0664968245
          0.0253669313 -0.1017390552  0.0868359134
         -0.2429979854 -0.1103758221  0.0217125522
          0.0649112532  0.0464085076  0.0154690999
          0.0000000000  0.0000000000 -0.0000000000
          0.0000000000  0.0000000000  0.0000000000
          0.0000000000 -0.0000000000  0.0000000000
         -0.0002027133 -0.0027142183 -0.0006227438
          0.0001830183 -0.0000343821 -0.0002284211
          0.0002004826 -0.0359388056  0.2500509089
          0.0159616234 -0.0000000000 -0.0263622599
         -0.0269960588 -0.0285112165
        Point   45, St  3  1, dir 18, grad=-0.437E-02
   projection of bmat at point
         -0.0003766368 -0.1257904641  0.0063269082
          0.0081549208  0.0803754921  0.0983563483
          0.1631212942  0.1223397850  0.0061204621
          0.0341925710  0.0148721166 -0.0096749381
          0.1144865648  0.0286113297  0.0080148071
         -0.1065065249  0.1877683410 -0.0384437398
          0.0443014751 -0.1340544474  0.0193240587
          0.1030983933  0.0815582172  0.0260258608
         -0.0000000000  0.0000000000  0.0000000000
         -0.0000000000 -0.0000000000 -0.0000000000
         -0.0000000000  0.0000000000 -0.0000000000
          0.0001406658  0.0018834372  0.0004321314
         -0.0001269992  0.0000238582  0.0001585049
         -0.0001391179 -0.0253120590 -0.1936030818
          0.0355693310  0.0000000000  0.0377137950
          0.0406405222  0.0704223563
        Point   45, St  3  1, dir 19, grad= 0.744E-02
   projection of bmat at point
          0.0038638060  0.0206622379 -0.0142736037
          0.0099996388 -0.1303123006  0.0741378611
         -0.0161265123 -0.0471710026 -0.0323280240
          0.0207233059 -0.0123230244  0.0027865380
          0.0576089063 -0.0822327792  0.1736873333
         -0.1509242576 -0.0597548883  0.0273816237
          0.0076785031  0.0144808218 -0.2226208502
          0.1761884703  0.1254799530 -0.1446348724
          0.0000000000  0.0000000000 -0.0000000000
          0.0000000000 -0.0000000000  0.0000000000
          0.0000000000  0.0000000000 -0.0000000000
         -0.0000580450 -0.0007771898 -0.0001783166
          0.0000524055 -0.0000098450 -0.0000654061
          0.0000574062  0.0139516092  0.0536720978
         -0.0088135948 -0.0000000000 -0.0163078700
         -0.0155329083 -0.0279736078
        Point   45, St  3  1, dir 20, grad=-0.157E-02
   projection of bmat at point
         -0.0640966261 -0.0719706169 -0.0025547287
         -0.0046523727 -0.1399268539 -0.1488743968
          0.0517337965  0.0470985249 -0.0108908224
         -0.0120152026 -0.1547319560 -0.0033229131
          0.0940759500  0.0933092195  0.0082804807
          0.0219181905  0.0378500428  0.0145857012
         -0.0076540578 -0.0212841825 -0.1928071109
         -0.2092473182  0.0447192196  0.0552977880
          0.0000000000  0.0000000000  0.0000000000
          0.0000000000 -0.0000000000  0.0000000000
          0.0000000000  0.0000000000 -0.0000000000
         -0.0000077788 -0.0001041542 -0.0000238969
          0.0000070231 -0.0000013194 -0.0000087653
          0.0000076932 -0.0131266342 -0.0188797925
          0.0076265527  0.0000000000  0.0017023807
          0.0040549302  0.0128403220
        Point   45, St  3  1, dir 21, grad=-0.585E-03
   projection of bmat at point
          0.0034723509 -0.1072480944 -0.0016598751
         -0.0024365593 -0.0437971306 -0.0628408154
         -0.0471903501 -0.0357484635 -0.0219864874
         -0.0072674930  0.0076098259  0.0141256737
         -0.1047173091 -0.1223449248  0.0543720076
          0.0280008455 -0.0070205967 -0.2239793838
         -0.0383878240 -0.2119512627 -0.0055662358
         -0.0182503496 -0.0483851912 -0.0430709244
         -0.0000000000 -0.0000000000  0.0000000000
         -0.0000000000  0.0000000000 -0.0000000000
         -0.0000000000  0.0000000000  0.0000000000
          0.0002622949  0.0035119822  0.0008057809
         -0.0002368111  0.0000444876  0.0002955587
         -0.0002594085 -0.0000423482  0.0252178702
          0.0612332169  0.0000000000 -0.0287802563
         -0.0045311455  0.0535699169
        Point   45, St  3  1, dir 23, grad=-0.574E-01
   projection of bmat at point
          0.0092417885 -0.0076269797  0.0241194663
         -0.0264570427 -0.0045391210  0.0037607954
          0.0204938820 -0.0228148116  0.0357749309
         -0.0334173494  0.0000749422  0.0005403781
          0.1081800346 -0.1101676962 -0.0706663015
          0.0708026684 -0.0199860021  0.0190257758
          0.0243741975 -0.0238027771 -0.0229803366
          0.0234104132 -0.0120906996  0.0111474884
          0.0000000000 -0.0000000000 -0.0000000000
          0.0000000000 -0.0000000000  0.0000000000
          0.0000000000 -0.0000000000  0.0000000000
         -0.0000313640 -0.0004199467 -0.0000963516
          0.0000283168 -0.0000053196 -0.0000353416
          0.0000310189  0.0066608439  0.0062318393
         -0.0000193433 -0.0000000000 -0.0071711819
         -0.0059849752 -0.0116070802
        Point   45, St  3  1, dir 24, grad=-0.440E-02
   projection of bmat at point
         -0.0018100569 -0.0001113563 -0.0033349077
         -0.0084924429  0.0034806865  0.0054121647
         -0.0006758678  0.0006349367 -0.1066065601
         -0.0140146269 -0.0021666328 -0.0000218762
          0.0055969355 -0.0060446750 -0.0182282923
          0.0061078980 -0.0000711111  0.0043116993
          0.0010355721 -0.0013055934  0.0010293615
          0.0039483669  0.0034743837  0.0059086054
         -0.0000000000 -0.0000000000 -0.0000000000
          0.0000000000 -0.0000000000  0.0000000000
          0.0000000000 -0.0000000000  0.0000000000
         -0.0000041980 -0.0000562084 -0.0000128963
          0.0000037901 -0.0000007120 -0.0000047303
          0.0000041518  0.0001941486  0.0000330073
         -0.0003620678 -0.0000000000 -0.0000252166
         -0.0002431921 -0.0011660778
        Point   45, St  3  1, dir 25, grad= 0.517E-02
   projection of bmat at point
         -0.0001118151 -0.0018245211 -0.0076389417
         -0.0016651871  0.0042668340  0.0020699201
          0.0008681098 -0.0008099702  0.0109116962
         -0.1024481672 -0.0015820995  0.0000212883
         -0.0069199004  0.0062094715  0.0096797799
         -0.0183221982  0.0033049500 -0.0008151264
         -0.0021331472  0.0012164553  0.0034450080
          0.0001529461  0.0047818477  0.0019738104
         -0.0000000000  0.0000000000  0.0000000000
         -0.0000000000 -0.0000000000 -0.0000000000
         -0.0000000000  0.0000000000 -0.0000000000
          0.0000043611  0.0000583927  0.0000133975
         -0.0000039374  0.0000007397  0.0000049142
         -0.0000043131  0.0002231520 -0.0014404290
          0.0000438522  0.0000000000  0.0003620539
          0.0005053203  0.0008754703
        Point   46, St  2  1, dir  4, grad= 0.213E-02
   projection of bmat at point
          0.0000000000 -0.0000000000 -0.0000000000
          0.0000000000 -0.0000000000  0.0000000000
         -0.0000000000 -0.0000000000 -0.0000000000
          0.0000000000 -0.0000000000 -0.0000000000
          0.0000000000  0.0000000000  0.0000000000
         -0.0000000000 -0.0000000000  0.0000000000
          0.0000000000 -0.0000000000  0.0000000000
         -0.0000000000 -0.0000000000  0.0000000000
         -1.7130913275 -0.0000904233 -0.0000237502
          0.0007079893 -0.0068844857  0.0069427931
         -0.0772828403  0.0774938325 -0.0000701669
          0.0000000000  0.0000000000  0.0000000000
         -0.0000000000  0.0000000000  0.0000000000
         -0.0000000000 -0.0000000000 -0.0000000000
         -0.0000000000 -0.1904782330  0.0000000000
          0.0000000000  0.0000000000
        Point   46, St  2  1, dir 14, grad=-0.136E-02
   projection of bmat at point
          0.0000000000 -0.0000000000 -0.0000000000
         -0.0000000000  0.0000000000 -0.0000000000
         -0.0000000000  0.0000000000 -0.0000000000
          0.0000000000  0.0000000000  0.0000000000
          0.0000000000  0.0000000000  0.0000000000
         -0.0000000000 -0.0000000000  0.0000000000
          0.0000000000 -0.0000000000 -0.0000000000
         -0.0000000000 -0.0000000000  0.0000000000
          0.0773296499  0.0002870411 -0.0005715181
          0.0078871048  0.0002083920  0.0012378390
          0.0153369259 -0.0100856087 -0.0001122247
         -0.0000000000 -0.0000000000 -0.0000000000
          0.0000000000 -0.0000000000 -0.0000000000
          0.0000000000  0.0000000000  0.0000000000
          0.0000000000 -0.7057334862 -0.0000000000
         -0.0000000000 -0.0000000000
        Point   46, St  2  1, dir 22, grad=-0.273E-02
   projection of bmat at point
          0.0000000000 -0.0000000000  0.0000000000
         -0.0000000000  0.0000000000 -0.0000000000
         -0.0000000000 -0.0000000000  0.0000000000
         -0.0000000000  0.0000000000  0.0000000000
         -0.0000000000 -0.0000000000 -0.0000000000
          0.0000000000  0.0000000000 -0.0000000000
          0.0000000000 -0.0000000000  0.0000000000
          0.0000000000 -0.0000000000 -0.0000000000
          0.0000607978 -0.2294061514 -0.0021649217
         -0.0041791536 -0.0014512112 -0.0014600345
         -0.0839143755 -0.0843430682  0.1508489090
         -0.0000000000 -0.0000000000 -0.0000000000
          0.0000000000 -0.0000000000 -0.0000000000
          0.0000000000  0.0000000000 -0.0000000000
          0.0000000000 -0.0007768481 -0.0000000000
         -0.0000000000  0.0000000000
        Point   46, St  3  1, dir  1, grad= 0.122E-01
   projection of bmat at point
         -0.0075800045 -0.0080153565 -0.0000157533
          0.0000099424  0.0000040142  0.0000034266
          0.0001475811 -0.0001396287  0.0000004744
          0.0000004163 -0.0000000097 -1.3688236524
         -0.0052181501 -0.0048204794 -0.0000392787
          0.0000509359 -0.2733724572  0.2633186124
          0.0052756797  0.0048483475 -0.0000458801
          0.0000586436  0.0000010241  0.0000008521
         -0.0000000000  0.0000000000 -0.0000000000
          0.0000000000 -0.0000000000  0.0000000000
         -0.0000000000  0.0000000000 -0.0000000000
          1.4081883073 18.8548576194  4.3260138073
         -1.2713729694  0.2388417877  1.5867727511
         -1.3926922561 -0.2591962020 -0.0298829320
          0.0472930222 -0.0000000000 -0.0836713377
         -0.0121576085 -0.0032229574
        Point   46, St  3  1, dir  2, grad=-0.314E-02
   projection of bmat at point
         -0.4110733364 -0.3303691012 -0.0007724827
         -0.0007580334  0.0017429324  0.0019220753
          0.0014308107  0.0029430284  0.0002064663
          0.0002255556 -0.0000248208 -6.0524301405
         -0.2269188452 -0.2445980455  0.0008269874
         -0.0002018986 -0.1638217458 -0.3093020560
          0.2370684591  0.2529058677  0.0008087042
         -0.0004123569  0.0004170712  0.0004645227
          0.0000000000  0.0000000000 -0.0000000000
          0.0000000000  0.0000000000  0.0000000000
          0.0000000000  0.0000000000 -0.0000000000
         -0.0300242669 -0.4020082218 -0.0922358128
          0.0271071995 -0.0050923939 -0.0338319018
          0.0296938725  0.4206001556  0.0072882745
         -0.0104904179 -0.0000000000 -0.0259462798
         -0.0183008970 -0.1565057071
        Point   46, St  3  1, dir  3, grad=-0.600E-01
   projection of bmat at point
         -0.8956109657  0.9986466945  0.0033861796
         -0.0009278098 -0.3843562872  0.3778551469
         -0.2340895367  0.2252006011 -0.0183250468
          0.0178738221  0.0006294565  0.0327251334
          0.4658894553 -0.4116492197  0.2751927599
         -0.2783097470  0.5468283825 -0.4899989189
         -0.1392706929  0.0527424621  0.3366695795
         -0.3374125118 -0.2390938123  0.2391654601
          0.0000000000 -0.0000000000  0.0000000000
         -0.0000000000  0.0000000000 -0.0000000000
          0.0000000000 -0.0000000000  0.0000000000
          0.0014903113  0.0199544393  0.0045782992
         -0.0013455172  0.0002527706  0.0016793105
         -0.0014739116  0.3008898135  0.0107706987
          0.0057578724  0.0000000000  0.0136031688
         -0.0036599344 -0.0243540885
        Point   46, St  3  1, dir  5, grad=-0.175E+00
   projection of bmat at point
         -0.3956897917  0.4840386647 -0.0035514913
          0.0058268829  0.8134845164 -0.8164256694
         -0.0504165582  0.0432047994  0.0263091170
         -0.0269155513  0.0009094240  0.0136928741
          0.0105783225  0.0305236966 -0.2336427786
          0.2319984468  0.2936010574 -0.2481843478
         -0.0842987327  0.0096747807 -0.2142503924
          0.2107115500  0.6479533762 -0.6495679337
         -0.0000000000 -0.0000000000 -0.0000000000
          0.0000000000 -0.0000000000  0.0000000000
         -0.0000000000  0.0000000000 -0.0000000000
          0.0007897979  0.0105749539  0.0024262923
         -0.0007130635  0.0001339570  0.0008899589
         -0.0007811067  0.1896455305  0.0098837994
          0.0036244205 -0.0000000000 -0.0057338299
         -0.0072856119 -0.0254877439
        Point   46, St  3  1, dir  6, grad=-0.144E-02
   projection of bmat at point
         -0.4627218217 -0.4401209042  0.0084675538
          0.0085688377 -0.4351031521 -0.4440924337
         -0.3108576427 -0.3039615583 -0.0315530203
         -0.0317855478  0.0822779353  0.0181434598
          0.4469788636  0.4407312677  0.3138075487
          0.3129438121  0.0812728028  0.0794595413
          0.0568445576  0.0575677869  0.6009416686
          0.5970092414  0.0053261264 -0.0038309526
         -0.0000000000 -0.0000000000  0.0000000000
         -0.0000000000 -0.0000000000 -0.0000000000
         -0.0000000000  0.0000000000 -0.0000000000
          0.0000509973  0.0006828250  0.0001566658
         -0.0000460425  0.0000086496  0.0000574647
         -0.0000504361 -0.0124599307 -0.0041636057
         -0.0024579179  0.0000000000 -0.0657500819
         -0.0331014699  0.0060374057
        Point   46, St  3  1, dir  7, grad= 0.132E-01
   projection of bmat at point
          0.6505545445  0.4616358117  0.0331629436
          0.0320846592 -0.3177266864 -0.2610054658
         -0.0153723243 -0.1176015793 -0.0063924179
         -0.0085553838  0.2318191408 -0.1269801879
          0.1565023953  0.2596796922 -0.1252108510
         -0.0762943863  0.2643698518  0.1787317204
         -0.5658561812 -0.5057226775  0.0268688992
          0.1518737274  0.0378622337  0.1685495806
         -0.0000000000  0.0000000000  0.0000000000
         -0.0000000000 -0.0000000000  0.0000000000
         -0.0000000000  0.0000000000 -0.0000000000
         -0.0002354727 -0.0031528477 -0.0007233819
          0.0002125948 -0.0000399383 -0.0002653350
          0.0002328815  0.2329415080  0.0618262628
          0.0049364679  0.0000000000  0.0755131757
          0.0468068523 -0.1000747812
        Point   46, St  3  1, dir  8, grad= 0.487E-02
   projection of bmat at point
          0.0465617390 -0.0268120053 -0.0006905438
         -0.0007899703  0.4384009195  0.4603597313
         -0.2149676443 -0.2708487153 -0.0080592565
         -0.0099566610 -0.6061390889 -0.0414458101
          0.1953364541  0.2495343121  0.3011115302
          0.3325268944  0.1948505172  0.1283221417
         -0.2708739379 -0.2230453995 -0.1135701541
         -0.0282738395 -0.3463098244 -0.2653914047
          0.0000000000 -0.0000000000  0.0000000000
         -0.0000000000  0.0000000000 -0.0000000000
          0.0000000000 -0.0000000000 -0.0000000000
         -0.0000054355 -0.0000727786 -0.0000166981
          0.0000049074 -0.0000009219 -0.0000061248
          0.0000053757  0.1168589945  0.0337466567
          0.0010682570  0.0000000000 -0.0026033223
          0.0037178368 -0.0461629688
        Point   46, St  3  1, dir  9, grad= 0.115E+00
   projection of bmat at point
          0.3436705432 -0.2984927185  0.0405905302
         -0.0353814321 -0.0331212515  0.0359609344
         -0.3264063760  0.2956250972 -0.0115667201
          0.0098698462 -0.0117718586 -0.0191126599
          0.2896231983 -0.2626653203  0.0616384209
         -0.0474392693  0.0651367755 -0.0405249421
         -0.4343920167  0.3473496108  0.3256656325
         -0.3219179065  0.3235176332 -0.3377941257
         -0.0000000000  0.0000000000  0.0000000000
          0.0000000000 -0.0000000000  0.0000000000
         -0.0000000000  0.0000000000 -0.0000000000
         -0.0000568634 -0.0007613690 -0.0001746867
          0.0000513387 -0.0000096446 -0.0000640747
          0.0000562376 -0.0965651068  0.0260294146
         -0.0050005748 -0.0000000000  0.0482752762
          0.0560102273  0.1073208728
        Point   46, St  3  1, dir 10, grad=-0.240E-01
   projection of bmat at point
         -0.0784694464  0.2125309632 -0.0050815493
          0.0174463111 -0.0578090637  0.0627727463
         -0.0135866747 -0.0804343000 -0.0099341515
          0.0062437909 -0.0258411348 -0.0407753959
          0.0521509625  0.0130329807  0.0915515381
         -0.0653286887 -0.2934690072  0.3576033922
          0.3586674326 -0.5614733353  0.3756683637
         -0.3717032894  0.3023023240 -0.3318748449
          0.0000000000  0.0000000000 -0.0000000000
          0.0000000000  0.0000000000  0.0000000000
          0.0000000000 -0.0000000000 -0.0000000000
         -0.0010161132 -0.0136051896 -0.0031215424
          0.0009173907 -0.0001723422 -0.0011449752
          0.0010049316 -0.2025795285 -0.0557341033
          0.0012666894 -0.0000000000  0.0751485613
          0.0087889829 -0.0464602799
        Point   46, St  3  1, dir 11, grad=-0.416E-02
   projection of bmat at point
         -0.2347134964 -0.2134634318  0.0040084167
          0.0066155565  0.1960209159  0.1538838633
         -0.4014628459 -0.3509624588  0.0327166956
          0.0332250318  0.4195863819  0.0019091664
          0.0731807898  0.0557984995 -0.1672819155
         -0.1876548031  0.0845737207  0.1087766913
         -0.1142227305 -0.1032710283 -0.2378421111
         -0.2002834570  0.1485555788  0.1978869968
         -0.0000000000  0.0000000000 -0.0000000000
          0.0000000000 -0.0000000000  0.0000000000
         -0.0000000000  0.0000000000 -0.0000000000
         -0.0000609211 -0.0008156991 -0.0001871521
          0.0000550022 -0.0000103328 -0.0000686470
          0.0000602507 -0.0487584886  0.0042893842
         -0.0045645710 -0.0000000000  0.0030129254
          0.0056119495  0.0205300853
        Point   46, St  3  1, dir 12, grad=-0.537E-01
   projection of bmat at point
         -0.0081388355  0.1216188668 -0.0078559829
          0.0224005573  0.1979593449 -0.2569521234
         -0.3415290080  0.3206005014 -0.0101306527
          0.0003024641 -0.0679437878 -0.0434646772
          0.0957265970 -0.1176876694  0.1543760718
         -0.1127370858 -0.1719315968  0.1507892910
         -0.0288636663 -0.1108805037 -0.1140885589
          0.1742532241 -0.2527660352  0.2032919834
          0.0000000000  0.0000000000 -0.0000000000
          0.0000000000  0.0000000000  0.0000000000
          0.0000000000 -0.0000000000  0.0000000000
         -0.0008414011 -0.0112658930 -0.0025848198
          0.0007596531 -0.0001427094 -0.0009481064
          0.0008321422 -0.3757511097 -0.0828873642
         -0.0046995037 -0.0000000000  0.1702611909
          0.0913850815  0.1303094544
        Point   46, St  3  1, dir 13, grad= 0.200E-01
   projection of bmat at point
         -0.0853140391  0.1247357626  0.0222272349
          0.0021076198 -0.1229471731  0.0638536358
          0.1571756858 -0.2953106534  0.0112583245
         -0.0081413885 -0.0899492578 -0.0319484821
         -0.0770056264 -0.0212592046 -0.1103168561
          0.0704992411  0.0064312800 -0.0717004833
         -0.2139341499  0.0920344371  0.0047563170
          0.0549918376  0.0614609892 -0.0480572824
          0.0000000000  0.0000000000 -0.0000000000
          0.0000000000  0.0000000000  0.0000000000
          0.0000000000 -0.0000000000 -0.0000000000
         -0.0003886528 -0.0052038442 -0.0011939577
          0.0003508924 -0.0000659191 -0.0004379412
          0.0003843759 -0.3860745454 -0.1035815630
         -0.0305173438 -0.0000000000  0.1982132547
          0.1264230065  0.2216319109
        Point   46, St  3  1, dir 15, grad=-0.125E-02
   projection of bmat at point
         -0.0031866640 -0.0385383916  0.0233580295
          0.0256933328 -0.0064976187 -0.0225048183
         -0.1454876459 -0.0850075351  0.0418646556
          0.0442970932 -0.4052898969  0.0141165131
         -0.0816278119 -0.0792086866 -0.2119399787
         -0.2301314966  0.0010035719 -0.0027388917
          0.0139271177 -0.0313324601  0.1231201628
          0.1132505704  0.1729010136  0.1796760045
          0.0000000000  0.0000000000 -0.0000000000
          0.0000000000  0.0000000000  0.0000000000
          0.0000000000 -0.0000000000 -0.0000000000
          0.0001295338  0.0017343860  0.0003979334
         -0.0001169487  0.0000219701  0.0001459611
         -0.0001281084  0.0734140280  0.0337284526
          0.0039555613 -0.0000000000 -0.0419708944
         -0.0257423739 -0.0382703209
        Point   46, St  3  1, dir 16, grad= 0.601E-01
   projection of bmat at point
         -0.0032154824  0.0461588933  0.0189718225
         -0.0185957197 -0.1858429118  0.1745933126
         -0.2545686331  0.2054428274  0.0407121937
         -0.0440755066  0.0021673889 -0.0020777038
         -0.1149928589  0.1195816426 -0.1896469583
          0.1976228149  0.0434551985 -0.0367485256
          0.0903270136 -0.0411417660 -0.1024394161
          0.0896492805  0.0741127432 -0.0848002242
          0.0000000000  0.0000000000 -0.0000000000
          0.0000000000  0.0000000000  0.0000000000
          0.0000000000 -0.0000000000  0.0000000000
          0.0000505955  0.0006774458  0.0001554316
         -0.0000456798  0.0000085815  0.0000570120
         -0.0000500388 -0.0122960805 -0.1012076210
          0.0164555068 -0.0000000000  0.0200576577
          0.0148016411  0.0224079343
        Point   46, St  3  1, dir 17, grad= 0.509E-02
   projection of bmat at point
         -0.2044491221 -0.0697615094  0.0050390034
          0.0016773448  0.0071252659  0.0886796542
          0.1332211049  0.1973456719  0.0240233652
         -0.0018990220  0.0105845212  0.0008927929
         -0.0360448836  0.0348173562 -0.0666126001
          0.0247138030 -0.1018594265  0.0867316385
         -0.2428492132 -0.1105378773  0.0208339089
          0.0657909859  0.0473762698  0.0151792192
         -0.0000000000 -0.0000000000  0.0000000000
         -0.0000000000 -0.0000000000 -0.0000000000
         -0.0000000000  0.0000000000  0.0000000000
         -0.0002024913 -0.0027112463 -0.0006220619
          0.0001828179 -0.0000343444 -0.0002281710
          0.0002002631 -0.0358383189  0.2501258155
          0.0159927132  0.0000000000 -0.0264502941
         -0.0270560350 -0.0285734253
        Point   46, St  3  1, dir 18, grad= 0.382E-02
   projection of bmat at point
          0.0000754778 -0.1241345851  0.0054460414
          0.0088272830  0.0729758434  0.1030832475
          0.1616382517  0.1191164608  0.0040080689
          0.0354839573  0.0140562333 -0.0094724191
          0.1172467671  0.0233451787  0.0184589525
         -0.1158004239  0.1837885332 -0.0368694579
          0.0446905259 -0.1329416536  0.0066369522
          0.1143931196  0.0885266284  0.0175918118
          0.0000000000  0.0000000000 -0.0000000000
          0.0000000000  0.0000000000  0.0000000000
          0.0000000000 -0.0000000000 -0.0000000000
          0.0001371495  0.0018363555  0.0004213290
         -0.0001238245  0.0000232618  0.0001545426
         -0.0001356403 -0.0243710622 -0.1900144188
          0.0349741122 -0.0000000000  0.0366592937
          0.0396297951  0.0686043304
        Point   46, St  3  1, dir 19, grad=-0.827E-02
   projection of bmat at point
          0.0068433240  0.0312804360 -0.0148972388
          0.0097634254 -0.1281513387  0.0739472118
         -0.0279819298 -0.0560178131 -0.0309504204
          0.0190971247 -0.0051982999  0.0034131453
          0.0470774302 -0.0864746673  0.1742514267
         -0.1455006041 -0.0716458856  0.0291171810
          0.0060087524  0.0239026687 -0.2172407594
          0.1779667351  0.1162855169 -0.1469810200
         -0.0000000000 -0.0000000000  0.0000000000
         -0.0000000000  0.0000000000 -0.0000000000
         -0.0000000000  0.0000000000  0.0000000000
         -0.0000658634 -0.0008818737 -0.0002023350
          0.0000594643 -0.0000111710 -0.0000742161
          0.0000651386  0.0158495441  0.0647300597
         -0.0113174094  0.0000000000 -0.0182994748
         -0.0178703196 -0.0324261936
        Point   46, St  3  1, dir 20, grad= 0.112E-02
   projection of bmat at point
         -0.0640661975 -0.0708634993 -0.0034342327
         -0.0045345009 -0.1437533392 -0.1460611092
          0.0515423499  0.0462688099 -0.0117728138
         -0.0116401667 -0.1491913066 -0.0033501877
          0.0969134931  0.0919101562  0.0155352633
          0.0176178438  0.0361877315  0.0164062753
         -0.0070254452 -0.0198451556 -0.2025277144
         -0.2040887797  0.0480161821  0.0498414331
          0.0000000000 -0.0000000000  0.0000000000
         -0.0000000000  0.0000000000 -0.0000000000
         -0.0000000000 -0.0000000000  0.0000000000
         -0.0000109780 -0.0001469897 -0.0000337250
          0.0000099114 -0.0000018620 -0.0000123702
          0.0000108572 -0.0128789655 -0.0176780808
          0.0070986120  0.0000000000  0.0014465707
          0.0036808521  0.0118756288
        Point   46, St  3  1, dir 21, grad= 0.564E-03
   projection of bmat at point
          0.0033961939 -0.1073883864 -0.0016957849
         -0.0024344977 -0.0443886306 -0.0633726077
         -0.0469945905 -0.0358257332 -0.0209834110
         -0.0072850130  0.0070125017  0.0141175649
         -0.1042005240 -0.1222769734  0.0548887816
          0.0278478388 -0.0070370561 -0.2238877059
         -0.0383263895 -0.2118987265 -0.0064999347
         -0.0187437909 -0.0482264307 -0.0431423832
          0.0000000000  0.0000000000 -0.0000000000
          0.0000000000 -0.0000000000  0.0000000000
          0.0000000000 -0.0000000000 -0.0000000000
          0.0002621482  0.0035100187  0.0008053304
         -0.0002366787  0.0000444628  0.0002953935
         -0.0002592635 -0.0000396898  0.0252245168
          0.0612204335 -0.0000000000 -0.0288043644
         -0.0045473461  0.0535473608
        Point   46, St  3  1, dir 23, grad= 0.575E-01
   projection of bmat at point
          0.0091114322 -0.0076292491  0.0241088729
         -0.0265545503 -0.0045408042  0.0039929164
          0.0204259668 -0.0227172387  0.0330921384
         -0.0334348885 -0.0000223639  0.0005372029
          0.1082920118 -0.1101814561 -0.0710770440
          0.0708365867 -0.0199611257  0.0192037159
          0.0243874992 -0.0237958451 -0.0232794549
          0.0235755851 -0.0117427916  0.0111319264
         -0.0000000000  0.0000000000  0.0000000000
         -0.0000000000  0.0000000000 -0.0000000000
         -0.0000000000  0.0000000000 -0.0000000000
         -0.0000315316 -0.0004221908 -0.0000968665
          0.0000284681 -0.0000053481 -0.0000355304
          0.0000311846  0.0066534639  0.0062282322
         -0.0000388004  0.0000000000 -0.0071621081
         -0.0059882670 -0.0116431832
        Point   46, St  3  1, dir 24, grad= 0.159E-02
   projection of bmat at point
          0.0011559347  0.0014652616  0.0082571556
          0.0065745982 -0.0053779061 -0.0047928897
         -0.0002401508  0.0002313713  0.0570112018
          0.0878038868  0.0024692599 -0.0000013451
          0.0022512862 -0.0014330967  0.0031211523
          0.0107521293 -0.0025542664 -0.0018627415
          0.0010942587 -0.0001985211 -0.0033538306
         -0.0024202350 -0.0057940197 -0.0050164124
          0.0000000000 -0.0000000000 -0.0000000000
         -0.0000000000  0.0000000000  0.0000000000
         -0.0000000000  0.0000000000  0.0000000000
         -0.0000009650 -0.0000129201 -0.0000029644
          0.0000008712 -0.0000001637 -0.0000010873
          0.0000009543 -0.0002727072  0.0011081208
          0.0001765570  0.0000000000 -0.0002802368
         -0.0002608660 -0.0000167883
        Point   46, St  3  1, dir 25, grad= 0.610E-02
   projection of bmat at point
         -0.0012118950  0.0010891649  0.0019123329
         -0.0053377876 -0.0002306868  0.0024918861
         -0.0010745283  0.0009910365 -0.0857957053
          0.0545979802 -0.0005342084 -0.0000323001
          0.0080365349 -0.0078906365 -0.0187060115
          0.0156077225 -0.0020838512  0.0034784331
          0.0019985901 -0.0016487896 -0.0014037862
          0.0026426656 -0.0004886407  0.0028850234
         -0.0000000000 -0.0000000000  0.0000000000
         -0.0000000000  0.0000000000 -0.0000000000
         -0.0000000000  0.0000000000 -0.0000000000
         -0.0000056190 -0.0000752348 -0.0000172617
          0.0000050730 -0.0000009530 -0.0000063316
          0.0000055571 -0.0000267297  0.0009161826
         -0.0002778010  0.0000000000 -0.0002254053
         -0.0004716683 -0.0013344955
        Point   47, St  2  1, dir  4, grad= 0.211E-02
   projection of bmat at point
          0.0000000000 -0.0000000000 -0.0000000000
         -0.0000000000 -0.0000000000  0.0000000000
          0.0000000000 -0.0000000000 -0.0000000000
          0.0000000000 -0.0000000000  0.0000000000
         -0.0000000000 -0.0000000000  0.0000000000
         -0.0000000000 -0.0000000000  0.0000000000
          0.0000000000 -0.0000000000  0.0000000000
         -0.0000000000 -0.0000000000  0.0000000000
          1.7130915995  0.0000843358  0.0000237668
         -0.0007078700  0.0068843131 -0.0069428511
          0.0772805520 -0.0779759372  0.0000730146
         -0.0000000000 -0.0000000000 -0.0000000000
          0.0000000000 -0.0000000000 -0.0000000000
          0.0000000000 -0.0000000000 -0.0000000000
         -0.0000000000  0.1904748017  0.0000000000
          0.0000000000  0.0000000000
        Point   47, St  2  1, dir 14, grad=-0.136E-02
   projection of bmat at point
          0.0000000000 -0.0000000000 -0.0000000000
         -0.0000000000  0.0000000000 -0.0000000000
         -0.0000000000  0.0000000000 -0.0000000000
          0.0000000000  0.0000000000  0.0000000000
          0.0000000000  0.0000000000  0.0000000000
         -0.0000000000  0.0000000000  0.0000000000
          0.0000000000 -0.0000000000 -0.0000000000
         -0.0000000000 -0.0000000000  0.0000000000
         -0.0773212218 -0.0002799531  0.0005715090
         -0.0078871751 -0.0002081825 -0.0012377996
         -0.0153338225  0.0101829235  0.0001076484
         -0.0000000000 -0.0000000000 -0.0000000000
          0.0000000000 -0.0000000000 -0.0000000000
          0.0000000000  0.0000000000  0.0000000000
          0.0000000000  0.7057344175 -0.0000000000
         -0.0000000000 -0.0000000000
        Point   47, St  2  1, dir 22, grad=-0.260E-02
   projection of bmat at point
          0.0000000000 -0.0000000000 -0.0000000000
         -0.0000000000 -0.0000000000 -0.0000000000
         -0.0000000000  0.0000000000 -0.0000000000
         -0.0000000000 -0.0000000000 -0.0000000000
          0.0000000000 -0.0000000000  0.0000000000
         -0.0000000000  0.0000000000 -0.0000000000
          0.0000000000 -0.0000000000 -0.0000000000
          0.0000000000  0.0000000000 -0.0000000000
         -0.0000071607  0.2294490703  0.0021615133
          0.0041868108  0.0014596724  0.0014639283
          0.0840045859  0.0850226919 -0.1495953907
          0.0000000000  0.0000000000  0.0000000000
         -0.0000000000  0.0000000000  0.0000000000
         -0.0000000000  0.0000000000 -0.0000000000
          0.0000000000  0.0007595202 -0.0000000000
         -0.0000000000 -0.0000000000
        Point   47, St  3  1, dir  1, grad=-0.122E-01
   projection of bmat at point
         -0.0075800047 -0.0080153566 -0.0000157533
          0.0000099424  0.0000040142  0.0000034261
          0.0001475811 -0.0001396287  0.0000004744
          0.0000004355 -0.0000000095 -1.3688236804
         -0.0052181501 -0.0048204793 -0.0000392787
          0.0000509359 -0.2733724566  0.2633186117
          0.0052756798  0.0048483476 -0.0000458801
          0.0000586341  0.0000010239  0.0000008524
          0.0000000000 -0.0000000000  0.0000000000
         -0.0000000000  0.0000000000 -0.0000000000
          0.0000000000 -0.0000000000  0.0000000000
          1.4081883107 18.8548577121  4.3260138309
         -1.2713729641  0.2388417889  1.5867727597
         -1.3926922611 -0.2591962010 -0.0298829310
          0.0472930222  0.0000000000 -0.0836713374
         -0.0121576083 -0.0032229575
        Point   47, St  3  1, dir  2, grad= 0.313E-02
   projection of bmat at point
         -0.4110733398 -0.3303690407 -0.0007724827
         -0.0007580382  0.0017429293  0.0019222413
          0.0014308107  0.0029430638  0.0002064663
          0.0002359736 -0.0000243683 -6.0524301608
         -0.2269188444 -0.2445981557  0.0008269827
         -0.0002019922 -0.1638217432 -0.3093020704
          0.2370684580  0.2529058622  0.0008087043
         -0.0004185789  0.0004171241  0.0004644856
          0.0000000000  0.0000000000 -0.0000000000
         -0.0000000000  0.0000000000 -0.0000000000
          0.0000000000 -0.0000000000  0.0000000000
         -0.0300242674 -0.4020082294 -0.0922358146
          0.0271071997 -0.0050923940 -0.0338319025
          0.0296938730  0.4206001567  0.0072882743
         -0.0104904180  0.0000000000 -0.0259462736
         -0.0183008952 -0.1565057094
        Point   47, St  3  1, dir  3, grad= 0.606E-01
   projection of bmat at point
         -0.8969107831  1.0006332868  0.0033859431
         -0.0009648280 -0.3805650194  0.3752368034
         -0.2342411463  0.2256621980 -0.0182139868
          0.0186396309  0.0005234283  0.0327835343
          0.4658397906 -0.4122006193  0.2740998078
         -0.2776177338  0.5477693660 -0.4909312612
         -0.1395358079  0.0527993455  0.3359594743
         -0.3391088114 -0.2338935697  0.2338226659
         -0.0000000000 -0.0000000000 -0.0000000000
          0.0000000000 -0.0000000000  0.0000000000
         -0.0000000000  0.0000000000  0.0000000000
          0.0014930450  0.0199910419  0.0045866972
         -0.0013479853  0.0002532343  0.0016823909
         -0.0014766152  0.3014760800  0.0107952009
          0.0057701380 -0.0000000000  0.0136422098
         -0.0036587023 -0.0244152668
        Point   47, St  3  1, dir  5, grad= 0.175E+00
   projection of bmat at point
         -0.3928817347  0.4802544171 -0.0036395383
          0.0059928791  0.8149509463 -0.8201056500
         -0.0493988185  0.0412317425  0.0264346513
         -0.0284331026  0.0010869274  0.0135489123
          0.0084532500  0.0343803977 -0.2348378828
          0.2342264241  0.2923507828 -0.2465298626
         -0.0840970637  0.0092565083 -0.2172481251
          0.2176545987  0.6413108020 -0.6427876639
          0.0000000000  0.0000000000 -0.0000000000
         -0.0000000000  0.0000000000 -0.0000000000
          0.0000000000 -0.0000000000 -0.0000000000
          0.0007857244  0.0105204129  0.0024137786
         -0.0007093858  0.0001332661  0.0008853689
         -0.0007770781  0.1892324540  0.0099196205
          0.0036130383 -0.0000000000 -0.0060062432
         -0.0073804160 -0.0255969962
        Point   47, St  3  1, dir  6, grad= 0.132E-02
   projection of bmat at point
         -0.4622806308 -0.4390669780  0.0084541459
          0.0086703317 -0.4366127554 -0.4423138605
         -0.3105014088 -0.3037711102 -0.0316181958
         -0.0332255295  0.0790047731  0.0180491389
          0.4470661174  0.4408038465  0.3148605242
          0.3126264845  0.0817353278  0.0792015395
          0.0563174481  0.0572938810  0.6006379586
          0.6009781229  0.0019911782 -0.0013945714
          0.0000000000  0.0000000000 -0.0000000000
          0.0000000000  0.0000000000 -0.0000000000
          0.0000000000 -0.0000000000  0.0000000000
          0.0000517316  0.0006926568  0.0001589215
         -0.0000467055  0.0000087742  0.0000582921
         -0.0000511623 -0.0120314336 -0.0041045730
         -0.0024465792 -0.0000000000 -0.0656880741
         -0.0330640460  0.0059329319
        Point   47, St  3  1, dir  7, grad=-0.135E-01
   projection of bmat at point
          0.6527599650  0.4620697277  0.0331897913
          0.0320999804 -0.3107851470 -0.2507702563
         -0.0183500285 -0.1213703088 -0.0066239381
         -0.0091020721  0.2129423814 -0.1278337949
          0.1598734035  0.2634315396 -0.1186409096
         -0.0703150545  0.2675203280  0.1809770387
         -0.5708185549 -0.5098150842  0.0256659703
          0.1526545795  0.0302826653  0.1633290865
          0.0000000000 -0.0000000000 -0.0000000000
          0.0000000000  0.0000000000  0.0000000000
          0.0000000000 -0.0000000000  0.0000000000
         -0.0002363880 -0.0031651037 -0.0007261939
          0.0002134212 -0.0000400936 -0.0002663664
          0.0002337867  0.2349488034  0.0624142245
          0.0049627007 -0.0000000000  0.0756599945
          0.0469743748 -0.1008955525
        Point   47, St  3  1, dir  8, grad=-0.494E-02
   projection of bmat at point
          0.0323101769 -0.0390581712 -0.0014075328
         -0.0016571585  0.4474434592  0.4694073716
         -0.2185792666 -0.2717980225 -0.0077758138
         -0.0100029221 -0.5910143138 -0.0389235208
          0.1934730274  0.2446362109  0.3025025705
          0.3326706974  0.1906158409  0.1261308604
         -0.2613401869 -0.2137911413 -0.1170617084
         -0.0379687161 -0.3447493100 -0.2690662451
          0.0000000000 -0.0000000000 -0.0000000000
          0.0000000000  0.0000000000 -0.0000000000
          0.0000000000 -0.0000000000 -0.0000000000
         -0.0000011831 -0.0000158416 -0.0000036347
          0.0000010682 -0.0000002007 -0.0000013332
          0.0000011701  0.1121718700  0.0327424415
          0.0009395413 -0.0000000000 -0.0042726341
          0.0027695468 -0.0441369480
        Point   47, St  3  1, dir  9, grad=-0.115E+00
   projection of bmat at point
          0.3436006369 -0.3048464479  0.0407097261
         -0.0358356013 -0.0282573493  0.0280070432
         -0.3275295324  0.2975538549 -0.0111020645
          0.0099294922 -0.0081036393 -0.0178625789
          0.2882471013 -0.2618547236  0.0572614981
         -0.0444928075  0.0735454889 -0.0505957932
         -0.4440329383  0.3632784849  0.3143976618
         -0.3118556469  0.3155388329 -0.3270503602
         -0.0000000000 -0.0000000000 -0.0000000000
         -0.0000000000 -0.0000000000  0.0000000000
         -0.0000000000  0.0000000000  0.0000000000
         -0.0000281166 -0.0003764660 -0.0000863755
          0.0000253849 -0.0000047688 -0.0000316823
          0.0000278072 -0.0913460164  0.0274369343
         -0.0050483008  0.0000000000  0.0461995588
          0.0557672438  0.1088399525
        Point   47, St  3  1, dir 10, grad= 0.215E-01
   projection of bmat at point
         -0.0711709598  0.2030460615 -0.0039439787
          0.0164479374 -0.0548697151  0.0583156183
         -0.0251521562 -0.0731743183 -0.0100577711
          0.0066070481 -0.0228214347 -0.0412416164
          0.0609013490  0.0072514280  0.0916544610
         -0.0651921398 -0.2909857848  0.3566289788
          0.3461383000 -0.5515765454  0.3838091255
         -0.3819684784  0.3117365392 -0.3401261722
         -0.0000000000 -0.0000000000  0.0000000000
         -0.0000000000 -0.0000000000 -0.0000000000
         -0.0000000000  0.0000000000 -0.0000000000
         -0.0010172074 -0.0136198413 -0.0031249041
          0.0009183786 -0.0001725278 -0.0011462082
          0.0010060138 -0.2055964010 -0.0550689350
          0.0011077304  0.0000000000  0.0764825934
          0.0103721609 -0.0432275557
        Point   47, St  3  1, dir 11, grad= 0.451E-02
   projection of bmat at point
         -0.2343606723 -0.2120706977  0.0043767871
          0.0071407779  0.1880340832  0.1440415282
         -0.3998559406 -0.3503805635  0.0332361454
          0.0352106279  0.4155176881  0.0021169542
          0.0703098019  0.0544508701 -0.1741656292
         -0.1937137369  0.0840609664  0.1068018659
         -0.1137917985 -0.1012920708 -0.2371451365
         -0.1963762853  0.1530003806  0.2066940230
          0.0000000000 -0.0000000000  0.0000000000
         -0.0000000000  0.0000000000 -0.0000000000
          0.0000000000 -0.0000000000 -0.0000000000
         -0.0000590648 -0.0007908441 -0.0001814494
          0.0000533262 -0.0000100179 -0.0000665553
          0.0000584148 -0.0493956849  0.0040750908
         -0.0046251167  0.0000000000  0.0032970712
          0.0058101704  0.0211593803
        Point   47, St  3  1, dir 12, grad= 0.535E-01
   projection of bmat at point
         -0.0077812695  0.1223513025 -0.0080069046
          0.0224169567  0.1974785805 -0.2525407349
         -0.3401890933  0.3207836499 -0.0102964543
          0.0004153325 -0.0686127383 -0.0434443018
          0.0952194408 -0.1181222636  0.1562916582
         -0.1128431821 -0.1718221465  0.1503809744
         -0.0287194448 -0.1108553731 -0.1156376117
          0.1775612381 -0.2547247117  0.2025097851
         -0.0000000000 -0.0000000000  0.0000000000
         -0.0000000000 -0.0000000000 -0.0000000000
         -0.0000000000  0.0000000000  0.0000000000
         -0.0008405047 -0.0112538901 -0.0025820659
          0.0007588438 -0.0001425574 -0.0009470963
          0.0008312556 -0.3754454338 -0.0829108438
         -0.0046851325  0.0000000000  0.1702378943
          0.0913689704  0.1302380958
        Point   47, St  3  1, dir 13, grad=-0.201E-01
   projection of bmat at point
         -0.0846106785  0.1256261063  0.0219903190
          0.0017535850 -0.1220599618  0.0649068759
          0.1595547191 -0.2935817328  0.0107623286
         -0.0091566090 -0.0862859552 -0.0321121360
         -0.0762578616 -0.0206089477 -0.1072284376
          0.0743062772  0.0061973991 -0.0718173310
         -0.2138653389  0.0924654035  0.0047604815
          0.0539269414  0.0589185572 -0.0517465408
         -0.0000000000 -0.0000000000  0.0000000000
         -0.0000000000 -0.0000000000 -0.0000000000
         -0.0000000000  0.0000000000  0.0000000000
         -0.0003899675 -0.0052214474 -0.0011979965
          0.0003520794 -0.0000661421 -0.0004394226
          0.0003856762 -0.3866380874 -0.1038711358
         -0.0305422081  0.0000000000  0.1986094865
          0.1266525140  0.2219104922
        Point   47, St  3  1, dir 15, grad= 0.934E-03
   projection of bmat at point
         -0.0017397103 -0.0350404763  0.0235029458
          0.0256800971 -0.0037039056 -0.0159737673
         -0.1408305623 -0.0848603651  0.0416787904
          0.0463620057 -0.4070260803  0.0136567754
         -0.0829595105 -0.0812031759 -0.2082284834
         -0.2263501862  0.0000658734 -0.0038431006
          0.0120338222 -0.0306055161  0.1270897040
          0.1196391659  0.1697017933  0.1729179448
         -0.0000000000 -0.0000000000  0.0000000000
         -0.0000000000 -0.0000000000 -0.0000000000
         -0.0000000000  0.0000000000  0.0000000000
          0.0001243681  0.0016652202  0.0003820642
         -0.0001122849  0.0000210940  0.0001401403
         -0.0001229996  0.0694208715  0.0328596196
          0.0037187808  0.0000000000 -0.0396944366
         -0.0243662366 -0.0361140131
        Point   47, St  3  1, dir 16, grad=-0.602E-01
   projection of bmat at point
         -0.0033902181  0.0460650837  0.0190307491
         -0.0186676245 -0.1855209359  0.1747354658
         -0.2547829365  0.2053213603  0.0408418946
         -0.0463323663  0.0023749823 -0.0020417805
         -0.1151959301  0.1194623680 -0.1902900789
          0.1979784812  0.0431986003 -0.0366016591
          0.0900768594 -0.0411387777 -0.1017984187
          0.0887559794  0.0745327651 -0.0850984167
         -0.0000000000 -0.0000000000 -0.0000000000
          0.0000000000  0.0000000000  0.0000000000
         -0.0000000000  0.0000000000  0.0000000000
          0.0000505138  0.0006763521  0.0001551806
         -0.0000456061  0.0000085676  0.0000569199
         -0.0000499580 -0.0121438616 -0.1007231286
          0.0164389135 -0.0000000000  0.0199037554
          0.0146827120  0.0222295417
        Point   47, St  3  1, dir 17, grad=-0.508E-02
   projection of bmat at point
         -0.2043208685 -0.0698177535  0.0049518379
          0.0016583461  0.0073624780  0.0895076202
          0.1338069385  0.1972164519  0.0238563585
         -0.0019029511  0.0120207520  0.0008768446
         -0.0355076810  0.0344336697 -0.0656275468
          0.0242831541 -0.1018283406  0.0868649876
         -0.2428061232 -0.1105764797  0.0204509755
          0.0663232642  0.0476766070  0.0142238026
          0.0000000000  0.0000000000 -0.0000000000
          0.0000000000  0.0000000000  0.0000000000
          0.0000000000 -0.0000000000 -0.0000000000
         -0.0002026515 -0.0027133905 -0.0006225539
          0.0001829625 -0.0000343716 -0.0002283514
          0.0002004214 -0.0358245621  0.2500718746
          0.0159777137 -0.0000000000 -0.0264390514
         -0.0270482562 -0.0285951176
        Point   47, St  3  1, dir 18, grad=-0.382E-02
   projection of bmat at point
          0.0016488249 -0.1217949289  0.0050679709
          0.0089566965  0.0714436364  0.1081457988
          0.1600635086  0.1167470010  0.0032261476
          0.0378237069  0.0179798443 -0.0093718639
          0.1175698105  0.0197013461  0.0232899886
         -0.1190775449  0.1813904611 -0.0360912648
          0.0455388944 -0.1314638849  0.0033780173
          0.1218300110  0.0912648367  0.0113401220
          0.0000000000 -0.0000000000  0.0000000000
         -0.0000000000  0.0000000000 -0.0000000000
         -0.0000000000  0.0000000000  0.0000000000
          0.0001352140  0.0018104397  0.0004153830
         -0.0001220770  0.0000229335  0.0001523616
         -0.0001337260 -0.0237317836 -0.1884808365
          0.0344275669  0.0000000000  0.0362589334
          0.0391507486  0.0675052429
        Point   47, St  3  1, dir 19, grad= 0.792E-02
   projection of bmat at point
          0.0096326272  0.0374972953 -0.0148109827
          0.0093149561 -0.1249955200  0.0766953049
         -0.0341284000 -0.0614523838 -0.0306366392
          0.0191500546  0.0008419718  0.0037463218
          0.0413306618 -0.0903589078  0.1725586914
         -0.1412619080 -0.0777271909  0.0299031916
          0.0057854966  0.0289548509 -0.2099049765
          0.1800051517  0.1129696763 -0.1509377591
         -0.0000000000 -0.0000000000 -0.0000000000
          0.0000000000 -0.0000000000  0.0000000000
         -0.0000000000  0.0000000000  0.0000000000
         -0.0000694734 -0.0009302107 -0.0002134253
          0.0000627236 -0.0000117833 -0.0000782840
          0.0000687089  0.0170644529  0.0698840568
         -0.0127066007 -0.0000000000 -0.0192415483
         -0.0190197043 -0.0347934658
        Point   47, St  3  1, dir 20, grad=-0.733E-03
   projection of bmat at point
         -0.0639210205 -0.0718816915 -0.0035793076
         -0.0037340442 -0.1467227227 -0.1430110235
          0.0518418960  0.0459472831 -0.0123583304
         -0.0107275363 -0.1548578664 -0.0032433276
          0.0981805670  0.0885371943  0.0202314299
          0.0104364085  0.0361090738  0.0155176440
         -0.0068040308 -0.0221200021 -0.2077515288
         -0.1949971761  0.0530646063  0.0465108495
         -0.0000000000 -0.0000000000 -0.0000000000
          0.0000000000  0.0000000000  0.0000000000
         -0.0000000000  0.0000000000  0.0000000000
         -0.0000096499 -0.0001292064 -0.0000296448
          0.0000087123 -0.0000016367 -0.0000108737
          0.0000095437 -0.0126666576 -0.0176197661
          0.0075541963 -0.0000000000  0.0011454889
          0.0035659189  0.0119927373
        Point   47, St  3  1, dir 21, grad=-0.534E-03
   projection of bmat at point
          0.0036593381 -0.1071728960 -0.0017018209
         -0.0023863431 -0.0438585247 -0.0625456067
         -0.0470833452 -0.0359787162 -0.0209721089
         -0.0075412975  0.0078012241  0.0141290688
         -0.1044347340 -0.1228050810  0.0550939341
          0.0273627972 -0.0071311515 -0.2239388570
         -0.0382751900 -0.2119269791 -0.0059269843
         -0.0173941679 -0.0481709536 -0.0434921333
         -0.0000000000 -0.0000000000  0.0000000000
         -0.0000000000 -0.0000000000 -0.0000000000
         -0.0000000000  0.0000000000  0.0000000000
          0.0002622140  0.0035108996  0.0008055325
         -0.0002367381  0.0000444739  0.0002954676
         -0.0002593285  0.0000141381  0.0252433608
          0.0612096332  0.0000000000 -0.0288070741
         -0.0045552768  0.0535101633
        Point   47, St  3  1, dir 23, grad=-0.574E-01
   projection of bmat at point
          0.0090834162 -0.0077671752  0.0240110383
         -0.0265643355 -0.0043134771  0.0039864773
          0.0205248149 -0.0227914082  0.0330736100
         -0.0361543273 -0.0001218369  0.0005391302
          0.1082591074 -0.1100904554 -0.0710394121
          0.0704272804 -0.0198297552  0.0192342137
          0.0243491279 -0.0237861467 -0.0231133880
          0.0232741564 -0.0117615176  0.0114763378
          0.0000000000 -0.0000000000 -0.0000000000
          0.0000000000 -0.0000000000  0.0000000000
          0.0000000000 -0.0000000000  0.0000000000
         -0.0000314051 -0.0004204964 -0.0000964777
          0.0000283538 -0.0000053266 -0.0000353878
          0.0000310595  0.0066788552  0.0061638609
         -0.0000378506 -0.0000000000 -0.0071628571
         -0.0059785849 -0.0116296314
        Point   47, St  3  1, dir 24, grad=-0.489E-02
   projection of bmat at point
          0.0005483479  0.0019596916  0.0083944036
          0.0029621733 -0.0053330488 -0.0033724966
         -0.0007310705  0.0006447364  0.0121033789
          0.1071716524  0.0021399794 -0.0000196308
          0.0065569575 -0.0056846039 -0.0066412682
          0.0184827158 -0.0035921162 -0.0000060273
          0.0021211974 -0.0011138110 -0.0039981593
         -0.0009325512 -0.0058756158 -0.0033176827
          0.0000000000  0.0000000000  0.0000000000
          0.0000000000 -0.0000000000  0.0000000000
          0.0000000000 -0.0000000000 -0.0000000000
         -0.0000038825 -0.0000519845 -0.0000119272
          0.0000035053 -0.0000006585 -0.0000043749
          0.0000038398 -0.0002693408  0.0015598753
          0.0000332125 -0.0000000000 -0.0004003005
         -0.0005044734 -0.0007163477
        Point   47, St  3  1, dir 25, grad= 0.477E-02
   projection of bmat at point
          0.0016026514 -0.0003127254  0.0020406623
          0.0077872037 -0.0022028422 -0.0043724968
          0.0008497179 -0.0007762199  0.1023049886
         -0.0089998890  0.0016176166  0.0000285032
         -0.0062070895  0.0064335501  0.0181642370
         -0.0091749830  0.0007221611 -0.0039505891
         -0.0013005574  0.0013926848 -0.0002461613
         -0.0034183453 -0.0021446434 -0.0048525462
          0.0000000000 -0.0000000000  0.0000000000
         -0.0000000000  0.0000000000 -0.0000000000
         -0.0000000000  0.0000000000 -0.0000000000
          0.0000046017  0.0000616142  0.0000141366
         -0.0000041546  0.0000007805  0.0000051853
         -0.0000045511 -0.0000988028 -0.0003241489
          0.0003273223  0.0000000000  0.0000773823
          0.0003060142  0.0011878615
        Point   48, St  2  1, dir  4, grad=-0.208E-02
   projection of bmat at point
         -0.0000000000  0.0000000000 -0.0000000000
         -0.0000000000  0.0000000000 -0.0000000000
          0.0000000000 -0.0000000000  0.0000000000
         -0.0000000000  0.0000000000 -0.0000000000
          0.0000000000  0.0000000000 -0.0000000000
          0.0000000000  0.0000000000 -0.0000000000
         -0.0000000000  0.0000000000 -0.0000000000
          0.0000000000  0.0000000000 -0.0000000000
          1.7130913269  0.0000904309  0.0000237509
         -0.0007079875  0.0068844852 -0.0069584901
          0.0772828373 -0.0774938307  0.0000698749
         -0.0000000000 -0.0000000000 -0.0000000000
          0.0000000000 -0.0000000000 -0.0000000000
          0.0000000000  0.0000000000  0.0000000000
          0.0000000000  0.1904782488 -0.0000000000
         -0.0000000000 -0.0000000000
        Point   48, St  2  1, dir 14, grad=-0.137E-02
   projection of bmat at point
          0.0000000000 -0.0000000000 -0.0000000000
         -0.0000000000  0.0000000000 -0.0000000000
         -0.0000000000  0.0000000000 -0.0000000000
          0.0000000000  0.0000000000  0.0000000000
          0.0000000000  0.0000000000  0.0000000000
         -0.0000000000  0.0000000000  0.0000000000
          0.0000000000 -0.0000000000 -0.0000000000
         -0.0000000000 -0.0000000000  0.0000000000
          0.0773296896  0.0002869264 -0.0005715203
          0.0078871010  0.0002083926  0.0012433947
          0.0153369011 -0.0100856434 -0.0001114096
          0.0000000000  0.0000000000  0.0000000000
         -0.0000000000  0.0000000000  0.0000000000
         -0.0000000000  0.0000000000  0.0000000000
          0.0000000000 -0.7057334835 -0.0000000000
         -0.0000000000 -0.0000000000
        Point   48, St  2  1, dir 22, grad= 0.262E-02
   projection of bmat at point
          0.0000000000  0.0000000000  0.0000000000
          0.0000000000  0.0000000000  0.0000000000
         -0.0000000000  0.0000000000  0.0000000000
         -0.0000000000  0.0000000000  0.0000000000
          0.0000000000  0.0000000000 -0.0000000000
          0.0000000000  0.0000000000 -0.0000000000
          0.0000000000  0.0000000000  0.0000000000
          0.0000000000 -0.0000000000  0.0000000000
         -0.0000608502  0.2294575658  0.0021646770
          0.0041943403  0.0014541933  0.0014634865
          0.0839985888  0.0844281600 -0.1496353613
         -0.0000000000 -0.0000000000 -0.0000000000
          0.0000000000 -0.0000000000 -0.0000000000
          0.0000000000 -0.0000000000 -0.0000000000
         -0.0000000000  0.0007772555  0.0000000000
          0.0000000000  0.0000000000
        Point   48, St  3  1, dir  1, grad=-0.122E-01
   projection of bmat at point
         -0.0075800040 -0.0080154122 -0.0000157533
          0.0000099400  0.0000040142  0.0000034266
          0.0001475810 -0.0001429362  0.0000004744
          0.0000004163 -0.0000000095 -1.3688236241
         -0.0052181497 -0.0048204698 -0.0000392787
          0.0000509494 -0.2733724428  0.2633185924
          0.0052756794  0.0048480720 -0.0000458801
          0.0000586592  0.0000010239  0.0000008523
          0.0000000000 -0.0000000000  0.0000000000
         -0.0000000000  0.0000000000 -0.0000000000
          0.0000000000 -0.0000000000  0.0000000000
          1.4081883085 18.8548576460  4.3260138139
         -1.2713729686  0.2388417880  1.5867727535
         -1.3926922576 -0.2591961794 -0.0298829253
          0.0475145225  0.0000000000 -0.0836713574
         -0.0121576173 -0.0032229601
        Point   48, St  3  1, dir  2, grad= 0.318E-02
   projection of bmat at point
         -0.4110733981 -0.3303976294 -0.0007724826
         -0.0007596883  0.0017429685  0.0019219179
          0.0014308120  0.0030159592  0.0002064662
          0.0002255416 -0.0000243923 -6.0524268237
         -0.2269189368 -0.2445987386  0.0008269876
         -0.0001965524 -0.1638219834 -0.3093087435
          0.2370685463  0.2530210769  0.0008087031
         -0.0004061203  0.0004171332  0.0004644214
          0.0000000000 -0.0000000000  0.0000000000
         -0.0000000000 -0.0000000000 -0.0000000000
         -0.0000000000 -0.0000000000  0.0000000000
         -0.0300242305 -0.4020077344 -0.0922357010
          0.0271071666 -0.0050923877 -0.0338318608
          0.0296938364  0.4205995044  0.0072882475
         -0.0105407225  0.0000000000 -0.0259503575
         -0.0183020585 -0.1565026017
        Point   48, St  3  1, dir  3, grad= 0.608E-01
   projection of bmat at point
         -0.8963075697  1.0018101043  0.0033781527
         -0.0009994868 -0.3793804050  0.3737003026
         -0.2338575923  0.2339663025 -0.0181593509
          0.0177869035  0.0006437328  0.0327780201
          0.4651919459 -0.4135510341  0.2733868021
         -0.2780770750  0.5475838550 -0.4916679466
         -0.1395429403  0.0524504811  0.3351786602
         -0.3380871817 -0.2329985613  0.2332090509
          0.0000000000  0.0000000000 -0.0000000000
         -0.0000000000  0.0000000000 -0.0000000000
          0.0000000000  0.0000000000  0.0000000000
          0.0014935431  0.0199977104  0.0045882272
         -0.0013484349  0.0002533187  0.0016829521
         -0.0014771078  0.3014137766  0.0107833578
          0.0058615244  0.0000000000  0.0137916067
         -0.0035750047 -0.0242843727
        Point   48, St  3  1, dir  5, grad= 0.175E+00
   projection of bmat at point
         -0.3903451918  0.4798753753 -0.0036633831
          0.0059265348  0.8168101524 -0.8192214741
         -0.0483586990  0.0433113462  0.0265411872
         -0.0271009387  0.0008903291  0.0134596650
          0.0066485957  0.0333513862 -0.2360440078
          0.2336579727  0.2911318273 -0.2460221634
         -0.0838966827  0.0087297804 -0.2191003873
          0.2144574991  0.6420034462 -0.6435475080
         -0.0000000000 -0.0000000000 -0.0000000000
          0.0000000000 -0.0000000000  0.0000000000
         -0.0000000000  0.0000000000 -0.0000000000
          0.0007830615  0.0104847579  0.0024055980
         -0.0007069816  0.0001328145  0.0008823683
         -0.0007744445  0.1886490172  0.0098943656
          0.0036457526  0.0000000000 -0.0058243279
         -0.0072752906 -0.0255215630
        Point   48, St  3  1, dir  6, grad= 0.213E-02
   projection of bmat at point
         -0.4663767760 -0.4363702174  0.0084056727
          0.0087332440 -0.4321776497 -0.4401256798
         -0.3115397449 -0.3175600635 -0.0314954106
         -0.0317223442  0.0772835624  0.0180501436
          0.4482305991  0.4428297224  0.3150303059
          0.3145420654  0.0848301904  0.0789223516
          0.0552792404  0.0561373999  0.5994259036
          0.5963775873  0.0031560148 -0.0045955996
         -0.0000000000 -0.0000000000 -0.0000000000
         -0.0000000000 -0.0000000000  0.0000000000
         -0.0000000000  0.0000000000  0.0000000000
          0.0000570842  0.0007643258  0.0001753651
         -0.0000515381  0.0000096820  0.0000643235
         -0.0000564560 -0.0099757983 -0.0039275944
         -0.0025695657  0.0000000000 -0.0659515943
         -0.0332743939  0.0052283186
        Point   48, St  3  1, dir  7, grad=-0.126E-01
   projection of bmat at point
          0.6489762398  0.4648898666  0.0329005443
          0.0324555723 -0.3052084426 -0.2445566539
         -0.0195172065 -0.1324045818 -0.0066249539
         -0.0087148096  0.2070222899 -0.1285422358
          0.1606801992  0.2680403532 -0.1155211763
         -0.0670789185  0.2675609864  0.1852292215
         -0.5685566242 -0.5222705940  0.0247288362
          0.1490139660  0.0276500301  0.1597276035
         -0.0000000000 -0.0000000000  0.0000000000
         -0.0000000000 -0.0000000000 -0.0000000000
         -0.0000000000 -0.0000000000  0.0000000000
         -0.0002434489 -0.0032596452 -0.0007478853
          0.0002197961 -0.0000412912 -0.0002743227
          0.0002407699  0.2353395214  0.0622293775
          0.0051052770  0.0000000000  0.0758318851
          0.0467028025 -0.1023569298
        Point   48, St  3  1, dir  8, grad=-0.245E-02
   projection of bmat at point
          0.0172360215 -0.0346530648 -0.0025690610
         -0.0012886844  0.4536357040  0.4769826571
         -0.2108009381 -0.2869937231 -0.0071459737
         -0.0090806060 -0.5915022167 -0.0371621533
          0.1837064283  0.2435127787  0.2996863892
          0.3305078100  0.1860316154  0.1249085861
         -0.2455325651 -0.2180124219 -0.1256666593
         -0.0402835661 -0.3477645934 -0.2653699726
         -0.0000000000  0.0000000000  0.0000000000
         -0.0000000000 -0.0000000000  0.0000000000
         -0.0000000000  0.0000000000  0.0000000000
          0.0000017631  0.0000236070  0.0000054163
         -0.0000015918  0.0000002990  0.0000019867
         -0.0000017437  0.1109608765  0.0313010114
          0.0008782513  0.0000000000 -0.0054895865
          0.0013290399 -0.0451433472
        Point   48, St  3  1, dir  9, grad=-0.116E+00
   projection of bmat at point
          0.3563594600 -0.3149956605  0.0409135756
         -0.0366557829 -0.0188477244  0.0271809851
         -0.3281418174  0.3123074856 -0.0110445408
          0.0081621332 -0.0224348374 -0.0167327808
          0.2888493776 -0.2541977478  0.0601426103
         -0.0305923479  0.0974694445 -0.0711792048
         -0.4751999842  0.3967896615  0.2860924954
         -0.2747518767  0.2802074318 -0.3062065048
          0.0000000000  0.0000000000 -0.0000000000
          0.0000000000  0.0000000000 -0.0000000000
          0.0000000000 -0.0000000000  0.0000000000
          0.0000379225  0.0005077611  0.0001164995
         -0.0000342381  0.0000064320  0.0000427318
         -0.0000375052 -0.0734910415  0.0321236035
         -0.0049650549 -0.0000000000  0.0414524011
          0.0553866178  0.1099505800
        Point   48, St  3  1, dir 10, grad= 0.131E-01
   projection of bmat at point
         -0.0503595036  0.1777142844 -0.0011690735
          0.0136362859 -0.0550191556  0.0615308521
         -0.0492623452 -0.0487969106 -0.0107115997
          0.0073074428 -0.0236358521 -0.0416277640
          0.0795383390 -0.0170975004  0.0955225234
         -0.0708497778 -0.2881956897  0.3499832272
          0.3172810071 -0.5231934542  0.4049326235
         -0.4027846319  0.3340625067 -0.3622532406
          0.0000000000  0.0000000000 -0.0000000000
          0.0000000000  0.0000000000 -0.0000000000
          0.0000000000 -0.0000000000 -0.0000000000
         -0.0010179098 -0.0136292453 -0.0031270617
          0.0009190127 -0.0001726469 -0.0011469996
          0.0010067084 -0.2154396326 -0.0536943732
          0.0008359355 -0.0000000000  0.0798598217
          0.0145059223 -0.0335030407
        Point   48, St  3  1, dir 11, grad=-0.186E-03
   projection of bmat at point
         -0.2297662318 -0.2190744806  0.0055543771
          0.0053040794  0.1738879913  0.1593149481
         -0.3786296031 -0.3766338982  0.0337257676
          0.0342007555  0.4190143209  0.0048359549
          0.0643976890  0.0502241083 -0.1857475859
         -0.1921631364  0.0937866425  0.0922817702
         -0.1179938582 -0.0833037952 -0.2262107723
         -0.2117884691  0.1748143188  0.1911696589
         -0.0000000000  0.0000000000 -0.0000000000
          0.0000000000 -0.0000000000  0.0000000000
         -0.0000000000  0.0000000000 -0.0000000000
         -0.0000084498 -0.0001131375 -0.0000259580
          0.0000076288 -0.0000014332 -0.0000095213
          0.0000083568 -0.0331935865  0.0078895969
         -0.0050427996 -0.0000000000 -0.0039015612
          0.0025906922  0.0181221522
        Point   48, St  3  1, dir 12, grad= 0.544E-01
   projection of bmat at point
         -0.0246641997  0.1058490251 -0.0082489499
          0.0229003752  0.2101723434 -0.2440343520
         -0.3648961093  0.3080207691 -0.0081770924
          0.0018337923 -0.0421437140 -0.0429145788
          0.0997460226 -0.1063956312  0.1472268406
         -0.1195173090 -0.1649888029  0.1588238857
         -0.0317903766 -0.1237492076 -0.1332763592
          0.1688243076 -0.2505242533  0.2175086180
          0.0000000000  0.0000000000 -0.0000000000
          0.0000000000  0.0000000000  0.0000000000
          0.0000000000 -0.0000000000  0.0000000000
         -0.0008363163 -0.0111978093 -0.0025691988
          0.0007550623 -0.0001418470 -0.0009423767
          0.0008271132 -0.3709373806 -0.0809218707
         -0.0042495628 -0.0000000000  0.1665640399
          0.0892786368  0.1273562531
        Point   48, St  3  1, dir 13, grad=-0.187E-01
   projection of bmat at point
         -0.0780584633  0.1312294696  0.0217449753
          0.0022565414 -0.1196125466  0.0545855000
          0.1591608099 -0.2942728963  0.0096006540
         -0.0080806900 -0.0948810222 -0.0323825421
         -0.0750685944 -0.0304201692 -0.1015845757
          0.0679059416  0.0016843429 -0.0730270199
         -0.2125427771  0.0979942811  0.0086668458
          0.0554396960  0.0545303621 -0.0494025259
          0.0000000000  0.0000000000 -0.0000000000
          0.0000000000  0.0000000000  0.0000000000
          0.0000000000 -0.0000000000 -0.0000000000
         -0.0003977890 -0.0053261732 -0.0012220246
          0.0003591410 -0.0000674687 -0.0004482360
          0.0003934116 -0.3907827749 -0.1049534118
         -0.0313970992 -0.0000000000  0.2007884896
          0.1278119131  0.2235166064
        Point   48, St  3  1, dir 15, grad= 0.197E-02
   projection of bmat at point
          0.0011946045 -0.0351071726  0.0230284635
          0.0257729398 -0.0011822514 -0.0226973076
         -0.1411293922 -0.0847297677  0.0408264280
          0.0443660826 -0.4078730800  0.0139518307
         -0.0813079388 -0.0836552050 -0.2042356786
         -0.2282862668 -0.0011279555 -0.0042060201
          0.0143208030 -0.0288190057  0.1280244155
          0.1162680012  0.1658053060  0.1751798657
          0.0000000000  0.0000000000 -0.0000000000
          0.0000000000  0.0000000000  0.0000000000
          0.0000000000 -0.0000000000 -0.0000000000
          0.0001272143  0.0017033284  0.0003908076
         -0.0001148545  0.0000215767  0.0001433474
         -0.0001258144  0.0721898933  0.0336314195
          0.0037303276 -0.0000000000 -0.0411452900
         -0.0252965972 -0.0376938621
        Point   48, St  3  1, dir 16, grad=-0.607E-01
   projection of bmat at point
         -0.0139882193  0.0412280296  0.0199038493
         -0.0181776412 -0.1861053011  0.1809530179
         -0.2467716105  0.2068330606  0.0426355803
         -0.0434491523 -0.0017245025 -0.0023591559
         -0.1171963344  0.1240175247 -0.1983205258
          0.1977867157  0.0438869796 -0.0343925972
          0.0788824098 -0.0473660602 -0.0998590282
          0.0926893069  0.0806492586 -0.0820267597
         -0.0000000000 -0.0000000000  0.0000000000
         -0.0000000000 -0.0000000000 -0.0000000000
         -0.0000000000  0.0000000000  0.0000000000
          0.0000438542  0.0005871832  0.0001347219
         -0.0000395934  0.0000074381  0.0000494157
         -0.0000433716 -0.0167807142 -0.0952642932
          0.0169804562  0.0000000000  0.0210114915
          0.0153405232  0.0241888753
        Point   48, St  3  1, dir 17, grad=-0.343E-02
   projection of bmat at point
         -0.2071076077 -0.0759708036  0.0049159611
          0.0025479953  0.0141474385  0.0856251749
          0.1470875139  0.1882325816  0.0232584781
          0.0003866822  0.0089804338  0.0006459493
         -0.0309101313  0.0340129590 -0.0638581247
          0.0171359465 -0.0972928414  0.0861062594
         -0.2474816668 -0.1132365350  0.0252887365
          0.0631641120  0.0482465229  0.0202636249
          0.0000000000  0.0000000000 -0.0000000000
          0.0000000000  0.0000000000  0.0000000000
          0.0000000000 -0.0000000000 -0.0000000000
         -0.0002003824 -0.0026830086 -0.0006155831
          0.0001809138 -0.0000339867 -0.0002257946
          0.0001981773 -0.0379414315  0.2485725136
          0.0160985687 -0.0000000000 -0.0254096655
         -0.0259180772 -0.0260828234
        Point   48, St  3  1, dir 18, grad=-0.409E-02
   projection of bmat at point
          0.0019829572 -0.1275855707  0.0065322741
          0.0080451517  0.0828592037  0.0924919879
          0.1639086948  0.1151544604  0.0056757004
          0.0341007687  0.0128386550 -0.0096899938
          0.1144683509  0.0298695724  0.0058081104
         -0.1044768832  0.1920419575 -0.0422917551
          0.0468219250 -0.1335310809  0.0234845295
          0.0948933189  0.0781230569  0.0304876435
         -0.0000000000 -0.0000000000  0.0000000000
         -0.0000000000 -0.0000000000 -0.0000000000
         -0.0000000000  0.0000000000  0.0000000000
          0.0001479701  0.0019812376  0.0004545705
         -0.0001335938  0.0000250971  0.0001667355
         -0.0001463418 -0.0256320457 -0.1993328594
          0.0356315297  0.0000000000  0.0385956248
          0.0417149784  0.0726069599
        Point   48, St  3  1, dir 19, grad= 0.738E-02
   projection of bmat at point
          0.0062816585  0.0208718890 -0.0141365640
          0.0102073375 -0.1212796328  0.0833487346
         -0.0147999005 -0.0432392456 -0.0300665677
          0.0216583219 -0.0032951815  0.0026469892
          0.0560006834 -0.0845688184  0.1733588979
         -0.1527973582 -0.0568103598  0.0261008589
          0.0089609937  0.0119662455 -0.2143738778
          0.1873264660  0.1240550485 -0.1462723003
          0.0000000000  0.0000000000 -0.0000000000
          0.0000000000  0.0000000000  0.0000000000
          0.0000000000 -0.0000000000 -0.0000000000
         -0.0000548902 -0.0007349489 -0.0001686249
          0.0000495572 -0.0000093099 -0.0000618513
          0.0000542862  0.0137778720  0.0498258756
         -0.0081127923 -0.0000000000 -0.0153868506
         -0.0146946909 -0.0268300429
        Point   48, St  3  1, dir 20, grad=-0.890E-03
   projection of bmat at point
         -0.0631830947 -0.0694584396 -0.0033615604
         -0.0042708485 -0.1440976806 -0.1464818631
          0.0496155468  0.0423246148 -0.0118019797
         -0.0113893579 -0.1538533757 -0.0032108963
          0.0954544982  0.0904813674  0.0156755495
          0.0166168087  0.0347181040  0.0162151472
         -0.0068536157 -0.0183495971 -0.2018241067
         -0.2031727989  0.0480383691  0.0495866045
         -0.0000000000  0.0000000000  0.0000000000
         -0.0000000000  0.0000000000 -0.0000000000
         -0.0000000000  0.0000000000 -0.0000000000
         -0.0000111064 -0.0001487092 -0.0000341195
          0.0000100274 -0.0000018838 -0.0000125150
          0.0000109842 -0.0124670366 -0.0165440472
          0.0066209676  0.0000000000  0.0011399683
          0.0033767212  0.0113370603
        Point   48, St  3  1, dir 21, grad=-0.998E-03
   projection of bmat at point
          0.0039173707 -0.1077060225 -0.0016716376
         -0.0027784811 -0.0450736189 -0.0641630378
         -0.0481008019 -0.0359498079 -0.0210189151
         -0.0076883239  0.0074564838  0.0143276280
         -0.1046928481 -0.1238024849  0.0548671133
          0.0292535670 -0.0078306686 -0.2252585902
         -0.0383545156 -0.2110407919 -0.0067507288
         -0.0191659246 -0.0491908125 -0.0436309831
         -0.0000000000  0.0000000000  0.0000000000
         -0.0000000000  0.0000000000 -0.0000000000
         -0.0000000000  0.0000000000 -0.0000000000
          0.0002638902  0.0035333429  0.0008106818
         -0.0002382514  0.0000447582  0.0002973564
         -0.0002609863  0.0003109709  0.0259769462
          0.0613359922  0.0000000000 -0.0292496445
         -0.0047913163  0.0535201819
        Point   48, St  3  1, dir 23, grad=-0.576E-01
   projection of bmat at point
          0.0091178089 -0.0075497990  0.0241012031
         -0.0265980692 -0.0044479615  0.0039861592
          0.0204579177 -0.0221175570  0.0331861361
         -0.0335033081 -0.0000259663  0.0005302520
          0.1084022467 -0.1100404155 -0.0712535414
          0.0709617674 -0.0199500839  0.0194243023
          0.0244243121 -0.0234321707 -0.0231939699
          0.0234919868 -0.0118953943  0.0113640924
          0.0000000000 -0.0000000000 -0.0000000000
          0.0000000000 -0.0000000000  0.0000000000
          0.0000000000 -0.0000000000  0.0000000000
         -0.0000317456 -0.0004250553 -0.0000975237
          0.0000286613 -0.0000053843 -0.0000357715
          0.0000313962  0.0066700951  0.0062082486
         -0.0000699511 -0.0000000000 -0.0071439985
         -0.0059889966 -0.0117025755
        Point   48, St  3  1, dir 24, grad=-0.158E-02
   projection of bmat at point
          0.0011576378  0.0014651171  0.0082536485
          0.0065766352 -0.0053760962 -0.0047948720
         -0.0002389380  0.0002244121  0.0570947018
          0.0877479432  0.0025158290 -0.0000013412
          0.0022456600 -0.0014267501  0.0031356214
          0.0107406165 -0.0025527387 -0.0018644899
          0.0010929793 -0.0001944394 -0.0033508228
         -0.0024230388 -0.0057980337 -0.0050149239
          0.0000000000 -0.0000000000 -0.0000000000
         -0.0000000000  0.0000000000  0.0000000000
          0.0000000000  0.0000000000  0.0000000000
         -0.0000009614 -0.0000128728 -0.0000029535
          0.0000008680 -0.0000001631 -0.0000010833
          0.0000009508 -0.0002725211  0.0011072660
          0.0001752355 -0.0000000000 -0.0002799575
         -0.0002604932 -0.0000160735
        Point   48, St  3  1, dir 25, grad=-0.611E-02
   projection of bmat at point
         -0.0012093714  0.0010922358  0.0019222331
         -0.0053357994 -0.0002324335  0.0024857080
         -0.0010735154  0.0009656668 -0.0857308642
          0.0546742468 -0.0005417958 -0.0000321875
          0.0080492026 -0.0078956895 -0.0187190386
          0.0156327609 -0.0020873874  0.0034840532
          0.0020027438 -0.0016345527 -0.0014029610
          0.0026361019 -0.0005121934  0.0029002687
         -0.0000000000  0.0000000000 -0.0000000000
          0.0000000000 -0.0000000000  0.0000000000
          0.0000000000 -0.0000000000  0.0000000000
         -0.0000056251 -0.0000753164 -0.0000172804
          0.0000050785 -0.0000009541 -0.0000063384
          0.0000055632 -0.0000255184  0.0009170908
         -0.0002842080 -0.0000000000 -0.0002259106
         -0.0004724983 -0.0013372365
        Point   50, St  2  1, dir  4, grad= 0.215E-02
   projection of bmat at point
          0.0000000000 -0.0000000000  0.0000000000
          0.0000000000 -0.0000000000  0.0000000000
         -0.0000000000 -0.0000000000 -0.0000000000
          0.0000000000 -0.0000000000 -0.0000000000
          0.0000000000  0.0000000000  0.0000000000
         -0.0000000000 -0.0000000000  0.0000000000
          0.0000000000 -0.0000000000  0.0000000000
         -0.0000000000 -0.0000000000  0.0000000000
          1.7150061742  0.0000880783  0.0000236088
         -0.0007155980  0.0068896354 -0.0069472086
          0.0772222141 -0.0774318006  0.0000700689
         -0.0000000000 -0.0000000000 -0.0000000000
          0.0000000000 -0.0000000000 -0.0000000000
          0.0000000000 -0.0000000000  0.0000000000
         -0.0000000000  0.1904057474  0.0000000000
         -0.0000000000 -0.0000000000
        Point   50, St  2  1, dir 14, grad=-0.134E-02
   projection of bmat at point
         -0.0000000000  0.0000000000  0.0000000000
         -0.0000000000 -0.0000000000  0.0000000000
          0.0000000000 -0.0000000000  0.0000000000
         -0.0000000000 -0.0000000000 -0.0000000000
         -0.0000000000 -0.0000000000 -0.0000000000
          0.0000000000 -0.0000000000  0.0000000000
         -0.0000000000  0.0000000000 -0.0000000000
          0.0000000000  0.0000000000 -0.0000000000
         -0.0769643960 -0.0002834620  0.0005701140
         -0.0079894824 -0.0002064116 -0.0012346620
         -0.0153516703  0.0101186988  0.0001112537
          0.0000000000  0.0000000000  0.0000000000
         -0.0000000000  0.0000000000  0.0000000000
         -0.0000000000 -0.0000000000  0.0000000000
         -0.0000000000  0.7035005318  0.0000000000
          0.0000000000  0.0000000000
        Point   50, St  2  1, dir 22, grad=-0.262E-02
   projection of bmat at point
          0.0000000000 -0.0000000000  0.0000000000
         -0.0000000000  0.0000000000 -0.0000000000
         -0.0000000000 -0.0000000000 -0.0000000000
          0.0000000000 -0.0000000000 -0.0000000000
          0.0000000000 -0.0000000000 -0.0000000000
          0.0000000000  0.0000000000 -0.0000000000
          0.0000000000 -0.0000000000  0.0000000000
         -0.0000000000 -0.0000000000  0.0000000000
         -0.0000600334  0.2262679158  0.0021580402
          0.0041366511  0.0014667951  0.0014752108
          0.0840255584  0.0844574940 -0.1497563193
          0.0000000000  0.0000000000  0.0000000000
         -0.0000000000  0.0000000000  0.0000000000
         -0.0000000000  0.0000000000 -0.0000000000
          0.0000000000  0.0007753443 -0.0000000000
          0.0000000000  0.0000000000
        Point   50, St  3  1, dir  1, grad= 0.121E-01
   projection of bmat at point
         -0.0076469101 -0.0080847580 -0.0000157054
          0.0000098807  0.0000040127  0.0000034184
          0.0001478959 -0.0001398869  0.0000004731
          0.0000004144 -0.0000000095 -1.3688238196
         -0.0052053157 -0.0048047677 -0.0000399484
          0.0000515181 -0.2733599297  0.2633347671
          0.0052614619  0.0048336338 -0.0000465934
          0.0000592221  0.0000010178  0.0000008447
          0.0000000000 -0.0000000000  0.0000000000
         -0.0000000000  0.0000000000 -0.0000000000
          0.0000000000 -0.0000000000  0.0000000000
          1.4081883050 18.8548576150  4.3260138076
         -1.2713729625  0.2388417877  1.5867727512
         -1.3926922547 -0.2591969109 -0.0292074132
          0.0472067369  0.0000000000 -0.0834576819
         -0.0121160350 -0.0032229903
        Point   50, St  3  1, dir  2, grad=-0.315E-02
   projection of bmat at point
         -0.4142348912 -0.3337624233 -0.0007763777
         -0.0007611549  0.0017397162  0.0019202766
          0.0014222830  0.0029347187  0.0002056201
          0.0002248354 -0.0000244028 -6.0524162591
         -0.2261856242 -0.2440119058  0.0008314584
         -0.0001997115 -0.1630956220 -0.3087086907
          0.2363630677  0.2523457669  0.0008096471
         -0.0004126097  0.0004136659  0.0004612058
          0.0000000000 -0.0000000000  0.0000000000
         -0.0000000000  0.0000000000 -0.0000000000
          0.0000000000 -0.0000000000  0.0000000000
         -0.0300242643 -0.4020081883 -0.0922358052
          0.0271071971 -0.0050923935 -0.0338318990
          0.0296938700  0.4205707987  0.0071383460
         -0.0104693800  0.0000000000 -0.0257143959
         -0.0181886119 -0.1564917780
        Point   50, St  3  1, dir  3, grad=-0.603E-01
   projection of bmat at point
         -0.8930323067  0.9974617993  0.0033314263
         -0.0008491702 -0.3826304786  0.3761094112
         -0.2344365448  0.2255177923 -0.0183111438
          0.0178577688  0.0006152042  0.0326539067
          0.4679331103 -0.4135782151  0.2751446003
         -0.2782543506  0.5492274956 -0.4922838324
         -0.1415865728  0.0547005989  0.3368787622
         -0.3376113540 -0.2349388526  0.2350047540
         -0.0000000000 -0.0000000000 -0.0000000000
          0.0000000000 -0.0000000000  0.0000000000
         -0.0000000000  0.0000000000  0.0000000000
          0.0014952037  0.0200199450  0.0045933287
         -0.0013499342  0.0002536004  0.0016848233
         -0.0014787501  0.3015074943  0.0109004378
          0.0057590368 -0.0000000000  0.0134771473
         -0.0036775798 -0.0245070962
        Point   50, St  3  1, dir  5, grad=-0.175E+00
   projection of bmat at point
         -0.3920375776  0.4821837739 -0.0036312430
          0.0059535729  0.8152915841 -0.8182559344
         -0.0491543285  0.0419108782  0.0264795295
         -0.0270863160  0.0009029128  0.0134799064
          0.0090272342  0.0322547471 -0.2353601345
          0.2335947838  0.2938240939 -0.2481116878
         -0.0850793508  0.0096244719 -0.2175961372
          0.2139347202  0.6411575260 -0.6427514398
          0.0000000000  0.0000000000 -0.0000000000
         -0.0000000000  0.0000000000 -0.0000000000
          0.0000000000 -0.0000000000 -0.0000000000
          0.0007891906  0.0105668233  0.0024244269
         -0.0007125152  0.0001338540  0.0008892747
         -0.0007805062  0.1899581465  0.0099876564
          0.0036272083 -0.0000000000 -0.0059048378
         -0.0073589572 -0.0258450367
        Point   50, St  3  1, dir  6, grad=-0.150E-02
   projection of bmat at point
         -0.4615316667 -0.4386256541  0.0083763563
          0.0084826782 -0.4341986643 -0.4435934256
         -0.3113521802 -0.3043712373 -0.0316051412
         -0.0318502295  0.0785309326  0.0182520472
          0.4482288202  0.4418788683  0.3150732374
          0.3142816242  0.0822953713  0.0803689913
          0.0551309902  0.0559381288  0.6011033225
          0.5972395191  0.0047150570 -0.0046686648
          0.0000000000 -0.0000000000 -0.0000000000
          0.0000000000  0.0000000000  0.0000000000
          0.0000000000 -0.0000000000  0.0000000000
          0.0000516978  0.0006922043  0.0001588177
         -0.0000466750  0.0000087684  0.0000582540
         -0.0000511289 -0.0126040403 -0.0040247364
         -0.0024301588 -0.0000000000 -0.0652883731
         -0.0327781401  0.0061138229
        Point   50, St  3  1, dir  7, grad= 0.137E-01
   projection of bmat at point
          0.6562759083  0.4637303497  0.0332502645
          0.0320798788 -0.3077578441 -0.2476169150
         -0.0201096249 -0.1234971832 -0.0067090569
         -0.0087666738  0.2090893144 -0.1287882677
          0.1613813422  0.2655920267 -0.1159807926
         -0.0674014435  0.2670756337  0.1823835164
         -0.5708373287 -0.5111982294  0.0267981398
          0.1509782420  0.0291344254  0.1604117381
         -0.0000000000 -0.0000000000  0.0000000000
         -0.0000000000 -0.0000000000  0.0000000000
         -0.0000000000  0.0000000000  0.0000000000
         -0.0002425640 -0.0032477970 -0.0007451669
          0.0002189972 -0.0000411411 -0.0002733256
          0.0002398948  0.2351805249  0.0619809622
          0.0049230567  0.0000000000  0.0759030450
          0.0469700534 -0.1012363417
        Point   50, St  3  1, dir  8, grad= 0.473E-02
   projection of bmat at point
          0.0299408354 -0.0391549572 -0.0017290425
         -0.0018482557  0.4496904285  0.4714519863
         -0.2173153325 -0.2705210201 -0.0076927779
         -0.0094700826 -0.5931315088 -0.0381582360
          0.1913403878  0.2426405057  0.3038092958
          0.3334999154  0.1883236192  0.1247438780
         -0.2567178115 -0.2106963694 -0.1182881371
         -0.0372490103 -0.3463006397 -0.2693246233
         -0.0000000000 -0.0000000000  0.0000000000
         -0.0000000000 -0.0000000000  0.0000000000
         -0.0000000000  0.0000000000  0.0000000000
         -0.0000005577 -0.0000074667 -0.0000017131
          0.0000005035 -0.0000000946 -0.0000006284
          0.0000005515  0.1103769118  0.0320140441
          0.0009165110  0.0000000000 -0.0044225080
          0.0025750522 -0.0434191345
        Point   50, St  3  1, dir  9, grad= 0.115E+00
   projection of bmat at point
          0.3479352777 -0.3102503443  0.0407171682
         -0.0361621411 -0.0249278184  0.0280066848
         -0.3264023150  0.3002815986 -0.0108663988
          0.0093975580 -0.0100690027 -0.0170453881
          0.2864041802 -0.2633700231  0.0564385594
         -0.0436924699  0.0787856252 -0.0579688011
         -0.4510289348  0.3750481063  0.3053613183
         -0.3022309678  0.3072638671 -0.3199482006
          0.0000000000  0.0000000000  0.0000000000
          0.0000000000  0.0000000000 -0.0000000000
          0.0000000000 -0.0000000000  0.0000000000
         -0.0000085535 -0.0001145265 -0.0000262767
          0.0000077225 -0.0000014508 -0.0000096382
          0.0000084594 -0.0876063245  0.0282791369
         -0.0050839314 -0.0000000000  0.0449613638
          0.0557198084  0.1103935784
        Point   50, St  3  1, dir 10, grad=-0.191E-01
   projection of bmat at point
         -0.0645961821  0.1991429072 -0.0031675365
          0.0156605913 -0.0544650213  0.0611928934
         -0.0318741762 -0.0636307146 -0.0103025386
          0.0066367620 -0.0255574035 -0.0415455135
          0.0660500191 -0.0007446195  0.0934479798
         -0.0665653309 -0.2905253016  0.3547018494
          0.3372730506 -0.5421291960  0.3899098409
         -0.3868014187  0.3173204453 -0.3475336720
         -0.0000000000  0.0000000000  0.0000000000
         -0.0000000000 -0.0000000000  0.0000000000
         -0.0000000000  0.0000000000 -0.0000000000
         -0.0010186749 -0.0136394903 -0.0031294123
          0.0009197035 -0.0001727767 -0.0011478618
          0.0010074652 -0.2086513261 -0.0545329370
          0.0009853558  0.0000000000  0.0776263949
          0.0116605278 -0.0406526471
        Point   50, St  3  1, dir 11, grad=-0.491E-02
   projection of bmat at point
         -0.2329626978 -0.2092914797  0.0043315526
          0.0073474337  0.1906520339  0.1431211882
         -0.4046317529 -0.3465800080  0.0331224646
          0.0337270722  0.4137003892  0.0015485374
          0.0723164490  0.0525305893 -0.1718560848
         -0.1954478263  0.0818053739  0.1094860948
         -0.1147578045 -0.1039527352 -0.2368862258
         -0.1942822476  0.1510206720  0.2070172594
          0.0000000000  0.0000000000  0.0000000000
         -0.0000000000 -0.0000000000 -0.0000000000
         -0.0000000000  0.0000000000  0.0000000000
         -0.0000708601 -0.0009487773 -0.0002176852
          0.0000639755 -0.0000120185 -0.0000798465
          0.0000700803 -0.0544564056  0.0032866535
         -0.0046505153  0.0000000000  0.0057015945
          0.0070630859  0.0227854357
        Point   50, St  3  1, dir 12, grad=-0.541E-01
   projection of bmat at point
         -0.0059818263  0.1245214952 -0.0082356870
          0.0224024550  0.1953041966 -0.2561767272
         -0.3349175138  0.3250199105 -0.0106831497
         -0.0001678140 -0.0720582306 -0.0433064093
          0.0941366942 -0.1174265349  0.1583238939
         -0.1099646934 -0.1721178585  0.1483762360
         -0.0269795038 -0.1091294103 -0.1142906102
          0.1789987765 -0.2575689713  0.2016726906
         -0.0000000000 -0.0000000000  0.0000000000
         -0.0000000000 -0.0000000000 -0.0000000000
         -0.0000000000  0.0000000000  0.0000000000
         -0.0008364317 -0.0111993554 -0.0025695535
          0.0007551665 -0.0001418666 -0.0009425068
          0.0008272274 -0.3734697969 -0.0823327059
         -0.0046326901  0.0000000000  0.1692979079
          0.0906816935  0.1294351428
        Point   50, St  3  1, dir 13, grad= 0.199E-01
   projection of bmat at point
         -0.0846178309  0.1254007685  0.0219386126
          0.0018230421 -0.1212284374  0.0638476580
          0.1604349274 -0.2927209833  0.0106392811
         -0.0086680901 -0.0862245506 -0.0321884961
         -0.0755483761 -0.0212031600 -0.1065599697
          0.0738709305  0.0059904314 -0.0717742938
         -0.2144995366  0.0922614696  0.0048785386
          0.0538996416  0.0581798615 -0.0510598851
          0.0000000000  0.0000000000 -0.0000000000
          0.0000000000  0.0000000000  0.0000000000
          0.0000000000 -0.0000000000 -0.0000000000
         -0.0003909976 -0.0052352396 -0.0012011609
          0.0003530094 -0.0000663168 -0.0004405833
          0.0003866949 -0.3872452630 -0.1033845822
         -0.0305711188 -0.0000000000  0.1987266661
          0.1264741365  0.2220849170
        Point   50, St  3  1, dir 15, grad=-0.100E-02
   projection of bmat at point
         -0.0018152578 -0.0347097282  0.0235511736
          0.0256487471 -0.0037030435 -0.0174953482
         -0.1412970235 -0.0845517054  0.0417557255
          0.0438849181 -0.4076185390  0.0135692594
         -0.0830571081 -0.0798462033 -0.2090362010
         -0.2250364881  0.0001576798 -0.0039954519
          0.0120495680 -0.0302512655  0.1272892841
          0.1183943694  0.1684612178  0.1741384926
          0.0000000000 -0.0000000000  0.0000000000
         -0.0000000000  0.0000000000 -0.0000000000
         -0.0000000000  0.0000000000  0.0000000000
          0.0001237544  0.0016570030  0.0003801788
         -0.0001117308  0.0000209899  0.0001394488
         -0.0001223926  0.0689374278  0.0324385547
          0.0037065176  0.0000000000 -0.0393686015
         -0.0241144392 -0.0357918567
        Point   50, St  3  1, dir 16, grad= 0.603E-01
   projection of bmat at point
         -0.0043078657  0.0463789764  0.0190675676
         -0.0187048474 -0.1856744937  0.1743975226
         -0.2540263550  0.2057133445  0.0408375017
         -0.0442597517  0.0024911120 -0.0021254663
         -0.1153364477  0.1195525656 -0.1904906479
          0.1988261312  0.0428290358 -0.0366855426
          0.0885098530 -0.0404845499 -0.1015584716
          0.0887391327  0.0741057605 -0.0850061673
         -0.0000000000 -0.0000000000  0.0000000000
         -0.0000000000 -0.0000000000 -0.0000000000
         -0.0000000000  0.0000000000  0.0000000000
          0.0000493637  0.0006609519  0.0001516472
         -0.0000445676  0.0000083725  0.0000556239
         -0.0000488205 -0.0131994910 -0.0992518461
          0.0162842758  0.0000000000  0.0203018575
          0.0148527882  0.0226653577
        Point   50, St  3  1, dir 17, grad= 0.480E-02
   projection of bmat at point
         -0.2041233200 -0.0710162971  0.0049798625
          0.0017467592  0.0085560205  0.0880153254
          0.1351008706  0.1976100487  0.0237953044
         -0.0016204972  0.0113428222  0.0009926448
         -0.0347955432  0.0347806214 -0.0657560936
          0.0239245886 -0.1001447709  0.0859759553
         -0.2438214418 -0.1121134072  0.0216690105
          0.0649486007  0.0469851574  0.0156689946
          0.0000000000  0.0000000000 -0.0000000000
          0.0000000000  0.0000000000  0.0000000000
          0.0000000000 -0.0000000000 -0.0000000000
         -0.0001998627 -0.0026760504 -0.0006139867
          0.0001804446 -0.0000338986 -0.0002252090
          0.0001976634 -0.0351711640  0.2482212477
          0.0163827140 -0.0000000000 -0.0266688161
         -0.0269359436 -0.0283910070
        Point   50, St  3  1, dir 18, grad= 0.428E-02
   projection of bmat at point
          0.0017456318 -0.1239358911  0.0058496286
          0.0084391742  0.0764137627  0.1016992956
          0.1607846685  0.1195063745  0.0047897709
          0.0348232168  0.0156532264 -0.0094962483
          0.1158233194  0.0254867975  0.0140714489
         -0.1111962206  0.1859168830 -0.0382483358
          0.0465449473 -0.1332833062  0.0124899706
          0.1101149655  0.0853305336  0.0203532086
         -0.0000000000 -0.0000000000  0.0000000000
         -0.0000000000  0.0000000000 -0.0000000000
         -0.0000000000  0.0000000000  0.0000000000
          0.0001406655  0.0018834326  0.0004321303
         -0.0001269989  0.0000238582  0.0001585045
         -0.0001391176 -0.0246234710 -0.1923590632
          0.0351124746  0.0000000000  0.0373240106
          0.0401291848  0.0696637164
        Point   50, St  3  1, dir 19, grad=-0.793E-02
   projection of bmat at point
          0.0062249892  0.0278115983 -0.0145782169
          0.0098413752 -0.1264711058  0.0764723351
         -0.0236565357 -0.0523929530 -0.0306055252
          0.0198025616 -0.0053112746  0.0031549228
          0.0497529642 -0.0855132916  0.1732486795
         -0.1472252498 -0.0671223489  0.0283742577
          0.0064466342  0.0203954498 -0.2163559054
          0.1799145083  0.1197545280 -0.1473881918
          0.0000000000  0.0000000000 -0.0000000000
          0.0000000000  0.0000000000  0.0000000000
          0.0000000000 -0.0000000000 -0.0000000000
         -0.0000630234 -0.0008438478 -0.0001936104
          0.0000569002 -0.0000106893 -0.0000710159
          0.0000623298  0.0151454552  0.0601473573
         -0.0103508278 -0.0000000000 -0.0174327295
         -0.0168675172 -0.0307376548
        Point   50, St  3  1, dir 20, grad= 0.116E-02
   projection of bmat at point
         -0.0633209001 -0.0720666885 -0.0032210758
         -0.0043479852 -0.1432224537 -0.1459468490
          0.0506749462  0.0455772610 -0.0116157966
         -0.0112773845 -0.1536622865 -0.0031342316
          0.0953759767  0.0900267350  0.0149330301
          0.0166136748  0.0369611164  0.0136489308
         -0.0073310684 -0.0230616184 -0.2007052447
         -0.2025821363  0.0481595652  0.0501749107
         -0.0000000000 -0.0000000000  0.0000000000
         -0.0000000000  0.0000000000 -0.0000000000
         -0.0000000000  0.0000000000  0.0000000000
         -0.0000064869 -0.0000868564 -0.0000199281
          0.0000058567 -0.0000011002 -0.0000073096
          0.0000064155 -0.0126542101 -0.0181119907
          0.0078976797  0.0000000000  0.0012077942
          0.0037378275  0.0126337712
        Point   50, St  3  1, dir 21, grad= 0.674E-03
   projection of bmat at point
          0.0043922378 -0.1067648237 -0.0016429320
         -0.0024092746 -0.0432749794 -0.0622931902
         -0.0479164411 -0.0368244768 -0.0209324951
         -0.0072483297  0.0085119056  0.0141828539
         -0.1052799511 -0.1233815428  0.0547115966
          0.0275996813 -0.0072036960 -0.2238940239
         -0.0379094997 -0.2120628758 -0.0046465177
         -0.0168672744 -0.0489254732 -0.0438180355
         -0.0000000000 -0.0000000000  0.0000000000
         -0.0000000000  0.0000000000 -0.0000000000
         -0.0000000000  0.0000000000  0.0000000000
          0.0002627829  0.0035185173  0.0008072803
         -0.0002372517  0.0000445704  0.0002961087
         -0.0002598912  0.0004026677  0.0250503707
          0.0609762646  0.0000000000 -0.0286269435
         -0.0044977154  0.0533441886
        Point   50, St  3  1, dir 23, grad= 0.575E-01
   projection of bmat at point
          0.0091429575 -0.0076691205  0.0240524986
         -0.0265011284 -0.0045184872  0.0039692919
          0.0204116082 -0.0226949168  0.0331745994
         -0.0335212607 -0.0000217360  0.0005367369
          0.1082614037 -0.1101544794 -0.0711104697
          0.0708598811 -0.0200805851  0.0193447189
          0.0243729634 -0.0237818436 -0.0232530978
          0.0235548594 -0.0119219397  0.0112953814
          0.0000000000 -0.0000000000 -0.0000000000
          0.0000000000 -0.0000000000  0.0000000000
          0.0000000000 -0.0000000000  0.0000000000
         -0.0000317890 -0.0004256373 -0.0000976572
          0.0000287005 -0.0000053917 -0.0000358205
          0.0000314392  0.0066719993  0.0062664301
         -0.0000400945 -0.0000000000 -0.0071959718
         -0.0059995741 -0.0116989195
        Point   50, St  3  1, dir 24, grad= 0.161E-02
   projection of bmat at point
          0.0011654590  0.0014775413  0.0082555886
          0.0065429251 -0.0053665910 -0.0047710947
         -0.0002459925  0.0002345784  0.0566481171
          0.0880184247  0.0025067523 -0.0000019920
          0.0023061866 -0.0014610920  0.0030602276
          0.0108403216 -0.0026098552 -0.0019020769
          0.0011097746 -0.0002039820 -0.0033587686
         -0.0024071489 -0.0057489222 -0.0049468158
         -0.0000000000 -0.0000000000 -0.0000000000
          0.0000000000 -0.0000000000  0.0000000000
          0.0000000000 -0.0000000000  0.0000000000
         -0.0000009930 -0.0000132952 -0.0000030504
          0.0000008965 -0.0000001684 -0.0000011189
          0.0000009820 -0.0002790288  0.0011310192
          0.0001803368 -0.0000000000 -0.0002864254
         -0.0002655983 -0.0000171821
        Point   50, St  3  1, dir 25, grad= 0.612E-02
   projection of bmat at point
         -0.0012125548  0.0010719335  0.0018803177
         -0.0053618720 -0.0002101139  0.0025067721
         -0.0010745063  0.0009927972 -0.0860241164
          0.0542314738 -0.0005530899 -0.0000321361
          0.0080571313 -0.0079237982 -0.0187369018
          0.0155728260 -0.0020687581  0.0035014019
          0.0019854107 -0.0016446700 -0.0013928513
          0.0026547807 -0.0004996272  0.0029155395
         -0.0000000000 -0.0000000000 -0.0000000000
          0.0000000000 -0.0000000000  0.0000000000
          0.0000000000 -0.0000000000  0.0000000000
         -0.0000056267 -0.0000753385 -0.0000172855
          0.0000050800 -0.0000009543 -0.0000063403
          0.0000055648 -0.0000235147  0.0009064966
         -0.0002780048 -0.0000000000 -0.0002279024
         -0.0004706699 -0.0013385040
        Point   53, St  2  1, dir 22, grad= 0.263E-02
   projection of bmat at point
          0.0000000000  0.0000000000 -0.0000000000
         -0.0000000000  0.0000000000  0.0000000000
         -0.0000000000 -0.0000000000 -0.0000000000
          0.0000000000  0.0000000000 -0.0000000000
         -0.0000000000  0.0000000000  0.0000000000
         -0.0000000000  0.0000000001 -0.0000000000
          0.0000000000  0.0000000000  0.0000000000
         -0.0000000000  0.0000000000 -0.0000000000
          0.0000613485 -0.2294576549 -0.0021647723
         -0.0041946399 -0.0014541139 -0.0014628769
         -0.0839977270 -0.0844282261  0.1496354255
         -0.0000000000 -0.0000000000 -0.0000000000
          0.0000000000 -0.0000000000 -0.0000000000
          0.0000000000 -0.0000000001  0.0000000001
          0.0000000000 -0.0007847259 -0.0000000001
         -0.0000000000 -0.0000000001
        Point   53, St  3  1, dir 19, grad= 0.786E-02
   projection of bmat at point
         -0.0058447687 -0.0281781269  0.0145266334
         -0.0098136337  0.1260856126 -0.0765306117
          0.0235367708  0.0525059983  0.0305334856
         -0.0197312456  0.0049492342 -0.0032328397
         -0.0496659385  0.0859586187 -0.1730696574
          0.1468669535  0.0680133987 -0.0287766192
         -0.0053905167 -0.0205362537  0.2157936116
         -0.1799771240 -0.1192707171  0.1472043890
          0.0000000000 -0.0000000000 -0.0000000000
         -0.0000000000  0.0000000000  0.0000000000
          0.0000000000 -0.0000000000  0.0000000000
          0.0000641904  0.0008594741  0.0001971957
         -0.0000579539  0.0000108873  0.0000723310
         -0.0000634841 -0.0149869211 -0.0608604579
          0.0105973760  0.0000000001  0.0178209492
          0.0171480636  0.0314007185
        Point   53, St  3  1, dir 23, grad= 0.575E-01
   projection of bmat at point
          0.0090902154 -0.0076029011  0.0241346844
         -0.0265080756 -0.0044635495  0.0039410222
          0.0204398149 -0.0226704946  0.0331514045
         -0.0334852734 -0.0000222039  0.0005407372
          0.1082171452 -0.1100319068 -0.0711293141
          0.0708775933 -0.0199165562  0.0192262646
          0.0242820873 -0.0237128332 -0.0231698471
          0.0234627046 -0.0119105508  0.0113204470
         -0.0000000000 -0.0000000000  0.0000000000
          0.0000000000  0.0000000000 -0.0000000000
         -0.0000000000  0.0000000000  0.0000000000
         -0.0000316244 -0.0004234326 -0.0000971514
          0.0000285518 -0.0000053638 -0.0000356349
          0.0000312764  0.0065451776  0.0060931140
         -0.0000609195 -0.0000000000 -0.0071653402
         -0.0059717414 -0.0117444432
        Point   53, St  3  1, dir 24, grad= 0.159E-02
   projection of bmat at point
          0.0011540669  0.0014637418  0.0082537671
          0.0065802585 -0.0053772261 -0.0047971744
         -0.0002389269  0.0002293818  0.0571352199
          0.0877212855  0.0025161276 -0.0000000384
          0.0022381629 -0.0014266694  0.0031451788
          0.0107340134 -0.0025601367 -0.0018648654
          0.0010813034 -0.0001961542 -0.0033502647
         -0.0024242571 -0.0057987550 -0.0050172928
          0.0000000000 -0.0000000000 -0.0000000000
         -0.0000000000  0.0000000000  0.0000000000
          0.0000000000  0.0000000000 -0.0000000000
         -0.0000009661 -0.0000129361 -0.0000029680
          0.0000008723 -0.0000001639 -0.0000010887
          0.0000009555 -0.0002679025  0.0011030769
          0.0001797094 -0.0000000000 -0.0002882981
         -0.0002626307 -0.0000205971
        Point   53, St  3  1, dir 25, grad= 0.612E-02
   projection of bmat at point
         -0.0012111903  0.0010898748  0.0019328669
         -0.0053299138 -0.0002367566  0.0024817922
         -0.0010727421  0.0009900658 -0.0857003438
          0.0547103873 -0.0005404434 -0.0000286496
          0.0080544698 -0.0079111612 -0.0187212236
          0.0156435749 -0.0020952970  0.0034802022
          0.0019920141 -0.0016511028 -0.0014066193
          0.0026367287 -0.0005174182  0.0028970834
          0.0000000000 -0.0000000000 -0.0000000000
          0.0000000000  0.0000000000 -0.0000000000
         -0.0000000000  0.0000000000 -0.0000000000
         -0.0000056258 -0.0000753263 -0.0000172827
          0.0000050792 -0.0000009542 -0.0000063393
          0.0000055639 -0.0000298577  0.0009104527
         -0.0002828895  0.0000000000 -0.0002396878
         -0.0004770991 -0.0013546398
        Point   56, St  2  1, dir  4, grad=-0.212E-02
   projection of bmat at point
          0.0000000000 -0.0000000000  0.0000000000
         -0.0000000000 -0.0000000000  0.0000000000
         -0.0000000000  0.0000000000 -0.0000000000
          0.0000000000  0.0000000000 -0.0000000000
          0.0000000000 -0.0000000000  0.0000000000
         -0.0000000000 -0.0000000000  0.0000000000
          0.0000000000  0.0000000000  0.0000000000
         -0.0000000000 -0.0000000000  0.0000000000
          1.7130913287  0.0000884543  0.0000237319
         -0.0007079904  0.0068844770 -0.0069428018
          0.0772822299 -0.0774944466  0.0002451821
         -0.0000000000 -0.0000000000 -0.0000000000
          0.0000000000 -0.0000000000 -0.0000000000
          0.0000000000 -0.0000000000 -0.0000000000
         -0.0000000000  0.1904782291  0.0000000000
          0.0000000000  0.0000000000
        Point   56, St  2  1, dir 14, grad= 0.136E-02
   projection of bmat at point
          0.0000000000 -0.0000000000 -0.0000000000
         -0.0000000000  0.0000000000 -0.0000000000
         -0.0000000000  0.0000000000 -0.0000000000
          0.0000000000  0.0000000000  0.0000000000
          0.0000000000  0.0000000000  0.0000000000
         -0.0000000000  0.0000000000  0.0000000000
          0.0000000000 -0.0000000000 -0.0000000000
         -0.0000000000 -0.0000000000  0.0000000000
         -0.0773296558 -0.0002831613  0.0005715544
         -0.0078870922 -0.0002083742 -0.0012378209
         -0.0153356928  0.0100868455  0.0000612831
          0.0000000000  0.0000000000  0.0000000000
         -0.0000000000  0.0000000000  0.0000000000
         -0.0000000000  0.0000000000  0.0000000000
          0.0000000000  0.7057334978 -0.0000000000
         -0.0000000000 -0.0000000000
        Point   56, St  2  1, dir 22, grad=-0.263E-02
   projection of bmat at point
         -0.0000000000  0.0000000000 -0.0000000000
         -0.0000000000 -0.0000000000 -0.0000000000
          0.0000000000  0.0000000000 -0.0000000000
         -0.0000000000 -0.0000000000 -0.0000000000
          0.0000000000  0.0000000000  0.0000000000
         -0.0000000000  0.0000000000  0.0000000000
          0.0000000000  0.0000000000 -0.0000000000
         -0.0000000000  0.0000000000 -0.0000000000
          0.0000430793 -0.2294575076 -0.0021646313
         -0.0041949548 -0.0014553586 -0.0014619970
         -0.0839880728 -0.0844393417  0.1496319944
         -0.0000000000 -0.0000000000 -0.0000000000
          0.0000000000 -0.0000000000 -0.0000000000
          0.0000000000 -0.0000000000 -0.0000000000
         -0.0000000000 -0.0007666669  0.0000000000
          0.0000000000 -0.0000000000
        Point   56, St  3  1, dir  1, grad= 0.122E-01
   projection of bmat at point
         -0.0075800047 -0.0080153566 -0.0000157533
          0.0000099424  0.0000040142  0.0000034266
          0.0001475811 -0.0001396287  0.0000004744
          0.0000004163 -0.0000000093 -1.3688236774
         -0.0052181501 -0.0048204794 -0.0000392787
          0.0000509359 -0.2733724572  0.2633186123
          0.0052756798  0.0048483476 -0.0000458801
          0.0000586436  0.0000010240  0.0000008522
          0.0000000000 -0.0000000000  0.0000000000
         -0.0000000000  0.0000000000 -0.0000000000
          0.0000000000 -0.0000000000  0.0000000000
          1.4081883117 18.8548577388  4.3260138377
         -1.2713729625  0.2388417893  1.5867727622
         -1.3926922626 -0.2591962015 -0.0298829316
          0.0472930222  0.0000000000 -0.0836713375
         -0.0121576084 -0.0032229575
        Point   56, St  3  1, dir  2, grad=-0.315E-02
   projection of bmat at point
         -0.4110733381 -0.3303691032 -0.0007724826
         -0.0007580334  0.0017429319  0.0019220595
          0.0014308107  0.0029430283  0.0002064665
          0.0002255554 -0.0000244029 -6.0524301931
         -0.2269188450 -0.2445980441  0.0008269795
         -0.0002019013 -0.1638217446 -0.3093020556
          0.2370684581  0.2529058666  0.0008087042
         -0.0004123567  0.0004172666  0.0004643396
         -0.0000000000  0.0000000000 -0.0000000000
         -0.0000000000  0.0000000000  0.0000000000
          0.0000000000  0.0000000000 -0.0000000000
         -0.0300242674 -0.4020082303 -0.0922358148
          0.0271071997 -0.0050923940 -0.0338319026
          0.0296938730  0.4206001560  0.0072882744
         -0.0104904180  0.0000000000 -0.0259462801
         -0.0183008974 -0.1565057084
        Point   56, St  3  1, dir  3, grad=-0.608E-01
   projection of bmat at point
         -0.8975116495  1.0008734159  0.0033910909
         -0.0009207570 -0.3806025316  0.3737503510
         -0.2344318734  0.2255227392 -0.0182178458
          0.0177646007 -0.0004250097  0.0327928619
          0.4661517662 -0.4117445237  0.2740419510
         -0.2773464874  0.5481300078 -0.4911335989
         -0.1396245076  0.0528299778  0.3361873037
         -0.3368790195 -0.2334784122  0.2337708333
         -0.0000000000 -0.0000000000 -0.0000000000
          0.0000000000 -0.0000000000  0.0000000000
         -0.0000000000  0.0000000000 -0.0000000000
          0.0014938389  0.0200016716  0.0045891361
         -0.0013487020  0.0002533689  0.0016832855
         -0.0014774003  0.3016820023  0.0108057538
          0.0057730657 -0.0000000000  0.0135986152
         -0.0036833330 -0.0244432250
        Point   56, St  3  1, dir  5, grad=-0.175E+00
   projection of bmat at point
         -0.3914383578  0.4799878754 -0.0036710855
          0.0059306736  0.8170777736 -0.8184568633
         -0.0487645088  0.0415680164  0.0265105175
         -0.0271118871  0.0036628056  0.0135211478
          0.0072520950  0.0336809757 -0.2352463103
          0.2342545336  0.2916377558 -0.2462025890
         -0.0839561476  0.0091691623 -0.2186897053
          0.2146434830  0.6413150438 -0.6438657530
          0.0000000000  0.0000000000 -0.0000000000
         -0.0000000000  0.0000000000 -0.0000000000
          0.0000000000 -0.0000000000  0.0000000000
          0.0007842525  0.0105007048  0.0024092568
         -0.0007080569  0.0001330165  0.0008837103
         -0.0007756224  0.1888928572  0.0099051234
          0.0036098710 -0.0000000000 -0.0059092971
         -0.0073253084 -0.0255605575
        Point   56, St  3  1, dir  6, grad=-0.155E-02
   projection of bmat at point
         -0.4633820765 -0.4403794131  0.0084280791
          0.0085499762 -0.4333901293 -0.4433795417
         -0.3111041254 -0.3042209208 -0.0315558282
         -0.0318166218  0.0785756344  0.0182018411
          0.4470991022  0.4409774878  0.3145551968
          0.3139572874  0.0814281483  0.0793777646
          0.0569547954  0.0577100397  0.6006400191
          0.5971890181  0.0042309790 -0.0044810070
          0.0000000000  0.0000000000 -0.0000000000
          0.0000000000  0.0000000000  0.0000000000
          0.0000000000 -0.0000000000 -0.0000000000
          0.0000515224  0.0006898560  0.0001582789
         -0.0000465166  0.0000087387  0.0000580564
         -0.0000509554 -0.0124111101 -0.0041690929
         -0.0024586526 -0.0000000000 -0.0658309461
         -0.0331453558  0.0060439392
        Point   56, St  3  1, dir  7, grad= 0.134E-01
   projection of bmat at point
          0.6518973378  0.4609674866  0.0332134971
          0.0321031933 -0.3105244710 -0.2523083723
         -0.0193566198 -0.1222859454 -0.0066783537
         -0.0087728938  0.2127927559 -0.1278441946
          0.1609781073  0.2645470641 -0.1181701743
         -0.0693579600  0.2677356269  0.1814303415
         -0.5709075926 -0.5099955263  0.0268543194
          0.1520985347  0.0302371553  0.1632743049
          0.0000000000  0.0000000000  0.0000000000
         -0.0000000000  0.0000000000 -0.0000000000
          0.0000000000  0.0000000000 -0.0000000000
         -0.0002367548 -0.0031700152 -0.0007273208
          0.0002137524 -0.0000401558 -0.0002667797
          0.0002341495  0.2349003962  0.0624262142
          0.0049553909 -0.0000000000  0.0755465333
          0.0469199694 -0.1009107464
        Point   56, St  3  1, dir  8, grad= 0.542E-02
   projection of bmat at point
          0.0331268292 -0.0391240374 -0.0013302109
         -0.0017540043  0.4462109476  0.4717293151
         -0.2185153704 -0.2710448020 -0.0077687236
         -0.0094938212 -0.5916277232 -0.0389470989
          0.1934721418  0.2435240784  0.3026151511
          0.3320506891  0.1901698386  0.1262298688
         -0.2614074745 -0.2135799195 -0.1161896752
         -0.0386722143 -0.3416441303 -0.2723513414
          0.0000000000 -0.0000000000 -0.0000000000
          0.0000000000  0.0000000000 -0.0000000000
          0.0000000000 -0.0000000000  0.0000000000
         -0.0000021724 -0.0000290876 -0.0000066738
          0.0000019614 -0.0000003685 -0.0000024479
          0.0000021485  0.1117794893  0.0327162712
          0.0009349841 -0.0000000000 -0.0041227165
          0.0028612685 -0.0439996178
        Point   56, St  3  1, dir  9, grad= 0.115E+00
   projection of bmat at point
          0.3457459481 -0.3073619874  0.0407547875
         -0.0361250632 -0.0275494072  0.0269041717
         -0.3258287791  0.3015454771 -0.0109161275
          0.0094327489 -0.0067318241 -0.0170026108
          0.2859127531 -0.2639958070  0.0554278243
         -0.0443930262  0.0781874277 -0.0582079971
         -0.4499446293  0.3748191767  0.3066709356
         -0.3021903068  0.3087243031 -0.3197306627
          0.0000000000 -0.0000000000  0.0000000000
         -0.0000000000  0.0000000000 -0.0000000000
         -0.0000000000  0.0000000000  0.0000000000
         -0.0000090929 -0.0001217483 -0.0000279336
          0.0000082094 -0.0000015422 -0.0000102460
          0.0000089928 -0.0881404702  0.0282913472
         -0.0050669004  0.0000000000  0.0450724671
          0.0557379918  0.1100121182
        Point   56, St  3  1, dir 10, grad=-0.192E-01
   projection of bmat at point
         -0.0632164905  0.1988030677 -0.0031627574
          0.0157777298 -0.0556556747  0.0590952507
         -0.0304284266 -0.0640068851 -0.0103220623
          0.0065758472 -0.0229351921 -0.0415949144
          0.0655256849 -0.0003530969  0.0931536962
         -0.0672816634 -0.2908286966  0.3550470301
          0.3381660178 -0.5436382829  0.3900751118
         -0.3854741863  0.3170393610 -0.3463071895
         -0.0000000000 -0.0000000000  0.0000000000
         -0.0000000000 -0.0000000000 -0.0000000000
         -0.0000000000  0.0000000000  0.0000000000
         -0.0010194366 -0.0136496886 -0.0031317522
          0.0009203912 -0.0001729059 -0.0011487201
          0.0010082185 -0.2085312536 -0.0548076441
          0.0010108587  0.0000000000  0.0779417058
          0.0117441059 -0.0406389648
        Point   56, St  3  1, dir 11, grad=-0.526E-02
   projection of bmat at point
         -0.2337538543 -0.2098173733  0.0043014449
          0.0074986462  0.1921801554  0.1409262091
         -0.4064230990 -0.3441242798  0.0330011864
          0.0338213424  0.4134475058  0.0012435978
          0.0726274020  0.0508503809 -0.1709069665
         -0.1966592704  0.0801179174  0.1103690372
         -0.1139844612 -0.1041261742 -0.2371447898
         -0.1945139895  0.1489049543  0.2095093662
         -0.0000000000 -0.0000000000  0.0000000000
         -0.0000000000 -0.0000000000  0.0000000000
         -0.0000000000  0.0000000000 -0.0000000000
         -0.0000767604 -0.0010277797 -0.0002358113
          0.0000693026 -0.0000130193 -0.0000864951
          0.0000759158 -0.0566665544  0.0026072384
         -0.0047067502  0.0000000000  0.0065323304
          0.0075008135  0.0234392970
        Point   56, St  3  1, dir 12, grad=-0.536E-01
   projection of bmat at point
         -0.0044710362  0.1253980211 -0.0082122193
          0.0222519489  0.1945713688 -0.2561775457
         -0.3328421175  0.3259356648 -0.0109404441
         -0.0004365638 -0.0759974562 -0.0433774147
          0.0939781364 -0.1171910150  0.1596131367
         -0.1077655438 -0.1723025536  0.1479580840
         -0.0269882730 -0.1084586538 -0.1132559049
          0.1801651429 -0.2591469476  0.1998060692
         -0.0000000000 -0.0000000000  0.0000000000
         -0.0000000000 -0.0000000000 -0.0000000000
         -0.0000000000  0.0000000000 -0.0000000000
         -0.0008366295 -0.0112020027 -0.0025701609
          0.0007553450 -0.0001419001 -0.0009427296
          0.0008274230 -0.3736044070 -0.0828655069
         -0.0045959646  0.0000000000  0.1697463324
          0.0910671851  0.1296648137
        Point   56, St  3  1, dir 13, grad= 0.201E-01
   projection of bmat at point
         -0.0847321750  0.1256464959  0.0220215381
          0.0017871734 -0.1222518271  0.0644691314
          0.1591151180 -0.2934532310  0.0108345592
         -0.0087328824 -0.0863585270 -0.0321174171
         -0.0763770283 -0.0205372036 -0.1076521292
          0.0741095758  0.0061813961 -0.0717914059
         -0.2138733221  0.0924133144  0.0046169428
          0.0541707322  0.0592667345 -0.0514335527
         -0.0000000000 -0.0000000000  0.0000000000
         -0.0000000000 -0.0000000000 -0.0000000000
         -0.0000000000  0.0000000000  0.0000000000
         -0.0003901465 -0.0052238438 -0.0011985463
          0.0003522410 -0.0000661725 -0.0004396243
          0.0003858532 -0.3867647610 -0.1039168447
         -0.0305362608  0.0000000000  0.1986628230
          0.1266823102  0.2219646570
        Point   56, St  3  1, dir 15, grad=-0.621E-03
   projection of bmat at point
         -0.0019755636 -0.0345354901  0.0236306703
          0.0255017693 -0.0052072307 -0.0171851711
         -0.1434430089 -0.0825025351  0.0420424920
          0.0435306413 -0.4076923124  0.0136258700
         -0.0839769971 -0.0794267736 -0.2099966886
         -0.2235629229  0.0000666518 -0.0040496394
          0.0127094219 -0.0306187901  0.1259570166
          0.1184602393  0.1697476206  0.1726650021
         -0.0000000000 -0.0000000000  0.0000000000
         -0.0000000000 -0.0000000000 -0.0000000000
         -0.0000000000  0.0000000000  0.0000000000
          0.0001241749  0.0016626333  0.0003814706
         -0.0001121105  0.0000210612  0.0001399226
         -0.0001228085  0.0691876959  0.0323167257
          0.0038228033  0.0000000000 -0.0395412874
         -0.0242828255 -0.0359730841
        Point   56, St  3  1, dir 16, grad= 0.602E-01
   projection of bmat at point
         -0.0034217091  0.0461472018  0.0188492481
         -0.0188321425 -0.1858305132  0.1740278160
         -0.2538183289  0.2060680262  0.0405142267
         -0.0444628418  0.0054362598 -0.0021471302
         -0.1143809538  0.1203938174 -0.1889597901
          0.1994135953  0.0434704772 -0.0365786706
          0.0901983994 -0.0409493414 -0.1030920215
          0.0877570992  0.0734747884 -0.0857897259
         -0.0000000000  0.0000000000  0.0000000000
         -0.0000000000 -0.0000000000 -0.0000000000
         -0.0000000000  0.0000000000  0.0000000000
          0.0000498936  0.0006680476  0.0001532753
         -0.0000450461  0.0000084624  0.0000562210
         -0.0000493446 -0.0125757431 -0.1012526124
          0.0164355307  0.0000000000  0.0201937213
          0.0148803084  0.0225196705
        Point   56, St  3  1, dir 17, grad= 0.508E-02
   projection of bmat at point
         -0.2045625096 -0.0698329452  0.0049839988
          0.0016156885  0.0069801885  0.0883367323
          0.1334795424  0.1974607705  0.0239333741
         -0.0020004875  0.0114372764  0.0008746122
         -0.0357530612  0.0350851462 -0.0663213470
          0.0250812671 -0.1018509006  0.0868193916
         -0.2428927731 -0.1104661132  0.0203850341
          0.0651003159  0.0472077145  0.0150487555
          0.0000000000  0.0000000000 -0.0000000000
          0.0000000000  0.0000000000  0.0000000000
          0.0000000000 -0.0000000000  0.0000000000
         -0.0002027038 -0.0027140916 -0.0006227147
          0.0001830097 -0.0000343804 -0.0002284105
          0.0002004732 -0.0359002182  0.2501390465
          0.0159816144 -0.0000000000 -0.0264304242
         -0.0270457363 -0.0285586823
        Point   56, St  3  1, dir 18, grad= 0.431E-02
   projection of bmat at point
         -0.0003552177 -0.1255606004  0.0062068367
          0.0082805746  0.0789535543  0.0993045494
          0.1628090052  0.1218444151  0.0055479547
          0.0344374228  0.0148413635 -0.0096326422
          0.1148727179  0.0276475915  0.0096371525
         -0.1081714209  0.1870821504 -0.0382297173
          0.0443174712 -0.1339940083  0.0171938919
          0.1052249132  0.0829855196  0.0245367699
         -0.0000000000  0.0000000000  0.0000000000
         -0.0000000000 -0.0000000000 -0.0000000000
         -0.0000000000  0.0000000000 -0.0000000000
          0.0001401419  0.0018764217  0.0004305217
         -0.0001265261  0.0000237694  0.0001579145
         -0.0001385997 -0.0251524267 -0.1929458791
          0.0354971842  0.0000000000  0.0375179150
          0.0404608728  0.0701230636
        Point   56, St  3  1, dir 19, grad=-0.775E-02
   projection of bmat at point
          0.0072037918  0.0255989827 -0.0143678544
          0.0100554493 -0.1235655735  0.0794706342
         -0.0205337535 -0.0504417767 -0.0304147275
          0.0207209695 -0.0028128636  0.0029716265
          0.0521543951 -0.0858467583  0.1734256215
         -0.1499639385 -0.0628054128  0.0271659445
          0.0082467254  0.0174899523 -0.2144937302
          0.1835688973  0.1211481099 -0.1469118814
         -0.0000000000  0.0000000000  0.0000000000
          0.0000000000 -0.0000000000  0.0000000000
          0.0000000000  0.0000000000 -0.0000000000
         -0.0000589944 -0.0007899020 -0.0001812332
          0.0000532627 -0.0000100060 -0.0000664760
          0.0000583452  0.0147092521  0.0554652578
         -0.0096359188 -0.0000000000 -0.0164963461
         -0.0159353792 -0.0291011728
        Point   56, St  3  1, dir 20, grad= 0.106E-02
   projection of bmat at point
         -0.0634915917 -0.0704785723 -0.0033035258
         -0.0042738156 -0.1436253753 -0.1454485785
          0.0508495385  0.0451158569 -0.0116787681
         -0.0112233275 -0.1535492791 -0.0032668180
          0.0964845339  0.0903388027  0.0158263895
          0.0158969260  0.0356333021  0.0161995130
         -0.0068479513 -0.0197945475 -0.2019965900
         -0.2018252358  0.0492106378  0.0490594347
          0.0000000000  0.0000000000  0.0000000000
          0.0000000000 -0.0000000000  0.0000000000
          0.0000000000  0.0000000000 -0.0000000000
         -0.0000106473 -0.0001425614 -0.0000327090
          0.0000096128 -0.0000018059 -0.0000119976
          0.0000105301 -0.0125655896 -0.0172695993
          0.0070433719 -0.0000000000  0.0012439052
          0.0035260854  0.0116329505
        Point   56, St  3  1, dir 21, grad= 0.570E-03
   projection of bmat at point
          0.0034221268 -0.1073432646 -0.0016964737
         -0.0024365499 -0.0443381624 -0.0632556186
         -0.0470324956 -0.0358298946 -0.0209805964
         -0.0072839822  0.0072370999  0.0141188940
         -0.1042636753 -0.1223127831  0.0548811302
          0.0278627006 -0.0070610075 -0.2238956291
         -0.0383271143 -0.2118903356 -0.0064153611
         -0.0186161054 -0.0482728262 -0.0431713818
         -0.0000000000 -0.0000000000  0.0000000000
         -0.0000000000  0.0000000000 -0.0000000000
         -0.0000000000  0.0000000000  0.0000000000
          0.0002621429  0.0035099476  0.0008053141
         -0.0002366739  0.0000444619  0.0002953875
         -0.0002592582 -0.0000375212  0.0252390346
          0.0612172276  0.0000000000 -0.0288035123
         -0.0045489764  0.0535416820
        Point   56, St  3  1, dir 23, grad= 0.575E-01
   projection of bmat at point
          0.0091109811 -0.0076088198  0.0240754192
         -0.0265595493 -0.0044349555  0.0039618858
          0.0203995900 -0.0226898916  0.0331111503
         -0.0334988109 -0.0000523195  0.0005363737
          0.1081568553 -0.1100682254 -0.0710968781
          0.0708782198 -0.0199419042  0.0191779835
          0.0243593135 -0.0237691245 -0.0231301785
          0.0234909403 -0.0119398483  0.0112884402
          0.0000000000 -0.0000000000 -0.0000000000
          0.0000000000 -0.0000000000  0.0000000000
          0.0000000000 -0.0000000000 -0.0000000000
         -0.0000314970 -0.0004217278 -0.0000967602
          0.0000284369 -0.0000053422 -0.0000354915
          0.0000311504  0.0066445076  0.0062209546
         -0.0000389470 -0.0000000000 -0.0071519699
         -0.0059804475 -0.0116291626
        Point   56, St  3  1, dir 24, grad= 0.157E-02
   projection of bmat at point
          0.0011607864  0.0014616995  0.0082508831
          0.0065871632 -0.0053753480 -0.0048010418
         -0.0002354885  0.0002267759  0.0573195373
          0.0876014332  0.0025138536 -0.0000012295
          0.0022321288 -0.0014150468  0.0031729734
          0.0107115377 -0.0025490343 -0.0018729477
          0.0010893560 -0.0001948082 -0.0033463946
         -0.0024300111 -0.0058080530 -0.0050116692
         -0.0000000000 -0.0000000000 -0.0000000000
          0.0000000000 -0.0000000000  0.0000000000
          0.0000000000 -0.0000000000 -0.0000000000
         -0.0000009490 -0.0000127068 -0.0000029154
          0.0000008568 -0.0000001610 -0.0000010694
          0.0000009386 -0.0002722969  0.0011055974
          0.0001774603 -0.0000000000 -0.0002798923
         -0.0002596903 -0.0000131753
        Point   56, St  3  1, dir 25, grad= 0.612E-02
   projection of bmat at point
         -0.0012067377  0.0010943357  0.0019416266
         -0.0053220733 -0.0002458060  0.0024739169
         -0.0010738039  0.0009899861 -0.0855843549
          0.0548955987 -0.0005498920 -0.0000322915
          0.0080555298 -0.0079075708 -0.0187105940
          0.0156619798 -0.0020952478  0.0034739650
          0.0020049741 -0.0016520618 -0.0014115752
          0.0026325659 -0.0005269353  0.0028838444
         -0.0000000000 -0.0000000000 -0.0000000000
          0.0000000000 -0.0000000000  0.0000000000
          0.0000000000 -0.0000000000  0.0000000000
         -0.0000056264 -0.0000753343 -0.0000172845
          0.0000050798 -0.0000009543 -0.0000063399
          0.0000055645 -0.0000272149  0.0009208227
         -0.0002772174 -0.0000000000 -0.0002269817
         -0.0004731591 -0.0013357700
        Point   57, St  2  1, dir  4, grad= 0.212E-02
   projection of bmat at point
          0.0000000000 -0.0000000000  0.0000000000
         -0.0000000000 -0.0000000000  0.0000000000
         -0.0000000000  0.0000000000 -0.0000000000
          0.0000000000  0.0000000000  0.0000000000
          0.0000000000 -0.0000000000  0.0000000000
         -0.0000000000 -0.0000000000  0.0000000000
          0.0000000000  0.0000000000  0.0000000000
         -0.0000000000 -0.0000000000  0.0000000000
          1.7130912942  0.0000905733  0.0000237764
         -0.0007079352  0.0068844587 -0.0069428262
          0.0772826414 -0.0775695788  0.0000695910
         -0.0000000000 -0.0000000000 -0.0000000000
          0.0000000000 -0.0000000000 -0.0000000000
          0.0000000000 -0.0000000000 -0.0000000000
         -0.0000000000  0.1904785290  0.0000000000
          0.0000000000  0.0000000000
        Point   57, St  2  1, dir 14, grad=-0.136E-02
   projection of bmat at point
         -0.0000000000  0.0000000000  0.0000000000
         -0.0000000000 -0.0000000000  0.0000000000
          0.0000000000 -0.0000000000  0.0000000000
         -0.0000000000 -0.0000000000 -0.0000000000
         -0.0000000000 -0.0000000000 -0.0000000000
          0.0000000000 -0.0000000000  0.0000000000
         -0.0000000000  0.0000000000 -0.0000000000
          0.0000000000  0.0000000000 -0.0000000000
         -0.0773303880 -0.0002885544  0.0005715021
         -0.0078871287 -0.0002084108 -0.0012378289
         -0.0153373627  0.0100615883  0.0001124815
          0.0000000000  0.0000000000  0.0000000000
         -0.0000000000  0.0000000000  0.0000000000
         -0.0000000000 -0.0000000000  0.0000000000
         -0.0000000000  0.7057334078  0.0000000000
         -0.0000000000 -0.0000000000
        Point   57, St  2  1, dir 22, grad=-0.262E-02
   projection of bmat at point
          0.0000000000 -0.0000000000  0.0000000000
         -0.0000000000 -0.0000000000 -0.0000000000
          0.0000000000 -0.0000000000 -0.0000000000
          0.0000000000 -0.0000000000  0.0000000000
          0.0000000000 -0.0000000000 -0.0000000000
          0.0000000000  0.0000000000 -0.0000000000
          0.0000000000 -0.0000000000 -0.0000000000
          0.0000000000 -0.0000000000 -0.0000000000
         -0.0000627760  0.2294575676  0.0021643041
          0.0041937177  0.0014543498  0.0014640048
          0.0840069370  0.0843250867 -0.1496323541
          0.0000000000  0.0000000000  0.0000000000
         -0.0000000000  0.0000000000  0.0000000000
         -0.0000000000  0.0000000000 -0.0000000000
          0.0000000000  0.0007823673 -0.0000000000
          0.0000000000  0.0000000000
        Point   57, St  3  1, dir  1, grad= 0.122E-01
   projection of bmat at point
         -0.0075800049 -0.0080153568 -0.0000157533
          0.0000099424  0.0000040142  0.0000034264
          0.0001475811 -0.0001396287  0.0000004744
          0.0000004145 -0.0000000095 -1.3688237037
         -0.0052181502 -0.0048204794 -0.0000392787
          0.0000509362 -0.2733724574  0.2633186122
          0.0052756799  0.0048483477 -0.0000458801
          0.0000586297  0.0000010239  0.0000008521
          0.0000000000 -0.0000000000  0.0000000000
         -0.0000000000  0.0000000000 -0.0000000000
          0.0000000000 -0.0000000000  0.0000000000
          1.4081883122 18.8548577512  4.3260138409
         -1.2713729618  0.2388417895  1.5867727633
         -1.3926922633 -0.2591962012 -0.0298829313
          0.0472930222  0.0000000000 -0.0836713376
         -0.0121576084 -0.0032229576
        Point   57, St  3  1, dir  2, grad=-0.316E-02
   projection of bmat at point
         -0.4110733376 -0.3303690275 -0.0007724826
         -0.0007580371  0.0017429294  0.0019222173
          0.0014308106  0.0029430724  0.0002064663
          0.0002246189 -0.0000243681 -6.0524302477
         -0.2269188441 -0.2445981564  0.0008269825
         -0.0002019930 -0.1638217424 -0.3093020729
          0.2370684574  0.2529058596  0.0008087042
         -0.0004201734  0.0004171245  0.0004644878
          0.0000000000 -0.0000000000  0.0000000000
         -0.0000000000  0.0000000000 -0.0000000000
          0.0000000000 -0.0000000000  0.0000000000
         -0.0300242682 -0.4020082413 -0.0922358174
          0.0271072004 -0.0050923942 -0.0338319035
          0.0296938738  0.4206001569  0.0072882744
         -0.0104904181  0.0000000000 -0.0259462712
         -0.0183008941 -0.1565057087
        Point   57, St  3  1, dir  3, grad=-0.607E-01
   projection of bmat at point
         -0.8971348310  1.0007046313  0.0033874706
         -0.0009247567 -0.3805931585  0.3746302557
         -0.2343140988  0.2256061674 -0.0182168352
          0.0177188327  0.0005996730  0.0327892806
          0.4659606023 -0.4120633219  0.2741124375
         -0.2776710036  0.5478991603 -0.4910034104
         -0.1395659498  0.0528158721  0.3360510382
         -0.3380535946 -0.2338113584  0.2339878467
         -0.0000000000 -0.0000000000 -0.0000000000
          0.0000000000 -0.0000000000  0.0000000000
         -0.0000000000  0.0000000000 -0.0000000000
          0.0014933388  0.0199949748  0.0045875996
         -0.0013482504  0.0002532841  0.0016827219
         -0.0014769057  0.3015484640  0.0107988570
          0.0057711523 -0.0000000000  0.0136246783
         -0.0036683090 -0.0244242003
        Point   57, St  3  1, dir  5, grad=-0.175E+00
   projection of bmat at point
         -0.3923842578  0.4801794683 -0.0036464165
          0.0059556135  0.8154785443 -0.8196320280
         -0.0491816597  0.0413495075  0.0264607019
         -0.0270112254  0.0009632908  0.0135364020
          0.0080584119  0.0341631587 -0.2350852298
          0.2342449731  0.2921127587 -0.2464194927
         -0.0840554836  0.0092204514 -0.2176873511
          0.2165602990  0.6414748410 -0.6431708301
          0.0000000000  0.0000000000 -0.0000000000
         -0.0000000000  0.0000000000 -0.0000000000
          0.0000000000 -0.0000000000  0.0000000000
          0.0007852198  0.0105136561  0.0024122283
         -0.0007089302  0.0001331806  0.0008848003
         -0.0007765790  0.1891210232  0.0099151296
          0.0036120101 -0.0000000000 -0.0059715248
         -0.0073608235 -0.0255860505
        Point   57, St  3  1, dir  6, grad=-0.129E-02
   projection of bmat at point
         -0.4628634199 -0.4400489028  0.0084436463
          0.0085297667 -0.4352174900 -0.4419807210
         -0.3109233255 -0.3040729783 -0.0316091102
         -0.0316061563  0.0784685882  0.0181259885
          0.4472481243  0.4410215242  0.3150458315
          0.3138697480  0.0814643321  0.0794253273
          0.0567185381  0.0575158315  0.6009490034
          0.5981780286  0.0030468491 -0.0036551479
         -0.0000000000  0.0000000000 -0.0000000000
         -0.0000000000 -0.0000000000 -0.0000000000
         -0.0000000000 -0.0000000000 -0.0000000000
          0.0000512627  0.0006863786  0.0001574811
         -0.0000462821  0.0000086946  0.0000577637
         -0.0000506986 -0.0123327108 -0.0041473395
         -0.0024554566 -0.0000000000 -0.0657703334
         -0.0331101011  0.0060074194
        Point   57, St  3  1, dir  7, grad= 0.136E-01
   projection of bmat at point
          0.6524305977  0.4611547539  0.0332340909
          0.0320628488 -0.3108346831 -0.2509508616
         -0.0192795744 -0.1221058575 -0.0066839889
         -0.0086275429  0.2126330731 -0.1278999531
          0.1609577030  0.2642949949 -0.1179354157
         -0.0693382363  0.2676638204  0.1815455066
         -0.5710977327 -0.5101644543  0.0269398988
          0.1516049284  0.0308221407  0.1620785497
          0.0000000000  0.0000000000 -0.0000000000
          0.0000000000  0.0000000000 -0.0000000000
          0.0000000000  0.0000000000 -0.0000000000
         -0.0002372025 -0.0031760099 -0.0007286962
          0.0002141566 -0.0000402317 -0.0002672842
          0.0002345923  0.2348675989  0.0624397747
          0.0049563275 -0.0000000000  0.0756214001
          0.0469629186 -0.1009176284
        Point   57, St  3  1, dir  8, grad= 0.475E-02
   projection of bmat at point
          0.0315863092 -0.0385623416 -0.0015231438
         -0.0016446909  0.4482171518  0.4702310095
         -0.2175318500 -0.2714485803 -0.0077052658
         -0.0096889484 -0.5915388557 -0.0387043466
          0.1921664192  0.2440967718  0.3021799763
          0.3323809355  0.1906091025  0.1252066121
         -0.2605822180 -0.2129628266 -0.1189933547
         -0.0358084456 -0.3463070835 -0.2677146581
          0.0000000000  0.0000000000 -0.0000000000
          0.0000000000  0.0000000000 -0.0000000000
          0.0000000000  0.0000000000  0.0000000000
          0.0000008942  0.0000119723  0.0000027469
         -0.0000008073  0.0000001517  0.0000010076
         -0.0000008843  0.1123969968  0.0326986390
          0.0009462215 -0.0000000000 -0.0044377581
          0.0026672319 -0.0441155980
        Point   57, St  3  1, dir  9, grad= 0.115E+00
   projection of bmat at point
          0.3449074656 -0.3079011794  0.0407283313
         -0.0360706123 -0.0255343546  0.0286128010
         -0.3273635067  0.2995879572 -0.0109290842
          0.0093256013 -0.0100273479 -0.0171630314
          0.2869985302 -0.2629156128  0.0565038594
         -0.0437368955  0.0783542516 -0.0567758949
         -0.4500579942  0.3728317890  0.3068996857
         -0.3036557459  0.3087579126 -0.3212029730
         -0.0000000000  0.0000000000 -0.0000000000
          0.0000000000 -0.0000000000  0.0000000000
         -0.0000000000  0.0000000000 -0.0000000000
         -0.0000111586 -0.0001494070 -0.0000342796
          0.0000100744 -0.0000018926 -0.0000125737
          0.0000110358 -0.0882260448  0.0283023135
         -0.0050680618 -0.0000000000  0.0451047728
          0.0557093194  0.1097639732
        Point   57, St  3  1, dir 10, grad=-0.196E-01
   projection of bmat at point
         -0.0648686188  0.1983707547 -0.0032755624
          0.0158950592 -0.0533680077  0.0604912953
         -0.0313283915 -0.0666504321 -0.0102671640
          0.0064527532 -0.0257468770 -0.0416046506
          0.0658119473  0.0012548997  0.0937006986
         -0.0666955821 -0.2901747766  0.3558383001
          0.3383237623 -0.5452452258  0.3886014451
         -0.3853511198  0.3158244237 -0.3459546903
         -0.0000000000  0.0000000000  0.0000000000
         -0.0000000000 -0.0000000000  0.0000000000
         -0.0000000000  0.0000000000 -0.0000000000
         -0.0010191605 -0.0136459921 -0.0031309041
          0.0009201419 -0.0001728591 -0.0011484090
          0.0010079454 -0.2079866931 -0.0547392534
          0.0010168076  0.0000000000  0.0776860748
          0.0115578919 -0.0410286794
        Point   57, St  3  1, dir 11, grad=-0.482E-02
   projection of bmat at point
         -0.2341653473 -0.2111877176  0.0043588965
          0.0073297595  0.1897751987  0.1430680924
         -0.4026627760 -0.3479479645  0.0331703360
          0.0336095294  0.4143194837  0.0017599797
          0.0712295540  0.0529203766 -0.1728278348
         -0.1951907370  0.0824744672  0.1083015602
         -0.1139222604 -0.1025156718 -0.2372135213
         -0.1953867827  0.1519442914  0.2073824934
         -0.0000000000 -0.0000000000  0.0000000000
         -0.0000000000  0.0000000000 -0.0000000000
         -0.0000000000  0.0000000000  0.0000000000
         -0.0000663301 -0.0008881229 -0.0002037688
          0.0000598857 -0.0000112502 -0.0000747420
          0.0000656002 -0.0523874130  0.0034784317
         -0.0046595533  0.0000000000  0.0046282139
          0.0065068672  0.0220978759
        Point   57, St  3  1, dir 12, grad=-0.536E-01
   projection of bmat at point
         -0.0065805473  0.1235770294 -0.0081263814
          0.0223249362  0.1957004933 -0.2553754165
         -0.3367092253  0.3228358873 -0.0105774105
          0.0001766768 -0.0704482882 -0.0433656553
          0.0944446527 -0.1170017620  0.1573844454
         -0.1100384573 -0.1717337008  0.1489190987
         -0.0280157638 -0.1093321419 -0.1152754072
          0.1781676084 -0.2574292064  0.2024248798
         -0.0000000000 -0.0000000000  0.0000000000
         -0.0000000000 -0.0000000000 -0.0000000000
         -0.0000000000  0.0000000000 -0.0000000000
         -0.0008376677 -0.0112159049 -0.0025733506
          0.0007562825 -0.0001420762 -0.0009438996
          0.0008284498 -0.3743804197 -0.0828822210
         -0.0046505675  0.0000000000  0.1699067219
          0.0911926068  0.1299929193
        Point   57, St  3  1, dir 13, grad= 0.202E-01
   projection of bmat at point
         -0.0846273621  0.1257492982  0.0219743019
          0.0017173628 -0.1221297903  0.0648479764
          0.1594937842 -0.2932935363  0.0107422879
         -0.0088518295 -0.0858935296 -0.0321366072
         -0.0762380524 -0.0204998940 -0.1071402615
          0.0746320896  0.0061532128 -0.0718065232
         -0.2138584278  0.0924662511  0.0045532691
          0.0539930049  0.0586774022 -0.0518219399
          0.0000000000  0.0000000000 -0.0000000000
          0.0000000000  0.0000000000  0.0000000000
          0.0000000000 -0.0000000000 -0.0000000000
         -0.0003902861 -0.0052257132 -0.0011989752
          0.0003523670 -0.0000661961 -0.0004397816
          0.0003859913 -0.3868154402 -0.1039464849
         -0.0305410188 -0.0000000000  0.1987030048
          0.1267056388  0.2219900660
        Point   57, St  3  1, dir 15, grad=-0.109E-02
   projection of bmat at point
         -0.0018580519 -0.0346865443  0.0235201192
          0.0256169163 -0.0044458286 -0.0193517447
         -0.1415165179 -0.0849227441  0.0417203704
          0.0439226963 -0.4081521424  0.0136068532
         -0.0834441612 -0.0798099717 -0.2089517753
         -0.2242457087  0.0000344317 -0.0042913451
          0.0120752963 -0.0298380169  0.1265883373
          0.1163632887  0.1676667874  0.1747472707
         -0.0000000000 -0.0000000000  0.0000000000
         -0.0000000000 -0.0000000000 -0.0000000000
         -0.0000000000  0.0000000000  0.0000000000
          0.0001240127  0.0016604608  0.0003809722
         -0.0001119640  0.0000210337  0.0001397398
         -0.0001226480  0.0687949021  0.0324801264
          0.0036458721  0.0000000000 -0.0393797502
         -0.0241588880 -0.0356960276
        Point   57, St  3  1, dir 16, grad= 0.603E-01
   projection of bmat at point
         -0.0035352662  0.0460638704  0.0190079977
         -0.0186811190 -0.1853289460  0.1755682259
         -0.2545163064  0.2059370419  0.0408251792
         -0.0442337021  0.0030461990 -0.0020537879
         -0.1150508501  0.1191823214 -0.1900450319
          0.1976808921  0.0430614411 -0.0363781201
          0.0898800761 -0.0414731973 -0.1018302086
          0.0901485531  0.0748274848 -0.0855545917
         -0.0000000000 -0.0000000000  0.0000000000
         -0.0000000000 -0.0000000000 -0.0000000000
         -0.0000000000  0.0000000000  0.0000000000
          0.0000500894  0.0006706686  0.0001538766
         -0.0000452228  0.0000084956  0.0000564416
         -0.0000495382 -0.0121703341 -0.1004731900
          0.0164802171  0.0000000000  0.0198865008
          0.0146521309  0.0221570287
        Point   57, St  3  1, dir 17, grad= 0.497E-02
   projection of bmat at point
         -0.2045204348 -0.0698392009  0.0049886376
          0.0016707847  0.0074579595  0.0879540392
          0.1335708874  0.1967926865  0.0239402679
         -0.0019226636  0.0107770622  0.0009123182
         -0.0358301306  0.0345984763 -0.0663596508
          0.0245222447 -0.1021472747  0.0868953333
         -0.2431064265 -0.1103242017  0.0209951224
          0.0649644846  0.0471291054  0.0154745876
          0.0000000000  0.0000000000 -0.0000000000
          0.0000000000  0.0000000000  0.0000000000
          0.0000000000 -0.0000000000 -0.0000000000
         -0.0002027401 -0.0027145770 -0.0006228261
          0.0001830425 -0.0000343866 -0.0002284513
          0.0002005091 -0.0357508776  0.2505931234
          0.0159249342 -0.0000000000 -0.0265677828
         -0.0271519948 -0.0287224473
        Point   57, St  3  1, dir 18, grad= 0.455E-02
   projection of bmat at point
         -0.0014330291 -0.1272669821  0.0067090328
          0.0079000716  0.0822170299  0.0946867842
          0.1639632308  0.1239664867  0.0065978615
          0.0335939822  0.0129772620 -0.0097392029
          0.1136030023  0.0315147538  0.0032574440
         -0.1026125154  0.1894356946 -0.0391083730
          0.0435931043 -0.1349068850  0.0233725200
          0.0962857316  0.0789049456  0.0307104317
         -0.0000000000 -0.0000000000  0.0000000000
         -0.0000000000 -0.0000000000 -0.0000000000
         -0.0000000000  0.0000000000  0.0000000000
          0.0001421561  0.0019033908  0.0004367095
         -0.0001283446  0.0000241110  0.0001601841
         -0.0001405918 -0.0257757744 -0.1946339635
          0.0359324508  0.0000000000  0.0380172275
          0.0409898857  0.0712194676
        Point   57, St  3  1, dir 19, grad=-0.764E-02
   projection of bmat at point
          0.0062545706  0.0198126277 -0.0141909518
          0.0103146653 -0.1220349632  0.0808717795
         -0.0137678305 -0.0457807450 -0.0303383621
          0.0219548922 -0.0057827751  0.0026163200
          0.0575224510 -0.0840603193  0.1738591120
         -0.1540870938 -0.0556497796  0.0258792629
          0.0094742442  0.0121344925 -0.2159595964
          0.1843846043  0.1245847630 -0.1447999043
          0.0000000000  0.0000000000 -0.0000000000
          0.0000000000 -0.0000000000  0.0000000000
          0.0000000000 -0.0000000000 -0.0000000000
         -0.0000537978 -0.0007203219 -0.0001652690
          0.0000485709 -0.0000091246 -0.0000606203
          0.0000532057  0.0137158235  0.0485659226
         -0.0082065756 -0.0000000000 -0.0152398818
         -0.0144890878 -0.0264388056
        Point   57, St  3  1, dir 20, grad= 0.117E-02
   projection of bmat at point
         -0.0636262564 -0.0692703202 -0.0031966744
         -0.0044813958 -0.1433892011 -0.1465707362
          0.0494100061  0.0453946278 -0.0113635678
         -0.0118756734 -0.1531183752 -0.0032676318
          0.0945709367  0.0919086419  0.0136218027
          0.0193738518  0.0348472832  0.0163689704
         -0.0072067460 -0.0185814397 -0.1999962213
         -0.2043903267  0.0467417637  0.0503380685
         -0.0000000000 -0.0000000000  0.0000000000
         -0.0000000000 -0.0000000000 -0.0000000000
         -0.0000000000  0.0000000000  0.0000000000
         -0.0000115871 -0.0001551452 -0.0000355961
          0.0000104614 -0.0000019653 -0.0000130566
          0.0000114596 -0.0126934099 -0.0165037172
          0.0068007209  0.0000000000  0.0012829678
          0.0034528485  0.0114276758
        Point   57, St  3  1, dir 21, grad= 0.583E-03
   projection of bmat at point
          0.0033619815 -0.1073535167 -0.0017005041
         -0.0024675217 -0.0444709950 -0.0635296725
         -0.0470370959 -0.0357925124 -0.0209920989
         -0.0073339390  0.0071822630  0.0141147490
         -0.1042213427 -0.1221426459  0.0548069535
          0.0281197974 -0.0070714890 -0.2238709752
         -0.0383388865 -0.2118357260 -0.0065404684
         -0.0190533135 -0.0483553858 -0.0431016927
         -0.0000000000 -0.0000000000  0.0000000000
         -0.0000000000  0.0000000000 -0.0000000000
         -0.0000000000  0.0000000000  0.0000000000
          0.0002620761  0.0035090529  0.0008051088
         -0.0002366136  0.0000444505  0.0002953122
         -0.0002591921 -0.0000547569  0.0252578578
          0.0612094280  0.0000000000 -0.0288019433
         -0.0045502957  0.0535410717
        Point   57, St  3  1, dir 23, grad= 0.575E-01
   projection of bmat at point
          0.0090985906 -0.0076626629  0.0240713526
         -0.0265808054 -0.0044459881  0.0038827595
          0.0204425897 -0.0227277368  0.0330955033
         -0.0336618031 -0.0000742858  0.0005372511
          0.1082622116 -0.1101210961 -0.0711415726
          0.0708170558 -0.0199259680  0.0192029076
          0.0243715366 -0.0237880523 -0.0231742197
          0.0233976798 -0.0119024204  0.0113851433
          0.0000000000 -0.0000000000 -0.0000000000
          0.0000000000 -0.0000000000  0.0000000000
          0.0000000000 -0.0000000000  0.0000000000
         -0.0000314948 -0.0004216972 -0.0000967532
          0.0000284348 -0.0000053418 -0.0000354889
          0.0000311482  0.0066558216  0.0062123037
         -0.0000378724 -0.0000000000 -0.0071605616
         -0.0059843855 -0.0116355067
        Point   57, St  3  1, dir 24, grad= 0.152E-02
   projection of bmat at point
          0.0011754967  0.0014440159  0.0082960288
          0.0066955228 -0.0053829061 -0.0048000265
         -0.0002157384  0.0002089078  0.0583894830
          0.0869621865  0.0025457111 -0.0000003227
          0.0021735487 -0.0013565142  0.0033702278
          0.0105788972 -0.0025306633 -0.0019073035
          0.0010751690 -0.0001813622 -0.0033443866
         -0.0024846686 -0.0058000232 -0.0050791185
          0.0000000000 -0.0000000000 -0.0000000000
          0.0000000000 -0.0000000000  0.0000000000
          0.0000000000 -0.0000000000  0.0000000000
         -0.0000008912 -0.0000119321 -0.0000027377
          0.0000008046 -0.0000001511 -0.0000010042
          0.0000008814 -0.0002691905  0.0010968269
          0.0001806820 -0.0000000000 -0.0002803084
         -0.0002565178 -0.0000016129
        Point   57, St  3  1, dir 25, grad= 0.614E-02
   projection of bmat at point
         -0.0011941698  0.0011049329  0.0020815315
         -0.0052084798 -0.0003092426  0.0024389377
         -0.0010707288  0.0009879745 -0.0848623847
          0.0558958882 -0.0004944114 -0.0000318771
          0.0080952408 -0.0079369338 -0.0186797760
          0.0157962421 -0.0021236984  0.0034561342
          0.0020208849 -0.0016560857 -0.0014541263
          0.0025855304 -0.0005940835  0.0028167140
          0.0000000000  0.0000000000 -0.0000000000
          0.0000000000 -0.0000000000  0.0000000000
          0.0000000000 -0.0000000000  0.0000000000
         -0.0000056366 -0.0000754707 -0.0000173158
          0.0000050889 -0.0000009560 -0.0000063514
          0.0000055746 -0.0000281103  0.0009327554
         -0.0002752071 -0.0000000000 -0.0002317946
         -0.0004770649 -0.0013375444
        Point   58, St  2  1, dir  4, grad=-0.212E-02
   projection of bmat at point
         -0.0000000000  0.0000000000  0.0000000000
          0.0000000000 -0.0000000000  0.0000000000
          0.0000000000 -0.0000000000  0.0000000000
          0.0000000000 -0.0000000000 -0.0000000000
         -0.0000000000 -0.0000000000 -0.0000000000
         -0.0000000000 -0.0000000000  0.0000000000
          0.0000000000 -0.0000000000  0.0000000000
          0.0000000000  0.0000000000 -0.0000000000
          1.7130913269  0.0000904262  0.0000237502
         -0.0007079900  0.0068844856 -0.0069491411
          0.0772828404 -0.0774938327  0.0000698759
          0.0000000000  0.0000000000  0.0000000000
         -0.0000000000  0.0000000000  0.0000000000
         -0.0000000000 -0.0000000000 -0.0000000000
         -0.0000000000  0.1904782320 -0.0000000000
         -0.0000000000 -0.0000000000
        Point   58, St  2  1, dir 14, grad= 0.136E-02
   projection of bmat at point
         -0.0000000000  0.0000000000  0.0000000000
          0.0000000000 -0.0000000000  0.0000000000
          0.0000000000 -0.0000000000  0.0000000000
         -0.0000000000 -0.0000000000 -0.0000000000
         -0.0000000000 -0.0000000000 -0.0000000000
          0.0000000000 -0.0000000000 -0.0000000000
         -0.0000000000  0.0000000000  0.0000000000
          0.0000000000  0.0000000000 -0.0000000000
         -0.0773296473 -0.0002869291  0.0005715189
         -0.0078871067 -0.0002083913 -0.0012361148
         -0.0153368900  0.0100856423  0.0001114091
          0.0000000000  0.0000000000  0.0000000000
         -0.0000000000  0.0000000000  0.0000000000
         -0.0000000000 -0.0000000000  0.0000000000
         -0.0000000000  0.7057334871  0.0000000000
          0.0000000000  0.0000000000
        Point   58, St  2  1, dir 22, grad= 0.262E-02
   projection of bmat at point
          0.0000000000 -0.0000000000  0.0000000000
          0.0000000000 -0.0000000000  0.0000000000
         -0.0000000000  0.0000000000 -0.0000000000
         -0.0000000000  0.0000000000  0.0000000000
          0.0000000000 -0.0000000000  0.0000000000
         -0.0000000000  0.0000000000 -0.0000000000
         -0.0000000000  0.0000000000  0.0000000000
         -0.0000000000  0.0000000000  0.0000000000
         -0.0000608270  0.2294575621  0.0021646746
          0.0041943332  0.0014541963  0.0014709486
          0.0839986041  0.0844281804 -0.1496353446
         -0.0000000000 -0.0000000000 -0.0000000000
          0.0000000000 -0.0000000000 -0.0000000000
          0.0000000000 -0.0000000000 -0.0000000000
         -0.0000000000  0.0007772556  0.0000000000
          0.0000000000  0.0000000000
        Point   58, St  3  1, dir  1, grad= 0.122E-01
   projection of bmat at point
         -0.0075800039 -0.0080153753 -0.0000157533
          0.0000099437  0.0000040142  0.0000034265
          0.0001475810 -0.0001399214  0.0000004744
          0.0000004163 -0.0000000095 -1.3688235360
         -0.0052181493 -0.0048204505 -0.0000392787
          0.0000509481 -0.2733724317  0.2633186025
          0.0052756790  0.0048490681 -0.0000458801
          0.0000586577  0.0000010239  0.0000008523
          0.0000000000 -0.0000000000  0.0000000000
         -0.0000000000  0.0000000000 -0.0000000000
          0.0000000000 -0.0000000000  0.0000000000
          1.4081883055 18.8548575631  4.3260137927
         -1.2713729738  0.2388417869  1.5867727458
         -1.3926922532 -0.2591961830 -0.0298829330
          0.0476675689  0.0000000000 -0.0836713508
         -0.0121576144 -0.0032229602
        Point   58, St  3  1, dir  2, grad=-0.316E-02
   projection of bmat at point
         -0.4110727897 -0.3303807068 -0.0007724832
         -0.0007573334  0.0017429831  0.0019217510
          0.0014308212  0.0029859911  0.0002064665
          0.0002255234 -0.0000243983 -6.0524309233
         -0.2269189527 -0.2445825759  0.0008269834
         -0.0001951243 -0.1638221578 -0.3092940269
          0.2370685608  0.2528816075  0.0008086968
         -0.0004044417  0.0004171383  0.0004643754
         -0.0000000000  0.0000000000 -0.0000000000
          0.0000000000 -0.0000000000  0.0000000000
         -0.0000000000  0.0000000000 -0.0000000000
         -0.0300242482 -0.4020079705 -0.0922357551
          0.0271071827 -0.0050923907 -0.0338318807
          0.0296938539  0.4205999835  0.0072882845
         -0.0105744684 -0.0000000000 -0.0259473077
         -0.0183014424 -0.1565069241
        Point   58, St  3  1, dir  3, grad=-0.608E-01
   projection of bmat at point
         -0.8976364290  1.0006500225  0.0033923020
         -0.0009098763 -0.3807098792  0.3740507077
         -0.2345527699  0.2240180313 -0.0182323607
          0.0177630865  0.0006080403  0.0327248593
          0.4663535033 -0.4114006813  0.2743094897
         -0.2771243575  0.5482192847 -0.4909791002
         -0.1396588434  0.0514403779  0.3363737658
         -0.3367212925 -0.2337677033  0.2337950468
         -0.0000000000  0.0000000000 -0.0000000000
          0.0000000000 -0.0000000000 -0.0000000000
         -0.0000000000  0.0000000000  0.0000000000
          0.0014934988  0.0199971178  0.0045880913
         -0.0013483950  0.0002533112  0.0016829022
         -0.0014770640  0.3017494564  0.0108128140
          0.0058053158 -0.0000000000  0.0135591391
         -0.0037049727 -0.0244900344
        Point   58, St  3  1, dir  5, grad=-0.175E+00
   projection of bmat at point
         -0.3917350444  0.4801166147 -0.0036544197
          0.0059519126  0.8161298809 -0.8192194833
         -0.0489024068  0.0409434326  0.0264971790
         -0.0271174717  0.0008941957  0.0135038710
          0.0075499485  0.0338708455 -0.2354582429
          0.2339531367  0.2918310342 -0.2462390910
         -0.0840219482  0.0088637245 -0.2182727316
          0.2149549069  0.6417244374 -0.6433501609
          0.0000000000 -0.0000000000  0.0000000000
         -0.0000000000  0.0000000000 -0.0000000000
          0.0000000000 -0.0000000000 -0.0000000000
          0.0007844984  0.0105039967  0.0024100121
         -0.0007082789  0.0001330582  0.0008839874
         -0.0007758656  0.1890040587  0.0099125645
          0.0036336088 -0.0000000000 -0.0059259430
         -0.0073368656 -0.0255907140
        Point   58, St  3  1, dir  6, grad=-0.138E-02
   projection of bmat at point
         -0.4629742799 -0.4413010852  0.0084296370
          0.0085148423 -0.4339702418 -0.4432259774
         -0.3109579072 -0.3024875946 -0.0315698893
         -0.0318128032  0.0786884437  0.0183239909
          0.4468200368  0.4406485780  0.3145795407
          0.3137812813  0.0806977569  0.0795313929
          0.0574016129  0.0598062766  0.6009190562
          0.5970744731  0.0045640546 -0.0046700824
         -0.0000000000  0.0000000000  0.0000000000
         -0.0000000000 -0.0000000000  0.0000000000
         -0.0000000000  0.0000000000  0.0000000000
          0.0000506520  0.0006782014  0.0001556049
         -0.0000457308  0.0000085910  0.0000570756
         -0.0000500946 -0.0129725391 -0.0042279161
         -0.0024696646  0.0000000000 -0.0658139462
         -0.0331278105  0.0062190507
        Point   58, St  3  1, dir  7, grad= 0.136E-01
   projection of bmat at point
          0.6522271567  0.4603627632  0.0332648675
          0.0320697171 -0.3116010679 -0.2521735420
         -0.0195901769 -0.1243761183 -0.0067167653
         -0.0087861416  0.2133234151 -0.1278373246
          0.1613489221  0.2644200602 -0.1179053564
         -0.0693947843  0.2673923305  0.1816630193
         -0.5708987737 -0.5091767181  0.0279179908
          0.1518940506  0.0315596535  0.1620418110
          0.0000000000 -0.0000000000 -0.0000000000
          0.0000000000  0.0000000000 -0.0000000000
          0.0000000000 -0.0000000000  0.0000000000
         -0.0002376438 -0.0031819181 -0.0007300517
          0.0002145550 -0.0000403066 -0.0002677814
          0.0002350287  0.2345461927  0.0624055919
          0.0049902648 -0.0000000000  0.0755983083
          0.0469597058 -0.1007993494
        Point   58, St  3  1, dir  8, grad=-0.494E-02
   projection of bmat at point
         -0.0327335057  0.0389465996  0.0014330414
          0.0016462538 -0.4474700198 -0.4694046027
          0.2181718244  0.2715716566  0.0077740759
          0.0095766679  0.5914569867  0.0388348408
         -0.1929756724 -0.2444378844 -0.3025273522
         -0.3326638988 -0.1906407865 -0.1256744633
          0.2615369458  0.2118068879  0.1179478564
          0.0357654167  0.3459696710  0.2681309819
          0.0000000000 -0.0000000000  0.0000000000
         -0.0000000000  0.0000000000 -0.0000000000
          0.0000000000 -0.0000000000  0.0000000000
          0.0000002621  0.0000035098  0.0000008053
         -0.0000002367  0.0000000445  0.0000002954
         -0.0000002592 -0.1122093774 -0.0327674488
         -0.0009682587  0.0000000000  0.0042675845
         -0.0027981569  0.0440362610
        Point   58, St  3  1, dir  9, grad= 0.115E+00
   projection of bmat at point
          0.3450183796 -0.3081531207  0.0407145560
         -0.0361962968 -0.0258356496  0.0285472748
         -0.3264835267  0.3027925026 -0.0108620226
          0.0094649380 -0.0093769271 -0.0169441669
          0.2860959945 -0.2637059884  0.0556598115
         -0.0438526530  0.0791713771 -0.0586717011
         -0.4506825375  0.3740406160  0.3052252685
         -0.3024924284  0.3077471569 -0.3196942015
         -0.0000000000  0.0000000000 -0.0000000000
          0.0000000000 -0.0000000000  0.0000000000
         -0.0000000000  0.0000000000  0.0000000000
         -0.0000067862 -0.0000908635 -0.0000208475
          0.0000061269 -0.0000011510 -0.0000076468
          0.0000067115 -0.0874694173  0.0284333118
         -0.0051218669 -0.0000000000  0.0447822556
          0.0556343191  0.1099659589
        Point   58, St  3  1, dir 10, grad=-0.190E-01
   projection of bmat at point
         -0.0632096079  0.1976012641 -0.0031252504
          0.0156865290 -0.0539605683  0.0608322349
         -0.0320217633 -0.0680100428 -0.0103248881
          0.0066077095 -0.0259092774 -0.0416337067
          0.0664953921 -0.0002348253  0.0938921012
         -0.0666555184 -0.2902080221  0.3553023889
          0.3368558167 -0.5430618918  0.3897806018
         -0.3866159616  0.3167091935 -0.3473447707
          0.0000000000 -0.0000000000  0.0000000000
         -0.0000000000  0.0000000000 -0.0000000000
          0.0000000000 -0.0000000000 -0.0000000000
         -0.0010192524 -0.0136472220 -0.0031311862
          0.0009202249 -0.0001728746 -0.0011485125
          0.0010080363 -0.2085524334 -0.0546900594
          0.0010042635  0.0000000000  0.0779538504
          0.0118213109 -0.0404889351
        Point   58, St  3  1, dir 11, grad=-0.509E-02
   projection of bmat at point
         -0.2339060386 -0.2101506636  0.0043296988
          0.0074655299  0.1912383311  0.1418302099
         -0.4057905671 -0.3451996983  0.0330946075
          0.0337081693  0.4135287200  0.0013908254
          0.0720255053  0.0517540337 -0.1713883243
         -0.1958443161  0.0806814481  0.1098472970
         -0.1142457425 -0.1022279749 -0.2378628374
         -0.1934702913  0.1499545669  0.2083357897
          0.0000000000  0.0000000000  0.0000000000
         -0.0000000000  0.0000000000 -0.0000000000
          0.0000000000 -0.0000000000 -0.0000000000
         -0.0000743693 -0.0009957633 -0.0002284656
          0.0000671438 -0.0000126137 -0.0000838007
          0.0000735509 -0.0559348511  0.0027912689
         -0.0046918326  0.0000000000  0.0062121967
          0.0073522541  0.0232836352
        Point   58, St  3  1, dir 12, grad=-0.537E-01
   projection of bmat at point
         -0.0046783655  0.1255575758 -0.0081602149
          0.0222995835  0.1942738812 -0.2568089929
         -0.3331839316  0.3243679158 -0.0108597319
         -0.0002745671 -0.0739579732 -0.0434171611
          0.0939116044 -0.1179272043  0.1586937316
         -0.1091080587 -0.1723543183  0.1478874046
         -0.0270265699 -0.1096701560 -0.1130919561
          0.1795772770 -0.2582180608  0.2008144133
          0.0000000000  0.0000000000 -0.0000000000
          0.0000000000  0.0000000000 -0.0000000000
          0.0000000000 -0.0000000000  0.0000000000
         -0.0008370945 -0.0112082299 -0.0025715897
          0.0007557650 -0.0001419790 -0.0009432537
          0.0008278829 -0.3739804074 -0.0829964683
         -0.0046957072 -0.0000000000  0.1699216806
          0.0911719203  0.1298603657
        Point   58, St  3  1, dir 13, grad= 0.201E-01
   projection of bmat at point
         -0.0844184932  0.1253618275  0.0219881119
          0.0017368026 -0.1221513356  0.0644781275
          0.1596558212 -0.2935566269  0.0107082640
         -0.0087858438 -0.0863188964 -0.0320361740
         -0.0763082610 -0.0206644251 -0.1070344447
          0.0745820740  0.0061611586 -0.0721095738
         -0.2140824830  0.0939814686  0.0047604306
          0.0540230291  0.0585769411 -0.0517259717
          0.0000000000  0.0000000000 -0.0000000000
          0.0000000000  0.0000000000  0.0000000000
          0.0000000000 -0.0000000000 -0.0000000000
         -0.0003892583 -0.0052119516 -0.0011958178
          0.0003514391 -0.0000660218 -0.0004386235
          0.0003849748 -0.3865903648 -0.1037317566
         -0.0306939835 -0.0000000000  0.1985373371
          0.1266317698  0.2219620764
        Point   58, St  3  1, dir 15, grad=-0.104E-02
   projection of bmat at point
         -0.0017644333 -0.0349624063  0.0235091090
          0.0256357732 -0.0041639306 -0.0182865886
         -0.1413207916 -0.0849833728  0.0416925601
          0.0438866372 -0.4077581047  0.0136591892
         -0.0832841179 -0.0803324899 -0.2086380699
         -0.2249629393  0.0000298934 -0.0042104639
          0.0120602372 -0.0298223098  0.1267777474
          0.1177380592  0.1682997662  0.1741407995
          0.0000000000  0.0000000000 -0.0000000000
          0.0000000000  0.0000000000  0.0000000000
          0.0000000000 -0.0000000000 -0.0000000000
          0.0001244719  0.0016666090  0.0003823828
         -0.0001123786  0.0000211116  0.0001402572
         -0.0001231021  0.0691719360  0.0327118788
          0.0037372428 -0.0000000000 -0.0395930187
         -0.0242888415 -0.0359069682
        Point   58, St  3  1, dir 16, grad= 0.601E-01
   projection of bmat at point
         -0.0031432757  0.0466701635  0.0190035459
         -0.0186397053 -0.1854879433  0.1741686831
         -0.2545614534  0.2053472072  0.0407851694
         -0.0441582008  0.0021918141 -0.0021689761
         -0.1149092302  0.1198154235 -0.1901084500
          0.1980452117  0.0434821735 -0.0364438981
          0.0905549197 -0.0416670328 -0.1018766368
          0.0888648843  0.0742723828 -0.0849272918
         -0.0000000000 -0.0000000000  0.0000000000
         -0.0000000000  0.0000000000 -0.0000000000
         -0.0000000000  0.0000000000 -0.0000000000
          0.0000496837  0.0006652369  0.0001526304
         -0.0000448566  0.0000084268  0.0000559845
         -0.0000491370 -0.0125317689 -0.1015226377
          0.0164640706  0.0000000000  0.0202744819
          0.0149108992  0.0224565519
        Point   58, St  3  1, dir 17, grad= 0.508E-02
   projection of bmat at point
         -0.2045348656 -0.0692001370  0.0050107351
          0.0016382843  0.0070106116  0.0885685334
          0.1331744721  0.1972018455  0.0240405901
         -0.0019935682  0.0109567674  0.0007971896
         -0.0358201819  0.0352443554 -0.0666925393
          0.0250023358 -0.1019509313  0.0872808379
         -0.2426503082 -0.1109496225  0.0205571986
          0.0653807601  0.0473924043  0.0151162685
          0.0000000000  0.0000000000 -0.0000000000
          0.0000000000  0.0000000000  0.0000000000
          0.0000000000 -0.0000000000 -0.0000000000
         -0.0002037307 -0.0027278411 -0.0006258694
          0.0001839369 -0.0000345546 -0.0002295676
          0.0002014888 -0.0360361595  0.2499864523
          0.0159561408 -0.0000000000 -0.0262713158
         -0.0269933499 -0.0286365427
        Point   58, St  3  1, dir 18, grad= 0.429E-02
   projection of bmat at point
         -0.0006678767 -0.1254007412  0.0062270339
          0.0082474146  0.0792127833  0.0988266943
          0.1632787620  0.1216047553  0.0056532183
          0.0343597351  0.0143085719 -0.0097306507
          0.1152021425  0.0285128600  0.0090171265
         -0.1077233289  0.1873486954 -0.0376226855
          0.0442777821 -0.1341371815  0.0174598783
          0.1040870665  0.0828177531  0.0252264983
         -0.0000000000 -0.0000000000  0.0000000000
         -0.0000000000  0.0000000000 -0.0000000000
         -0.0000000000  0.0000000000  0.0000000000
          0.0001390816  0.0018622257  0.0004272647
         -0.0001255689  0.0000235895  0.0001567198
         -0.0001375512 -0.0253932950 -0.1932128814
          0.0356721989  0.0000000000  0.0377337565
          0.0405747020  0.0701588719
        Point   58, St  3  1, dir 19, grad=-0.770E-02
   projection of bmat at point
          0.0069405472  0.0246733892 -0.0143890180
          0.0100186979 -0.1239596895  0.0791702914
         -0.0197667816 -0.0497071037 -0.0305032952
          0.0207256031 -0.0044281049  0.0029504921
          0.0529116685 -0.0854435224  0.1737122639
         -0.1500244298 -0.0620105284  0.0268373226
          0.0083194174  0.0169222763 -0.2154245739
          0.1829665631  0.1214570725 -0.1467889666
          0.0000000000 -0.0000000000 -0.0000000000
          0.0000000000  0.0000000000  0.0000000000
          0.0000000000 -0.0000000000 -0.0000000000
         -0.0000581462 -0.0007785449 -0.0001786275
          0.0000524969 -0.0000098621 -0.0000655202
          0.0000575063  0.0145995509  0.0547737778
         -0.0094835212 -0.0000000000 -0.0164181356
         -0.0157976589 -0.0287586011
        Point   58, St  3  1, dir 20, grad= 0.107E-02
   projection of bmat at point
         -0.0636540679 -0.0700018002 -0.0032588632
         -0.0043107714 -0.1433973059 -0.1456347543
          0.0505600699  0.0452507411 -0.0115074998
         -0.0113712307 -0.1535979584 -0.0033050552
          0.0959805639  0.0911355586  0.0148302285
          0.0167874608  0.0355337124  0.0166105364
         -0.0069612581 -0.0193882777 -0.2012033802
         -0.2026840777  0.0483102788  0.0500666396
         -0.0000000000 -0.0000000000  0.0000000000
         -0.0000000000 -0.0000000000 -0.0000000000
         -0.0000000000  0.0000000000  0.0000000000
         -0.0000113787 -0.0001523541 -0.0000349558
          0.0000102732 -0.0000019299 -0.0000128217
          0.0000112535 -0.0126710065 -0.0171612905
          0.0069439316  0.0000000000  0.0013478878
          0.0035476019  0.0115476299
        Point   58, St  3  1, dir 21, grad= 0.718E-03
   projection of bmat at point
          0.0031108392 -0.1078930365 -0.0016492338
         -0.0025167171 -0.0444521323 -0.0632351691
         -0.0466298321 -0.0360109766 -0.0208652889
         -0.0073762303  0.0071627964  0.0141054512
         -0.1038476827 -0.1220712042  0.0545754844
          0.0281812766 -0.0067379003 -0.2238923873
         -0.0384338357 -0.2123001626 -0.0066774412
         -0.0187954181 -0.0481314456 -0.0429954385
          0.0000000000  0.0000000000  0.0000000000
         -0.0000000000 -0.0000000000 -0.0000000000
         -0.0000000000 -0.0000000000 -0.0000000000
          0.0002621209  0.0035096529  0.0008052464
         -0.0002366540  0.0000444581  0.0002953627
         -0.0002592365 -0.0000927622  0.0250777828
          0.0619188539  0.0000000000 -0.0287974478
         -0.0045125999  0.0536548541
        Point   58, St  3  1, dir 23, grad= 0.575E-01
   projection of bmat at point
          0.0090991783 -0.0076217940  0.0241006457
         -0.0265582680 -0.0044588411  0.0039598405
          0.0204376080 -0.0227611063  0.0331641972
         -0.0334917577 -0.0000247816  0.0005354002
          0.1082705972 -0.1100177902 -0.0711694097
          0.0709043918 -0.0199210134  0.0192850339
          0.0243825053 -0.0235966153 -0.0231771843
          0.0234720966 -0.0118998141  0.0113384730
         -0.0000000000  0.0000000000 -0.0000000000
          0.0000000000 -0.0000000000  0.0000000000
          0.0000000000 -0.0000000000  0.0000000000
         -0.0000315687 -0.0004226874 -0.0000969804
          0.0000285016 -0.0000053543 -0.0000355722
          0.0000312213  0.0066610592  0.0062049686
         -0.0000593097 -0.0000000000 -0.0071518357
         -0.0059838321 -0.0116575212
        Point   58, St  3  1, dir 24, grad= 0.158E-02
   projection of bmat at point
          0.0011580146  0.0014636320  0.0082529627
          0.0065800432 -0.0053762463 -0.0047966546
         -0.0002380487  0.0002289375  0.0571500603
          0.0877121341  0.0025161834 -0.0000013492
          0.0022409738 -0.0014237242  0.0031470612
          0.0107314621 -0.0025516536 -0.0018679881
          0.0010915146 -0.0001981696 -0.0033502358
         -0.0024244294 -0.0057980071 -0.0050168783
          0.0000000000  0.0000000000  0.0000000000
          0.0000000000 -0.0000000000 -0.0000000000
         -0.0000000000 -0.0000000000 -0.0000000000
         -0.0000009579 -0.0000128259 -0.0000029427
          0.0000008648 -0.0000001625 -0.0000010794
          0.0000009474 -0.0002727559  0.0011069369
          0.0001789127 -0.0000000000 -0.0002799524
         -0.0002602118 -0.0000148328
        Point   58, St  3  1, dir 25, grad= 0.611E-02
   projection of bmat at point
         -0.0012100560  0.0010899388  0.0019296245
         -0.0053326015 -0.0002375590  0.0024810966
         -0.0010731236  0.0009818337 -0.0856915401
          0.0547260003 -0.0005401650 -0.0000323120
          0.0080530741 -0.0079090520 -0.0187198486
          0.0156442226 -0.0020908544  0.0034753956
          0.0020029395 -0.0016610460 -0.0014066377
          0.0026360790 -0.0005179302  0.0028963303
         -0.0000000000  0.0000000000  0.0000000000
          0.0000000000 -0.0000000000  0.0000000000
          0.0000000000 -0.0000000000  0.0000000000
         -0.0000056227 -0.0000752854 -0.0000172733
          0.0000050765 -0.0000009537 -0.0000063358
          0.0000055609 -0.0000270172  0.0009191623
         -0.0002792135 -0.0000000000 -0.0002268166
         -0.0004727852 -0.0013351691
    Norm of residue right-hand-side gradients:   2.919484653958906E-002
     Number of Least Squares Equations:                  9721
     Number of Exact Equations:                             0
 Testing gradients of Hd along 3 random pathes
   Cartesian displacement size :  1.000000000000000E-004
   displacement                     1  :  evaluating analytical gradients
 
 Generating Hd Numerical Gradients (Ana-Num=Diff)
 Diabatic Representation  : 
  Block(   1,   1):  -0.1102482E+01 - -0.1102482E+01 =  0.1027651E-09
  Block(   1,   2):  -0.1584952E+00 - -0.1584952E+00 = -0.7112789E-09
  Block(   1,   3):  -0.7026688E-01 - -0.7026688E-01 = -0.1844580E-11
  Block(   2,   2):  -0.2216159E+00 - -0.2216159E+00 =  0.1306547E-09
  Block(   2,   3):  -0.3589407E+00 - -0.3589407E+00 = -0.1393763E-10
  Block(   3,   3):   0.2831491E+00 -  0.2831491E+00 = -0.2043078E-09
 Adiabatic Representation  : 
  State    1:   -0.1104973E+01 - -0.1104973E+01 = -0.3335583E-09
  State    2:   -0.2162181E+00 - -0.2162181E+00 =  0.5750564E-09
  State    3:    0.2802428E+00 -  0.2802428E+00 = -0.2056381E-09
 
 Generating Lagrangian Gradients (Ana-Num=Diff)
    0.1992591E+05 -  0.1992591E+05 =  0.7476046E-08
Lag:-0.7031342E+04-0.7033328E+04-0.7035316E+04-0.7037306E+04 0.7039297E+04 0.7041291E+04 0.7043286E+04 0.7045284E+04 0.7047283E+04
   displacement                     2  :  evaluating analytical gradients
 
 Generating Hd Numerical Gradients (Ana-Num=Diff)
 Diabatic Representation  : 
  Block(   1,   1):  -0.3818869E+00 - -0.3818869E+00 =  0.2134624E-08
  Block(   1,   2):  -0.2427302E-01 - -0.2427302E-01 =  0.1613509E-09
  Block(   1,   3):  -0.6449667E-01 - -0.6449667E-01 = -0.3299722E-12
  Block(   2,   2):  -0.5783548E+00 - -0.5783548E+00 = -0.2072242E-09
  Block(   2,   3):   0.2895148E+00 -  0.2895148E+00 =  0.5062728E-11
  Block(   3,   3):   0.7493276E+00 -  0.7493276E+00 =  0.3579941E-09
 Adiabatic Representation  : 
  State    1:    0.7489804E+00 -  0.7489804E+00 =  0.3752855E-09
  State    2:   -0.3844295E+00 - -0.3844295E+00 =  0.2123948E-08
  State    3:   -0.5754651E+00 - -0.5754651E+00 = -0.1706633E-09
 
 Generating Lagrangian Gradients (Ana-Num=Diff)
    0.4888709E+05 -  0.4888709E+05 = -0.1498639E-02
Lag:-0.2685146E+05-0.2685722E+05-0.2686264E+05-0.2686782E+05 0.2687279E+05 0.2687761E+05 0.2688229E+05 0.2688688E+05 0.2689138E+05
   displacement                     3  :  evaluating analytical gradients
 
 Generating Hd Numerical Gradients (Ana-Num=Diff)
 Diabatic Representation  : 
  Block(   1,   1):   0.1095143E+01 -  0.1095143E+01 =  0.2222583E-08
  Block(   1,   2):   0.1189210E+00 -  0.1189210E+00 =  0.2433919E-09
  Block(   1,   3):  -0.1156827E+00 - -0.1156827E+00 =  0.1960820E-11
  Block(   2,   2):   0.8203769E+00 -  0.8203769E+00 =  0.2037318E-08
  Block(   2,   3):  -0.1143760E+00 - -0.1143760E+00 = -0.4779510E-13
  Block(   3,   3):  -0.9992095E+00 - -0.9992095E+00 = -0.8887571E-09
 Adiabatic Representation  : 
  State    1:   -0.9944540E+00 - -0.9944540E+00 = -0.8895010E-09
  State    2:    0.1076663E+01 -  0.1076663E+01 =  0.2199415E-08
  State    3:    0.8341012E+00 -  0.8341012E+00 =  0.2080269E-08
 
 Generating Lagrangian Gradients (Ana-Num=Diff)
    0.6751330E+05 -  0.6751330E+05 = -0.4662434E-07
Lag:-0.1362028E+05-0.1362701E+05-0.1363375E+05-0.1364050E+05 0.1364725E+05 0.1365400E+05 0.1366076E+05 0.1366752E+05 0.1367429E+05
   displacement                     4  :  evaluating analytical gradients
 
 Generating Hd Numerical Gradients (Ana-Num=Diff)
 Diabatic Representation  : 
  Block(   1,   1):  -0.5201930E+00 - -0.5201930E+00 =  0.5560766E-09
  Block(   1,   2):  -0.6797664E-01 - -0.6797664E-01 =  0.1101341E-09
  Block(   1,   3):   0.3421523E+00 -  0.3421523E+00 =  0.4873435E-11
  Block(   2,   2):   0.6170061E-01 -  0.6170061E-01 = -0.3990490E-09
  Block(   2,   3):   0.2197270E+00 -  0.2197270E+00 = -0.1031178E-10
  Block(   3,   3):   0.7123402E+00 -  0.7123402E+00 =  0.4628051E-09
 Adiabatic Representation  : 
  State    1:    0.7110462E+00 -  0.7110462E+00 =  0.4584318E-09
  State    2:   -0.5029790E+00 - -0.5029790E+00 =  0.5313067E-09
  State    3:    0.4578059E-01 -  0.4578059E-01 = -0.3696762E-09
 
 Generating Lagrangian Gradients (Ana-Num=Diff)
    0.4166029E+05 -  0.4166029E+05 = -0.3776222E-08
Lag:-0.6229268E+04-0.6233422E+04-0.6237580E+04-0.6241741E+04 0.6245906E+04 0.6250073E+04 0.6254244E+04 0.6258418E+04 0.6262596E+04
   displacement                     5  :  evaluating analytical gradients
 
 Generating Hd Numerical Gradients (Ana-Num=Diff)
 Diabatic Representation  : 
  Block(   1,   1):  -0.1278159E+01 - -0.1278159E+01 =  0.2226865E-08
  Block(   1,   2):  -0.1489059E+00 - -0.1489059E+00 = -0.2848400E-09
  Block(   1,   3):   0.4308094E+00 -  0.4308094E+00 =  0.4362843E-11
  Block(   2,   2):   0.4854809E+01 -  0.4854809E+01 = -0.1351805E-08
  Block(   2,   3):   0.3615859E+00 -  0.3615859E+00 = -0.4638900E-11
  Block(   3,   3):  -0.3770378E+01 - -0.3770378E+01 = -0.3749205E-09
 Adiabatic Representation  : 
  State    1:   -0.3782587E+01 - -0.3782587E+01 = -0.3608158E-09
  State    2:   -0.1183238E+01 - -0.1183238E+01 =  0.2249718E-08
  State    3:    0.4772098E+01 -  0.4772098E+01 = -0.1326104E-08
 
 Generating Lagrangian Gradients (Ana-Num=Diff)
   -0.3105040E+05 - -0.3105040E+05 =  0.2829620E-07
Lag:-0.2258773E+05-0.2258463E+05-0.2258152E+05-0.2257842E+05 0.2257531E+05 0.2257221E+05 0.2256910E+05 0.2256600E+05 0.2256289E+05
   displacement                     6  :  evaluating analytical gradients
 
 Generating Hd Numerical Gradients (Ana-Num=Diff)
 Diabatic Representation  : 
  Block(   1,   1):  -0.1631861E+00 - -0.1631861E+00 =  0.2891320E-09
  Block(   1,   2):   0.1477064E+00 -  0.1477064E+00 = -0.4857156E-09
  Block(   1,   3):   0.2375944E+00 -  0.2375944E+00 = -0.8132106E-12
  Block(   2,   2):  -0.4974345E+00 - -0.4974345E+00 = -0.1907328E-08
  Block(   2,   3):   0.9716502E-01 -  0.9716502E-01 = -0.1843733E-10
  Block(   3,   3):  -0.1717589E+01 - -0.1717589E+01 = -0.9684176E-09
 Adiabatic Representation  : 
  State    1:   -0.1196072E+00 - -0.1196072E+00 = -0.9136394E-10
  State    2:   -0.5479219E+00 - -0.5479218E+00 = -0.1542921E-08
  State    3:   -0.1710680E+01 - -0.1710680E+01 = -0.9690853E-09
 
 Generating Lagrangian Gradients (Ana-Num=Diff)
    0.1014468E+05 -  0.1014468E+05 =  0.3456080E-08
Lag:-0.4608563E+04-0.4609574E+04-0.4610587E+04-0.4611600E+04 0.4612614E+04 0.4613629E+04 0.4614644E+04 0.4615661E+04 0.4616678E+04
   displacement                     7  :  evaluating analytical gradients
 
 Generating Hd Numerical Gradients (Ana-Num=Diff)
 Diabatic Representation  : 
  Block(   1,   1):   0.9223331E+00 -  0.9223331E+00 =  0.2754974E-08
  Block(   1,   2):  -0.3204411E+00 - -0.3204411E+00 = -0.1083812E-08
  Block(   1,   3):   0.4322313E-01 -  0.4322313E-01 =  0.4065491E-11
  Block(   2,   2):  -0.1659105E+01 - -0.1659105E+01 =  0.1853544E-09
  Block(   2,   3):  -0.2338985E-01 - -0.2338985E-01 = -0.1798773E-10
  Block(   3,   3):  -0.1825466E+00 - -0.1825466E+00 =  0.4961666E-09
 Adiabatic Representation  : 
  State    1:   -0.1659841E+01 - -0.1659841E+01 =  0.1880953E-09
  State    2:   -0.1815733E+00 - -0.1815733E+00 =  0.4981427E-09
  State    3:    0.9220954E+00 -  0.9220954E+00 =  0.2751531E-08
 
 Generating Lagrangian Gradients (Ana-Num=Diff)
   -0.2935023E+05 - -0.2935023E+05 =  0.2648449E-08
Lag:-0.4472748E+04-0.4469807E+04-0.4466868E+04-0.4463931E+04 0.4460995E+04 0.4458060E+04 0.4455128E+04 0.4452197E+04 0.4449268E+04
   displacement                     8  :  evaluating analytical gradients
 
 Generating Hd Numerical Gradients (Ana-Num=Diff)
 Diabatic Representation  : 
  Block(   1,   1):   0.2906037E+01 -  0.2906037E+01 =  0.3166795E-08
  Block(   1,   2):  -0.3168774E+00 - -0.3168774E+00 =  0.8303547E-09
  Block(   1,   3):   0.2532880E+00 -  0.2532880E+00 =  0.6393108E-11
  Block(   2,   2):   0.1346049E+01 -  0.1346049E+01 = -0.8556196E-09
  Block(   2,   3):   0.2590634E+00 -  0.2590634E+00 = -0.1231559E-10
  Block(   3,   3):  -0.1437885E+01 - -0.1437885E+01 =  0.4693173E-09
 Adiabatic Representation  : 
  State    1:    0.2956070E+01 -  0.2956070E+01 =  0.2937984E-08
  State    2:    0.1296310E+01 -  0.1296310E+01 = -0.6673593E-09
  State    3:   -0.1438179E+01 - -0.1438179E+01 =  0.4700573E-09
 
 Generating Lagrangian Gradients (Ana-Num=Diff)
   -0.3167706E+05 - -0.3167706E+05 = -0.1434091E-07
Lag:-0.7576764E+04-0.7573588E+04-0.7570415E+04-0.7567243E+04 0.7564074E+04 0.7560908E+04 0.7557744E+04 0.7554582E+04 0.7551423E+04
   displacement                     9  :  evaluating analytical gradients
 
 Generating Hd Numerical Gradients (Ana-Num=Diff)
 Diabatic Representation  : 
  Block(   1,   1):   0.1185029E+01 -  0.1185029E+01 = -0.2210862E-08
  Block(   1,   2):  -0.9484196E+00 - -0.9484196E+00 =  0.6629808E-09
  Block(   1,   3):   0.4122743E+00 -  0.4122743E+00 =  0.2001510E-10
  Block(   2,   2):  -0.3210209E+01 - -0.3210209E+01 = -0.5944689E-09
  Block(   2,   3):   0.4626937E-01 -  0.4626937E-01 =  0.2123392E-10
  Block(   3,   3):  -0.3984973E+01 - -0.3984973E+01 = -0.1791736E-08
 Adiabatic Representation  : 
  State    1:    0.1187039E+01 -  0.1187039E+01 = -0.2194833E-08
  State    2:   -0.4003607E+01 - -0.4003607E+01 = -0.1795496E-08
  State    3:   -0.3193585E+01 - -0.3193585E+01 = -0.6112444E-09
 
 Generating Lagrangian Gradients (Ana-Num=Diff)
    0.5934012E+05 -  0.5934012E+05 = -0.3042805E-07
Lag:-0.9024210E+04-0.9030140E+04-0.9036071E+04-0.9042003E+04 0.9047936E+04 0.9053871E+04 0.9059807E+04 0.9065744E+04 0.9071682E+04
   displacement                    10  :  evaluating analytical gradients
 
 Generating Hd Numerical Gradients (Ana-Num=Diff)
 Diabatic Representation  : 
  Block(   1,   1):   0.1078149E+01 -  0.1078149E+01 = -0.4067264E-09
  Block(   1,   2):   0.1465498E+00 -  0.1465498E+00 =  0.4951141E-09
  Block(   1,   3):   0.1934001E+00 -  0.1934001E+00 =  0.1044886E-11
  Block(   2,   2):   0.1194820E+01 -  0.1194820E+01 =  0.2021621E-09
  Block(   2,   3):   0.2685635E+00 -  0.2685635E+00 =  0.1862344E-11
  Block(   3,   3):  -0.1016331E+01 - -0.1016331E+01 =  0.5216212E-09
 Adiabatic Representation  : 
  State    1:    0.1108853E+01 -  0.1108853E+01 = -0.2829197E-09
  State    2:    0.1162243E+01 -  0.1162243E+01 =  0.9040368E-10
  State    3:   -0.1014459E+01 - -0.1014459E+01 =  0.5220675E-09
 
 Generating Lagrangian Gradients (Ana-Num=Diff)
   -0.4993560E+05 - -0.4993560E+05 = -0.2598244E-07
Lag:-0.9977890E+04-0.9972891E+04-0.9967894E+04-0.9962898E+04 0.9957904E+04 0.9952911E+04 0.9947920E+04 0.9942930E+04 0.9937942E+04
 Maximum relative error for Hd gradients:    0.00000%
 Maximum relative error for Lagrangian:    0.00000%
 
 Hd gradient and Lagrangian tests finished.
